Component: ARM Compiler 5.06 update 7 (build 960) Tool: armlink [4d3601]

==============================================================================

Section Cross References

    startup_stm32f407xx.o(RESET) refers to startup_stm32f407xx.o(STACK) for __initial_sp
    startup_stm32f407xx.o(RESET) refers to startup_stm32f407xx.o(.text) for Reset_Handler
    startup_stm32f407xx.o(RESET) refers to stm32f4xx_it.o(i.NMI_Handler) for NMI_Handler
    startup_stm32f407xx.o(RESET) refers to stm32f4xx_it.o(i.HardFault_Handler) for HardFault_Handler
    startup_stm32f407xx.o(RESET) refers to stm32f4xx_it.o(i.MemManage_Handler) for MemManage_Handler
    startup_stm32f407xx.o(RESET) refers to stm32f4xx_it.o(i.BusFault_Handler) for BusFault_Handler
    startup_stm32f407xx.o(RESET) refers to stm32f4xx_it.o(i.UsageFault_Handler) for UsageFault_Handler
    startup_stm32f407xx.o(RESET) refers to port.o(.emb_text) for SVC_Handler
    startup_stm32f407xx.o(RESET) refers to stm32f4xx_it.o(i.DebugMon_Handler) for DebugMon_Handler
    startup_stm32f407xx.o(RESET) refers to port.o(i.SysTick_Handler) for SysTick_Handler
    startup_stm32f407xx.o(RESET) refers to stm32f4xx_it.o(i.TIM2_IRQHandler) for TIM2_IRQHandler
    startup_stm32f407xx.o(RESET) refers to stm32f4xx_it.o(i.TIM3_IRQHandler) for TIM3_IRQHandler
    startup_stm32f407xx.o(RESET) refers to stm32f4xx_it.o(i.USART1_IRQHandler) for USART1_IRQHandler
    startup_stm32f407xx.o(RESET) refers to stm32f4xx_it.o(i.TIM7_IRQHandler) for TIM7_IRQHandler
    startup_stm32f407xx.o(RESET) refers to stm32f4xx_it.o(i.USART6_IRQHandler) for USART6_IRQHandler
    startup_stm32f407xx.o(.text) refers to system_stm32f4xx.o(i.SystemInit) for SystemInit
    startup_stm32f407xx.o(.text) refers to entry.o(.ARM.Collect$$$$00000000) for __main
    main.o(i.HAL_TIM_PeriodElapsedCallback) refers to stm32f4xx_hal.o(i.HAL_IncTick) for HAL_IncTick
    main.o(i.HAL_TIM_PeriodElapsedCallback) refers to tim.o(.bss) for htim3
    main.o(i.HAL_TIM_PeriodElapsedCallback) refers to modbus.o(.bss) for modbus
    main.o(i.SystemClock_Config) refers to memseta.o(.text) for __aeabi_memclr4
    main.o(i.SystemClock_Config) refers to stm32f4xx_hal_rcc.o(i.HAL_RCC_OscConfig) for HAL_RCC_OscConfig
    main.o(i.SystemClock_Config) refers to stm32f4xx_hal_rcc.o(i.HAL_RCC_ClockConfig) for HAL_RCC_ClockConfig
    main.o(i.main) refers to stm32f4xx_hal.o(i.HAL_Init) for HAL_Init
    main.o(i.main) refers to main.o(i.SystemClock_Config) for SystemClock_Config
    main.o(i.main) refers to gpio.o(i.MX_GPIO_Init) for MX_GPIO_Init
    main.o(i.main) refers to usart.o(i.MX_USART6_UART_Init) for MX_USART6_UART_Init
    main.o(i.main) refers to tim.o(i.MX_TIM2_Init) for MX_TIM2_Init
    main.o(i.main) refers to rtc.o(i.MX_RTC_Init) for MX_RTC_Init
    main.o(i.main) refers to tim.o(i.MX_TIM3_Init) for MX_TIM3_Init
    main.o(i.main) refers to usart.o(i.MX_USART1_UART_Init) for MX_USART1_UART_Init
    main.o(i.main) refers to stm32f4xx_hal_gpio.o(i.HAL_GPIO_WritePin) for HAL_GPIO_WritePin
    main.o(i.main) refers to modbus.o(i.Modbus_Init) for Modbus_Init
    main.o(i.main) refers to stm32f4xx_hal_uart.o(i.HAL_UART_Receive_IT) for HAL_UART_Receive_IT
    main.o(i.main) refers to freertos.o(i.MX_FREERTOS_Init) for MX_FREERTOS_Init
    main.o(i.main) refers to cmsis_os.o(i.osKernelStart) for osKernelStart
    main.o(i.main) refers to modbus.o(.data) for RES
    main.o(i.main) refers to usart.o(.bss) for huart1
    gpio.o(i.MX_GPIO_Init) refers to memseta.o(.text) for __aeabi_memclr4
    gpio.o(i.MX_GPIO_Init) refers to stm32f4xx_hal_gpio.o(i.HAL_GPIO_WritePin) for HAL_GPIO_WritePin
    gpio.o(i.MX_GPIO_Init) refers to stm32f4xx_hal_gpio.o(i.HAL_GPIO_Init) for HAL_GPIO_Init
    freertos.o(i.MX_FREERTOS_Init) refers to memcpya.o(.text) for __aeabi_memcpy4
    freertos.o(i.MX_FREERTOS_Init) refers to cmsis_os.o(i.osThreadCreate) for osThreadCreate
    freertos.o(i.MX_FREERTOS_Init) refers to freertos.o(.constdata) for .constdata
    freertos.o(i.MX_FREERTOS_Init) refers to freertos.o(.data) for .data
    freertos.o(i.Start_BOOT_Task) refers to cmsis_os.o(i.osDelay) for osDelay
    freertos.o(i.Start_LED_Task) refers to stm32f4xx_hal_gpio.o(i.HAL_GPIO_TogglePin) for HAL_GPIO_TogglePin
    freertos.o(i.Start_LED_Task) refers to cmsis_os.o(i.osDelay) for osDelay
    freertos.o(i.Start_Modbus_Task) refers to modbus.o(i.Modbus_Event) for Modbus_Event
    freertos.o(i.Start_Modbus_Task) refers to modbus.o(.bss) for modbus
    freertos.o(i.Start_PWR_Task) refers to cmsis_os.o(i.osDelay) for osDelay
    freertos.o(i.Start_PWR_Task) refers to pwr_on_off.o(i.PWR_ON_OFF) for PWR_ON_OFF
    freertos.o(i.vApplicationGetIdleTaskMemory) refers to freertos.o(.bss) for .bss
    freertos.o(.constdata) refers to freertos.o(.conststring) for .conststring
    freertos.o(.constdata) refers to freertos.o(i.Start_LED_Task) for Start_LED_Task
    freertos.o(.constdata) refers to freertos.o(i.Start_PWR_Task) for Start_PWR_Task
[...]
    ../clib/microlib/init/entry.s            0x00000000   Number         0  entry7b.o ABSOLUTE
    ../clib/microlib/init/entry.s            0x00000000   Number         0  entry10a.o ABSOLUTE
    ../clib/microlib/init/entry.s            0x00000000   Number         0  entry10b.o ABSOLUTE
    ../clib/microlib/init/entry.s            0x00000000   Number         0  entry11a.o ABSOLUTE
    ../clib/microlib/init/entry.s            0x00000000   Number         0  entry11b.o ABSOLUTE
    ../clib/microlib/init/entry.s            0x00000000   Number         0  entry12a.o ABSOLUTE
    ../clib/microlib/init/entry.s            0x00000000   Number         0  entry2.o ABSOLUTE
    ../clib/microlib/init/entry.s            0x00000000   Number         0  entry.o ABSOLUTE
    ../clib/microlib/init/entry.s            0x00000000   Number         0  entry12b.o ABSOLUTE
    ../clib/microlib/init/entry.s            0x00000000   Number         0  entry8b.o ABSOLUTE
    ../clib/microlib/longlong.c              0x00000000   Number         0  llsshr.o ABSOLUTE
    ../clib/microlib/longlong.c              0x00000000   Number         0  llushr.o ABSOLUTE
    ../clib/microlib/longlong.c              0x00000000   Number         0  llshl.o ABSOLUTE
    ../clib/microlib/printf/printf.c         0x00000000   Number         0  printf1.o ABSOLUTE
    ../clib/microlib/printf/printf.c         0x00000000   Number         0  printf0.o ABSOLUTE
    ../clib/microlib/printf/printf.c         0x00000000   Number         0  printfb.o ABSOLUTE
    ../clib/microlib/printf/printf.c         0x00000000   Number         0  printf7.o ABSOLUTE
    ../clib/microlib/printf/printf.c         0x00000000   Number         0  printf8.o ABSOLUTE
    ../clib/microlib/printf/printf.c         0x00000000   Number         0  printf3.o ABSOLUTE
    ../clib/microlib/printf/printf.c         0x00000000   Number         0  printf4.o ABSOLUTE
    ../clib/microlib/printf/printf.c         0x00000000   Number         0  printf2.o ABSOLUTE
    ../clib/microlib/printf/printf.c         0x00000000   Number         0  printf5.o ABSOLUTE
    ../clib/microlib/printf/printf.c         0x00000000   Number         0  printf6.o ABSOLUTE
    ../clib/microlib/printf/printf.c         0x00000000   Number         0  printfa.o ABSOLUTE
    ../clib/microlib/printf/stubs.s          0x00000000   Number         0  stubs.o ABSOLUTE
    ../clib/microlib/stdio/streams.c         0x00000000   Number         0  stdout.o ABSOLUTE
    ../clib/microlib/stdlib/rand.c           0x00000000   Number         0  rand.o ABSOLUTE
    ../clib/microlib/string/memcpy.c         0x00000000   Number         0  memcpyb.o ABSOLUTE
    ../clib/microlib/string/memcpy.c         0x00000000   Number         0  memcpya.o ABSOLUTE
    ../clib/microlib/string/memset.c         0x00000000   Number         0  memseta.o ABSOLUTE
    ../clib/microlib/string/memset.c         0x00000000   Number         0  memset.o ABSOLUTE
    ../clib/microlib/stubs.s                 0x00000000   Number         0  iusefp.o ABSOLUTE
    ../fplib/microlib/fpadd.c                0x00000000   Number         0  dadd.o ABSOLUTE
    ../fplib/microlib/fpdiv.c                0x00000000   Number         0  ddiv.o ABSOLUTE
    ../fplib/microlib/fpepilogue.c           0x00000000   Number         0  depilogue.o ABSOLUTE
    ../fplib/microlib/fpfix.c                0x00000000   Number         0  dfixul.o ABSOLUTE
    ../fplib/microlib/fpmul.c                0x00000000   Number         0  dmul.o ABSOLUTE
    ..\Core\Src\freertos.c                   0x00000000   Number         0  freertos.o ABSOLUTE
    ..\Core\Src\gpio.c                       0x00000000   Number         0  gpio.o ABSOLUTE
    ..\Core\Src\main.c                       0x00000000   Number         0  main.o ABSOLUTE
    ..\Core\Src\rtc.c                        0x00000000   Number         0  rtc.o ABSOLUTE
    ..\Core\Src\stm32f4xx_hal_msp.c          0x00000000   Number         0  stm32f4xx_hal_msp.o ABSOLUTE
    ..\Core\Src\stm32f4xx_hal_timebase_tim.c 0x00000000   Number         0  stm32f4xx_hal_timebase_tim.o ABSOLUTE
    ..\Core\Src\stm32f4xx_it.c               0x00000000   Number         0  stm32f4xx_it.o ABSOLUTE
    ..\Core\Src\system_stm32f4xx.c           0x00000000   Number         0  system_stm32f4xx.o ABSOLUTE
    ..\Core\Src\tim.c                        0x00000000   Number         0  tim.o ABSOLUTE
    ..\Core\Src\usart.c                      0x00000000   Number         0  usart.o ABSOLUTE
    ..\Drivers\STM32F4xx_HAL_Driver\Src\stm32f4xx_hal.c 0x00000000   Number         0  stm32f4xx_hal.o ABSOLUTE
    ..\Drivers\STM32F4xx_HAL_Driver\Src\stm32f4xx_hal_cortex.c 0x00000000   Number         0  stm32f4xx_hal_cortex.o ABSOLUTE
    ..\Drivers\STM32F4xx_HAL_Driver\Src\stm32f4xx_hal_dma.c 0x00000000   Number         0  stm32f4xx_hal_dma.o ABSOLUTE
    ..\Drivers\STM32F4xx_HAL_Driver\Src\stm32f4xx_hal_dma_ex.c 0x00000000   Number         0  stm32f4xx_hal_dma_ex.o ABSOLUTE
    ..\Drivers\STM32F4xx_HAL_Driver\Src\stm32f4xx_hal_exti.c 0x00000000   Number         0  stm32f4xx_hal_exti.o ABSOLUTE
    ..\Drivers\STM32F4xx_HAL_Driver\Src\stm32f4xx_hal_flash.c 0x00000000   Number         0  stm32f4xx_hal_flash.o ABSOLUTE
    ..\Drivers\STM32F4xx_HAL_Driver\Src\stm32f4xx_hal_flash_ex.c 0x00000000   Number         0  stm32f4xx_hal_flash_ex.o ABSOLUTE
    ..\Drivers\STM32F4xx_HAL_Driver\Src\stm32f4xx_hal_flash_ramfunc.c 0x00000000   Number         0  stm32f4xx_hal_flash_ramfunc.o ABSOLUTE
    ..\Drivers\STM32F4xx_HAL_Driver\Src\stm32f4xx_hal_gpio.c 0x00000000   Number         0  stm32f4xx_hal_gpio.o ABSOLUTE
    ..\Drivers\STM32F4xx_HAL_Driver\Src\stm32f4xx_hal_pwr.c 0x00000000   Number         0  stm32f4xx_hal_pwr.o ABSOLUTE
    ..\Drivers\STM32F4xx_HAL_Driver\Src\stm32f4xx_hal_pwr_ex.c 0x00000000   Number         0  stm32f4xx_hal_pwr_ex.o ABSOLUTE
    ..\Drivers\STM32F4xx_HAL_Driver\Src\stm32f4xx_hal_rcc.c 0x00000000   Number         0  stm32f4xx_hal_rcc.o ABSOLUTE
    ..\Drivers\STM32F4xx_HAL_Driver\Src\stm32f4xx_hal_rcc_ex.c 0x00000000   Number         0  stm32f4xx_hal_rcc_ex.o ABSOLUTE
    ..\Drivers\STM32F4xx_HAL_Driver\Src\stm32f4xx_hal_rtc.c 0x00000000   Number         0  stm32f4xx_hal_rtc.o ABSOLUTE
    ..\Drivers\STM32F4xx_HAL_Driver\Src\stm32f4xx_hal_rtc_ex.c 0x00000000   Number         0  stm32f4xx_hal_rtc_ex.o ABSOLUTE
    ..\Drivers\STM32F4xx_HAL_Driver\Src\stm32f4xx_hal_tim.c 0x00000000   Number         0  stm32f4xx_hal_tim.o ABSOLUTE
    ..\Drivers\STM32F4xx_HAL_Driver\Src\stm32f4xx_hal_tim_ex.c 0x00000000   Number         0  stm32f4xx_hal_tim_ex.o ABSOLUTE
    ..\Drivers\STM32F4xx_HAL_Driver\Src\stm32f4xx_hal_uart.c 0x00000000   Number         0  stm32f4xx_hal_uart.o ABSOLUTE
    ..\HARDWARE\DHT11\DHT11.c                0x00000000   Number         0  dht11.o ABSOLUTE
    ..\HARDWARE\KEY\key.c                    0x00000000   Number         0  key.o ABSOLUTE
    ..\HARDWARE\MENU\menu.c                  0x00000000   Number         0  menu.o ABSOLUTE
    ..\HARDWARE\OLED\oled.c                  0x00000000   Number         0  oled.o ABSOLUTE
    ..\HARDWARE\PWR_ON_OFF\PWR_ON_OFF.C      0x00000000   Number         0  pwr_on_off.o ABSOLUTE
    ..\HARDWARE\control\control.c            0x00000000   Number         0  control.o ABSOLUTE
    ..\HARDWARE\dinogame\dinogame.c          0x00000000   Number         0  dinogame.o ABSOLUTE
    ..\HARDWARE\modbus\modbus.C              0x00000000   Number         0  modbus.o ABSOLUTE
    ..\HARDWARE\modbus\modbus_crc.c          0x00000000   Number         0  modbus_crc.o ABSOLUTE
    ..\Middlewares\Third_Party\FreeRTOS\Source\CMSIS_RTOS\cmsis_os.c 0x00000000   Number         0  cmsis_os.o ABSOLUTE
    ..\Middlewares\Third_Party\FreeRTOS\Source\portable\RVDS\ARM_CM4F\port.c 0x00000000   Number         0  port.o ABSOLUTE
    ..\SYSTEM\delay\delay.c                  0x00000000   Number         0  delay.o ABSOLUTE
    ..\SYSTEM\sys\sys.c                      0x00000000   Number         0  sys.o ABSOLUTE
    ..\\HARDWARE\\DHT11\\DHT11.c             0x00000000   Number         0  dht11.o ABSOLUTE
    ..\\HARDWARE\\KEY\\key.c                 0x00000000   Number         0  key.o ABSOLUTE
    ..\\HARDWARE\\MENU\\menu.c               0x00000000   Number         0  menu.o ABSOLUTE
    ..\\HARDWARE\\OLED\\oled.c               0x00000000   Number         0  oled.o ABSOLUTE
    ..\\HARDWARE\\PWR_ON_OFF\\PWR_ON_OFF.C   0x00000000   Number         0  pwr_on_off.o ABSOLUTE
    ..\\HARDWARE\\control\\control.c         0x00000000   Number         0  control.o ABSOLUTE
    ..\\HARDWARE\\dinogame\\dinogame.c       0x00000000   Number         0  dinogame.o ABSOLUTE
    ..\\HARDWARE\\modbus\\modbus.C           0x00000000   Number         0  modbus.o ABSOLUTE
    ..\\HARDWARE\\modbus\\modbus_crc.c       0x00000000   Number         0  modbus_crc.o ABSOLUTE
    ..\\SYSTEM\\delay\\delay.c               0x00000000   Number         0  delay.o ABSOLUTE
    ..\\SYSTEM\\sys\\sys.c                   0x00000000   Number         0  sys.o ABSOLUTE
    cdrcmple.s                               0x00000000   Number         0  cdrcmple.o ABSOLUTE
    dc.s                                     0x00000000   Number         0  dc.o ABSOLUTE
    handlers.s                               0x00000000   Number         0  handlers.o ABSOLUTE
    init.s                                   0x00000000   Number         0  init.o ABSOLUTE
    startup_stm32f407xx.s                    0x00000000   Number         0  startup_stm32f407xx.o ABSOLUTE
    RESET                                    0x08000000   Section      392  startup_stm32f407xx.o(RESET)
    .ARM.Collect$$$$00000000                 0x08000188   Section        0  entry.o(.ARM.Collect$$$$00000000)
    .ARM.Collect$$$$00000001                 0x08000188   Section        4  entry2.o(.ARM.Collect$$$$00000001)
    .ARM.Collect$$$$00000004                 0x0800018c   Section        4  entry5.o(.ARM.Collect$$$$00000004)
    .ARM.Collect$$$$00000008                 0x08000190   Section        0  entry7b.o(.ARM.Collect$$$$00000008)
    .ARM.Collect$$$$0000000A                 0x08000190   Section        0  entry8b.o(.ARM.Collect$$$$0000000A)
    .ARM.Collect$$$$0000000B                 0x08000190   Section        8  entry9a.o(.ARM.Collect$$$$0000000B)
    .ARM.Collect$$$$0000000E                 0x08000198   Section        4  entry12b.o(.ARM.Collect$$$$0000000E)
    .ARM.Collect$$$$0000000F                 0x0800019c   Section        0  entry10a.o(.ARM.Collect$$$$0000000F)
    .ARM.Collect$$$$00000011                 0x0800019c   Section        0  entry11a.o(.ARM.Collect$$$$00000011)
    .ARM.Collect$$$$00002712                 0x0800019c   Section        4  entry2.o(.ARM.Collect$$$$00002712)
    __lit__00000000                          0x0800019c   Data           4  entry2.o(.ARM.Collect$$$$00002712)
    .emb_text                                0x080001a0   Section      190  port.o(.emb_text)
    $v0                                      0x080001a0   Number         0  port.o(.emb_text)
    .text                                    0x08000260   Section       36  startup_stm32f407xx.o(.text)
    $v0                                      0x08000260   Number         0  startup_stm32f407xx.o(.text)
    .text                                    0x08000284   Section        0  uldiv.o(.text)
    .text                                    0x080002e6   Section        0  memcpya.o(.text)
    .text                                    0x0800030a   Section        0  memseta.o(.text)
    .text                                    0x0800032e   Section        0  uidiv.o(.text)
    .text                                    0x0800035a   Section        0  llshl.o(.text)
    .text                                    0x08000378   Section        0  llushr.o(.text)
    .text                                    0x08000398   Section       36  init.o(.text)
    i.BusFault_Handler                       0x080003bc   Section        0  stm32f4xx_it.o(i.BusFault_Handler)
    i.DebugMon_Handler                       0x080003be   Section        0  stm32f4xx_it.o(i.DebugMon_Handler)
    i.Error_Handler                          0x080003c0   Section        0  main.o(i.Error_Handler)
    i.HAL_DMA_Abort                          0x080003c4   Section        0  stm32f4xx_hal_dma.o(i.HAL_DMA_Abort)
    i.HAL_DMA_Abort_IT                       0x08000456   Section        0  stm32f4xx_hal_dma.o(i.HAL_DMA_Abort_IT)
    i.HAL_Delay                              0x0800047c   Section        0  stm32f4xx_hal.o(i.HAL_Delay)
    i.HAL_GPIO_Init                          0x080004a0   Section        0  stm32f4xx_hal_gpio.o(i.HAL_GPIO_Init)
    i.HAL_GPIO_ReadPin                       0x08000690   Section        0  stm32f4xx_hal_gpio.o(i.HAL_GPIO_ReadPin)
    i.HAL_GPIO_TogglePin                     0x0800069a   Section        0  stm32f4xx_hal_gpio.o(i.HAL_GPIO_TogglePin)
    i.HAL_GPIO_WritePin                      0x080006aa   Section        0  stm32f4xx_hal_gpio.o(i.HAL_GPIO_WritePin)
    i.HAL_GetTick                            0x080006b4   Section        0  stm32f4xx_hal.o(i.HAL_GetTick)
    i.HAL_IncTick                            0x080006c0   Section        0  stm32f4xx_hal.o(i.HAL_IncTick)
    i.HAL_Init                               0x080006d0   Section        0  stm32f4xx_hal.o(i.HAL_Init)
    i.HAL_InitTick                           0x08000704   Section        0  stm32f4xx_hal_timebase_tim.o(i.HAL_InitTick)
    i.HAL_MspInit                            0x0800079c   Section        0  stm32f4xx_hal_msp.o(i.HAL_MspInit)
    i.HAL_NVIC_EnableIRQ                     0x080007d4   Section        0  stm32f4xx_hal_cortex.o(i.HAL_NVIC_EnableIRQ)
    i.HAL_NVIC_SetPriority                   0x080007f0   Section        0  stm32f4xx_hal_cortex.o(i.HAL_NVIC_SetPriority)
    i.HAL_NVIC_SetPriorityGrouping           0x08000830   Section        0  stm32f4xx_hal_cortex.o(i.HAL_NVIC_SetPriorityGrouping)
    i.HAL_RCCEx_PeriphCLKConfig              0x08000854   Section        0  stm32f4xx_hal_rcc_ex.o(i.HAL_RCCEx_PeriphCLKConfig)
    i.HAL_RCC_ClockConfig                    0x08000990   Section        0  stm32f4xx_hal_rcc.o(i.HAL_RCC_ClockConfig)
    i.HAL_RCC_GetClockConfig                 0x08000ac4   Section        0  stm32f4xx_hal_rcc.o(i.HAL_RCC_GetClockConfig)
    i.HAL_RCC_GetPCLK1Freq                   0x08000b04   Section        0  stm32f4xx_hal_rcc.o(i.HAL_RCC_GetPCLK1Freq)
    i.HAL_RCC_GetPCLK2Freq                   0x08000b24   Section        0  stm32f4xx_hal_rcc.o(i.HAL_RCC_GetPCLK2Freq)
    i.HAL_RCC_GetSysClockFreq                0x08000b44   Section        0  stm32f4xx_hal_rcc.o(i.HAL_RCC_GetSysClockFreq)
    i.HAL_RCC_OscConfig                      0x08000ba4   Section        0  stm32f4xx_hal_rcc.o(i.HAL_RCC_OscConfig)
    i.HAL_RTCEx_SetWakeUpTimer               0x08000f10   Section        0  stm32f4xx_hal_rtc_ex.o(i.HAL_RTCEx_SetWakeUpTimer)
    i.HAL_RTC_Init                           0x08000fe4   Section        0  stm32f4xx_hal_rtc.o(i.HAL_RTC_Init)
    i.HAL_RTC_MspInit                        0x08001080   Section        0  rtc.o(i.HAL_RTC_MspInit)
    i.HAL_RTC_SetDate                        0x080010b8   Section        0  stm32f4xx_hal_rtc.o(i.HAL_RTC_SetDate)
    i.HAL_RTC_SetTime                        0x08001150   Section        0  stm32f4xx_hal_rtc.o(i.HAL_RTC_SetTime)
    i.HAL_RTC_WaitForSynchro                 0x08001210   Section        0  stm32f4xx_hal_rtc.o(i.HAL_RTC_WaitForSynchro)
    i.HAL_TIMEx_BreakCallback                0x08001248   Section        0  stm32f4xx_hal_tim_ex.o(i.HAL_TIMEx_BreakCallback)
    i.HAL_TIMEx_CommutCallback               0x0800124a   Section        0  stm32f4xx_hal_tim_ex.o(i.HAL_TIMEx_CommutCallback)
    i.HAL_TIMEx_MasterConfigSynchronization  0x0800124c   Section        0  stm32f4xx_hal_tim_ex.o(i.HAL_TIMEx_MasterConfigSynchronization)
    i.HAL_TIM_Base_Init                      0x080012dc   Section        0  stm32f4xx_hal_tim.o(i.HAL_TIM_Base_Init)
    i.HAL_TIM_Base_MspInit                   0x08001338   Section        0  tim.o(i.HAL_TIM_Base_MspInit)
    i.HAL_TIM_Base_Start_IT                  0x08001398   Section        0  stm32f4xx_hal_tim.o(i.HAL_TIM_Base_Start_IT)
    i.HAL_TIM_ConfigClockSource              0x08001418   Section        0  stm32f4xx_hal_tim.o(i.HAL_TIM_ConfigClockSource)
    i.HAL_TIM_IC_CaptureCallback             0x080014f4   Section        0  stm32f4xx_hal_tim.o(i.HAL_TIM_IC_CaptureCallback)
    i.HAL_TIM_IRQHandler                     0x080014f6   Section        0  stm32f4xx_hal_tim.o(i.HAL_TIM_IRQHandler)
    i.HAL_TIM_OC_DelayElapsedCallback        0x08001626   Section        0  stm32f4xx_hal_tim.o(i.HAL_TIM_OC_DelayElapsedCallback)
    i.HAL_TIM_PWM_PulseFinishedCallback      0x08001628   Section        0  stm32f4xx_hal_tim.o(i.HAL_TIM_PWM_PulseFinishedCallback)
    i.HAL_TIM_PeriodElapsedCallback          0x0800162c   Section        0  main.o(i.HAL_TIM_PeriodElapsedCallback)
    i.HAL_TIM_TriggerCallback                0x0800168c   Section        0  stm32f4xx_hal_tim.o(i.HAL_TIM_TriggerCallback)
    i.HAL_UARTEx_RxEventCallback             0x0800168e   Section        0  stm32f4xx_hal_uart.o(i.HAL_UARTEx_RxEventCallback)
    i.HAL_UART_ErrorCallback                 0x08001690   Section        0  stm32f4xx_hal_uart.o(i.HAL_UART_ErrorCallback)
    i.HAL_UART_IRQHandler                    0x08001694   Section        0  stm32f4xx_hal_uart.o(i.HAL_UART_IRQHandler)
    i.HAL_UART_Init                          0x08001904   Section        0  stm32f4xx_hal_uart.o(i.HAL_UART_Init)
    i.HAL_UART_MspInit                       0x08001968   Section        0  usart.o(i.HAL_UART_MspInit)
    i.HAL_UART_Receive_IT                    0x08001a30   Section        0  stm32f4xx_hal_uart.o(i.HAL_UART_Receive_IT)
    i.HAL_UART_RxCpltCallback                0x08001a4c   Section        0  stm32f4xx_hal_uart.o(i.HAL_UART_RxCpltCallback)
    i.HAL_UART_Transmit                      0x08001a4e   Section        0  stm32f4xx_hal_uart.o(i.HAL_UART_Transmit)
    i.HAL_UART_TxCpltCallback                0x08001aee   Section        0  stm32f4xx_hal_uart.o(i.HAL_UART_TxCpltCallback)
    i.HardFault_Handler                      0x08001af0   Section        0  stm32f4xx_it.o(i.HardFault_Handler)
    i.MX_FREERTOS_Init                       0x08001af4   Section        0  freertos.o(i.MX_FREERTOS_Init)
    i.MX_GPIO_Init                           0x08001b5c   Section        0  gpio.o(i.MX_GPIO_Init)
    i.MX_RTC_Init                            0x08001c5c   Section        0  rtc.o(i.MX_RTC_Init)
    i.MX_TIM2_Init                           0x08001cf0   Section        0  tim.o(i.MX_TIM2_Init)
    i.MX_TIM3_Init                           0x08001d54   Section        0  tim.o(i.MX_TIM3_Init)
    i.MX_USART1_UART_Init                    0x08001dc0   Section        0  usart.o(i.MX_USART1_UART_Init)
    i.MX_USART6_UART_Init                    0x08001df8   Section        0  usart.o(i.MX_USART6_UART_Init)
    i.MemManage_Handler                      0x08001e30   Section        0  stm32f4xx_it.o(i.MemManage_Handler)
    i.Modbus_CRC16                           0x08001e34   Section        0  modbus_crc.o(i.Modbus_CRC16)
    i.Modbus_Event                           0x08001e60   Section        0  modbus.o(i.Modbus_Event)
    i.Modbus_Func16                          0x08001ed0   Section        0  modbus.o(i.Modbus_Func16)
    i.Modbus_Func3                           0x08001f68   Section        0  modbus.o(i.Modbus_Func3)
    i.Modbus_Func6                           0x08002018   Section        0  modbus.o(i.Modbus_Func6)
    i.Modbus_Init                            0x08002094   Section        0  modbus.o(i.Modbus_Init)
    i.Modbus_Send_Byte                       0x080020ac   Section        0  usart.o(i.Modbus_Send_Byte)
    i.NMI_Handler                            0x080020c0   Section        0  stm32f4xx_it.o(i.NMI_Handler)
    i.PWR_ON_OFF                             0x080020c4   Section        0  pwr_on_off.o(i.PWR_ON_OFF)
    i.RTC_ByteToBcd2                         0x08002100   Section        0  stm32f4xx_hal_rtc.o(i.RTC_ByteToBcd2)
    i.RTC_EnterInitMode                      0x08002118   Section        0  stm32f4xx_hal_rtc.o(i.RTC_EnterInitMode)
    i.RTC_ExitInitMode                       0x08002160   Section        0  stm32f4xx_hal_rtc.o(i.RTC_ExitInitMode)
    i.Start_BOOT_Task                        0x0800218a   Section        0  freertos.o(i.Start_BOOT_Task)
    i.Start_LED_Task                         0x08002194   Section        0  freertos.o(i.Start_LED_Task)
    i.Start_Modbus_Task                      0x080021b8   Section        0  freertos.o(i.Start_Modbus_Task)
    i.Start_PWR_Task                         0x080021d0   Section        0  freertos.o(i.Start_PWR_Task)
    i.SysTick_Handler                        0x080021e0   Section        0  port.o(i.SysTick_Handler)
    i.SystemClock_Config                     0x0800220c   Section        0  main.o(i.SystemClock_Config)
    i.SystemInit                             0x080022a0   Section        0  system_stm32f4xx.o(i.SystemInit)
    i.TIM2_IRQHandler                        0x080022b0   Section        0  stm32f4xx_it.o(i.TIM2_IRQHandler)
    i.TIM3_IRQHandler                        0x080022bc   Section        0  stm32f4xx_it.o(i.TIM3_IRQHandler)
    i.TIM7_IRQHandler                        0x080022c8   Section        0  stm32f4xx_it.o(i.TIM7_IRQHandler)
    i.TIM_Base_SetConfig                     0x080022d4   Section        0  stm32f4xx_hal_tim.o(i.TIM_Base_SetConfig)
    i.TIM_ETR_SetConfig                      0x080023ac   Section        0  stm32f4xx_hal_tim.o(i.TIM_ETR_SetConfig)
    i.TIM_ITRx_SetConfig                     0x080023c0   Section        0  stm32f4xx_hal_tim.o(i.TIM_ITRx_SetConfig)
    TIM_ITRx_SetConfig                       0x080023c1   Thumb Code    16  stm32f4xx_hal_tim.o(i.TIM_ITRx_SetConfig)
    i.TIM_TI1_ConfigInputStage               0x080023d0   Section        0  stm32f4xx_hal_tim.o(i.TIM_TI1_ConfigInputStage)
    TIM_TI1_ConfigInputStage                 0x080023d1   Thumb Code    34  stm32f4xx_hal_tim.o(i.TIM_TI1_ConfigInputStage)
    i.TIM_TI2_ConfigInputStage               0x080023f2   Section        0  stm32f4xx_hal_tim.o(i.TIM_TI2_ConfigInputStage)
    TIM_TI2_ConfigInputStage                 0x080023f3   Thumb Code    36  stm32f4xx_hal_tim.o(i.TIM_TI2_ConfigInputStage)
    i.UART_DMAAbortOnError                   0x08002416   Section        0  stm32f4xx_hal_uart.o(i.UART_DMAAbortOnError)
    UART_DMAAbortOnError                     0x08002417   Thumb Code    16  stm32f4xx_hal_uart.o(i.UART_DMAAbortOnError)
    i.UART_EndRxTransfer                     0x08002426   Section        0  stm32f4xx_hal_uart.o(i.UART_EndRxTransfer)
    UART_EndRxTransfer                       0x08002427   Thumb Code    78  stm32f4xx_hal_uart.o(i.UART_EndRxTransfer)
    i.UART_Receive_IT                        0x08002474   Section        0  stm32f4xx_hal_uart.o(i.UART_Receive_IT)
    UART_Receive_IT                          0x08002475   Thumb Code   194  stm32f4xx_hal_uart.o(i.UART_Receive_IT)
    i.UART_SetConfig                         0x08002538   Section        0  stm32f4xx_hal_uart.o(i.UART_SetConfig)
    UART_SetConfig                           0x08002539   Thumb Code   258  stm32f4xx_hal_uart.o(i.UART_SetConfig)
    i.UART_Start_Receive_IT                  0x08002644   Section        0  stm32f4xx_hal_uart.o(i.UART_Start_Receive_IT)
    i.UART_WaitOnFlagUntilTimeout            0x0800267a   Section        0  stm32f4xx_hal_uart.o(i.UART_WaitOnFlagUntilTimeout)
    UART_WaitOnFlagUntilTimeout              0x0800267b   Thumb Code   114  stm32f4xx_hal_uart.o(i.UART_WaitOnFlagUntilTimeout)
    i.USART1_IRQHandler                      0x080026ec   Section        0  stm32f4xx_it.o(i.USART1_IRQHandler)
    i.USART6_IRQHandler                      0x08002740   Section        0  stm32f4xx_it.o(i.USART6_IRQHandler)
    i.UsageFault_Handler                     0x0800274c   Section        0  stm32f4xx_it.o(i.UsageFault_Handler)
    i.__0printf$1                            0x08002750   Section        0  printf1.o(i.__0printf$1)
    i.__NVIC_SetPriority                     0x08002770   Section        0  stm32f4xx_hal_cortex.o(i.__NVIC_SetPriority)
    __NVIC_SetPriority                       0x08002771   Thumb Code    32  stm32f4xx_hal_cortex.o(i.__NVIC_SetPriority)
    i.__scatterload_copy                     0x08002790   Section       14  handlers.o(i.__scatterload_copy)
    i.__scatterload_null                     0x0800279e   Section        2  handlers.o(i.__scatterload_null)
    i.__scatterload_zeroinit                 0x080027a0   Section       14  handlers.o(i.__scatterload_zeroinit)
    i._printf_core                           0x080027b0   Section        0  printf1.o(i._printf_core)
    _printf_core                             0x080027b1   Thumb Code   336  printf1.o(i._printf_core)
    i.fputc                                  0x08002904   Section        0  usart.o(i.fputc)
    i.main                                   0x0800291c   Section        0  main.o(i.main)
    i.makeFreeRtosPriority                   0x0800296c   Section        0  cmsis_os.o(i.makeFreeRtosPriority)
    makeFreeRtosPriority                     0x0800296d   Thumb Code    12  cmsis_os.o(i.makeFreeRtosPriority)
    i.osDelay                                0x08002978   Section        0  cmsis_os.o(i.osDelay)
    i.osKernelStart                          0x08002986   Section        0  cmsis_os.o(i.osKernelStart)
    i.osThreadCreate                         0x08002990   Section        0  cmsis_os.o(i.osThreadCreate)
    i.prvAddCurrentTaskToDelayedList         0x080029e4   Section        0  tasks.o(i.prvAddCurrentTaskToDelayedList)
    prvAddCurrentTaskToDelayedList           0x080029e5   Thumb Code   102  tasks.o(i.prvAddCurrentTaskToDelayedList)
    i.prvAddNewTaskToReadyList               0x08002a54   Section        0  tasks.o(i.prvAddNewTaskToReadyList)
    prvAddNewTaskToReadyList                 0x08002a55   Thumb Code   194  tasks.o(i.prvAddNewTaskToReadyList)
    i.prvDeleteTCB                           0x08002b24   Section        0  tasks.o(i.prvDeleteTCB)
    prvDeleteTCB                             0x08002b25   Thumb Code    52  tasks.o(i.prvDeleteTCB)
    i.prvHeapInit                            0x08002b58   Section        0  heap_4.o(i.prvHeapInit)
    prvHeapInit                              0x08002b59   Thumb Code    66  heap_4.o(i.prvHeapInit)
    i.prvIdleTask                            0x08002ba4   Section        0  tasks.o(i.prvIdleTask)
    prvIdleTask                              0x08002ba5   Thumb Code    82  tasks.o(i.prvIdleTask)
    i.prvInitialiseNewTask                   0x08002c04   Section        0  tasks.o(i.prvInitialiseNewTask)
    prvInitialiseNewTask                     0x08002c05   Thumb Code   152  tasks.o(i.prvInitialiseNewTask)
    i.prvInsertBlockIntoFreeList             0x08002c9c   Section        0  heap_4.o(i.prvInsertBlockIntoFreeList)
    prvInsertBlockIntoFreeList               0x08002c9d   Thumb Code    72  heap_4.o(i.prvInsertBlockIntoFreeList)
    i.prvResetNextTaskUnblockTime            0x08002ce8   Section        0  tasks.o(i.prvResetNextTaskUnblockTime)
    prvResetNextTaskUnblockTime              0x08002ce9   Thumb Code    26  tasks.o(i.prvResetNextTaskUnblockTime)
    i.prvTaskExitError                       0x08002d08   Section        0  port.o(i.prvTaskExitError)
    prvTaskExitError                         0x08002d09   Thumb Code    36  port.o(i.prvTaskExitError)
    i.pvPortMalloc                           0x08002d30   Section        0  heap_4.o(i.pvPortMalloc)
    i.pxPortInitialiseStack                  0x08002e0c   Section        0  port.o(i.pxPortInitialiseStack)
    i.uxListRemove                           0x08002e38   Section        0  list.o(i.uxListRemove)
    i.vApplicationGetIdleTaskMemory          0x08002e60   Section        0  freertos.o(i.vApplicationGetIdleTaskMemory)
    i.vListInitialise                        0x08002e74   Section        0  list.o(i.vListInitialise)
    i.vListInitialiseItem                    0x08002e8a   Section        0  list.o(i.vListInitialiseItem)
    i.vListInsert                            0x08002e90   Section        0  list.o(i.vListInsert)
    i.vListInsertEnd                         0x08002ec0   Section        0  list.o(i.vListInsertEnd)
    i.vPortEnterCritical                     0x08002ed8   Section        0  port.o(i.vPortEnterCritical)
    i.vPortExitCritical                      0x08002f18   Section        0  port.o(i.vPortExitCritical)
    i.vPortFree                              0x08002f40   Section        0  heap_4.o(i.vPortFree)
    i.vPortSetupTimerInterrupt               0x08002fa4   Section        0  port.o(i.vPortSetupTimerInterrupt)
    i.vTaskDelay                             0x08002fc8   Section        0  tasks.o(i.vTaskDelay)
    i.vTaskStartScheduler                    0x08003014   Section        0  tasks.o(i.vTaskStartScheduler)
    i.vTaskSuspendAll                        0x08003080   Section        0  tasks.o(i.vTaskSuspendAll)
    i.vTaskSwitchContext                     0x08003090   Section        0  tasks.o(i.vTaskSwitchContext)
    i.xPortStartScheduler                    0x080030ec   Section        0  port.o(i.xPortStartScheduler)
    i.xTaskCreate                            0x080031e0   Section        0  tasks.o(i.xTaskCreate)
    i.xTaskCreateStatic                      0x0800323a   Section        0  tasks.o(i.xTaskCreateStatic)
    i.xTaskIncrementTick                     0x08003290   Section        0  tasks.o(i.xTaskIncrementTick)
    i.xTaskResumeAll                         0x0800335c   Section        0  tasks.o(i.xTaskResumeAll)
    .constdata                               0x08003420   Section      112  freertos.o(.constdata)
    .constdata                               0x08003490   Section       16  system_stm32f4xx.o(.constdata)
    .constdata                               0x080034a0   Section        8  system_stm32f4xx.o(.constdata)
    .constdata                               0x080034a8   Section      512  modbus_crc.o(.constdata)
    .conststring                             0x080036a8   Section       48  freertos.o(.conststring)
    .data                                    0x20000000   Section       16  freertos.o(.data)
    .data                                    0x20000010   Section       12  stm32f4xx_hal.o(.data)
    .data                                    0x2000001c   Section        4  system_stm32f4xx.o(.data)
    .data                                    0x20000020   Section       60  tasks.o(.data)
    uxDeletedTasksWaitingCleanUp             0x20000024   Data           4  tasks.o(.data)
    uxCurrentNumberOfTasks                   0x20000028   Data           4  tasks.o(.data)
    xTickCount                               0x2000002c   Data           4  tasks.o(.data)
    uxTopReadyPriority                       0x20000030   Data           4  tasks.o(.data)
    xSchedulerRunning                        0x20000034   Data           4  tasks.o(.data)
    xPendedTicks                             0x20000038   Data           4  tasks.o(.data)
    xYieldPending                            0x2000003c   Data           4  tasks.o(.data)
    xNumOfOverflows                          0x20000040   Data           4  tasks.o(.data)
    uxTaskNumber                             0x20000044   Data           4  tasks.o(.data)
    xNextTaskUnblockTime                     0x20000048   Data           4  tasks.o(.data)
    xIdleTaskHandle                          0x2000004c   Data           4  tasks.o(.data)
    uxSchedulerSuspended                     0x20000050   Data           4  tasks.o(.data)
    pxDelayedTaskList                        0x20000054   Data           4  tasks.o(.data)
    pxOverflowDelayedTaskList                0x20000058   Data           4  tasks.o(.data)
    .data                                    0x2000005c   Section       32  heap_4.o(.data)
    pxEnd                                    0x2000005c   Data           4  heap_4.o(.data)
    xFreeBytesRemaining                      0x20000060   Data           4  heap_4.o(.data)
    xMinimumEverFreeBytesRemaining           0x20000064   Data           4  heap_4.o(.data)
    xNumberOfSuccessfulAllocations           0x20000068   Data           4  heap_4.o(.data)
    xNumberOfSuccessfulFrees                 0x2000006c   Data           4  heap_4.o(.data)
    xBlockAllocatedBit                       0x20000070   Data           4  heap_4.o(.data)
    xStart                                   0x20000074   Data           8  heap_4.o(.data)
    .data                                    0x2000007c   Section       12  port.o(.data)
    ucMaxSysCallPriority                     0x2000007c   Data           1  port.o(.data)
    uxCriticalNesting                        0x20000080   Data           4  port.o(.data)
    ulMaxPRIGROUPValue                       0x20000084   Data           4  port.o(.data)
    .data                                    0x20000088   Section       16  modbus.o(.data)
    .data                                    0x20000098   Section        1  modbus.o(.data)
    .data                                    0x2000009c   Section        4  stdout.o(.data)
    .bss                                     0x200000a0   Section      596  freertos.o(.bss)
    xIdleTaskTCBBuffer                       0x200000a0   Data          84  freertos.o(.bss)
    xIdleStack                               0x200000f4   Data         512  freertos.o(.bss)
    .bss                                     0x200002f4   Section       32  rtc.o(.bss)
    .bss                                     0x20000314   Section      144  tim.o(.bss)
    .bss                                     0x200003a4   Section      144  usart.o(.bss)
    .bss                                     0x20000434   Section       72  stm32f4xx_hal_timebase_tim.o(.bss)
    .bss                                     0x2000047c   Section      240  tasks.o(.bss)
    pxReadyTasksLists                        0x2000047c   Data         140  tasks.o(.bss)
    xDelayedTaskList1                        0x20000508   Data          20  tasks.o(.bss)
    xDelayedTaskList2                        0x2000051c   Data          20  tasks.o(.bss)
    xPendingReadyList                        0x20000530   Data          20  tasks.o(.bss)
    xTasksWaitingTermination                 0x20000544   Data          20  tasks.o(.bss)
    xSuspendedTaskList                       0x20000558   Data          20  tasks.o(.bss)
    .bss                                     0x2000056c   Section    15360  heap_4.o(.bss)
    ucHeap                                   0x2000056c   Data       15360  heap_4.o(.bss)
    .bss                                     0x2000416c   Section      236  modbus.o(.bss)
    STACK                                    0x20004258   Section     1024  startup_stm32f407xx.o(STACK)

    Global Symbols

    Symbol Name                              Value     Ov Type        Size  Object(Section)

    BuildAttributes$$THM_ISAv4$E$P$D$K$B$S$7EM$VFPi3$EXTD16$VFPS$VFMA$PE$A:L22UL41UL21$X:L11$S22US41US21$IEEE1$IW$USESV6$~STKCKD$USESV7$~SHL$OSPACE$ROPI$EBA8$MICROLIB$REQ8$PRES8$EABIv2 0x00000000   Number         0  anon$$obj.o ABSOLUTE
    __ARM_use_no_argv                        0x00000000   Number         0  main.o ABSOLUTE
    _printf_a                                0x00000000   Number         0  stubs.o ABSOLUTE
    _printf_c                                0x00000000   Number         0  stubs.o ABSOLUTE
    _printf_charcount                        0x00000000   Number         0  stubs.o ABSOLUTE
    _printf_d                                0x00000000   Number         0  stubs.o ABSOLUTE
    _printf_e                                0x00000000   Number         0  stubs.o ABSOLUTE
    _printf_f                                0x00000000   Number         0  stubs.o ABSOLUTE
    _printf_flags                            0x00000000   Number         0  stubs.o ABSOLUTE
    _printf_fp_dec                           0x00000000   Number         0  stubs.o ABSOLUTE
    _printf_fp_hex                           0x00000000   Number         0  stubs.o ABSOLUTE
    _printf_g                                0x00000000   Number         0  stubs.o ABSOLUTE
    _printf_i                                0x00000000   Number         0  stubs.o ABSOLUTE
    _printf_int_dec                          0x00000000   Number         0  stubs.o ABSOLUTE
    _printf_l                                0x00000000   Number         0  stubs.o ABSOLUTE
    _printf_lc                               0x00000000   Number         0  stubs.o ABSOLUTE
    _printf_ll                               0x00000000   Number         0  stubs.o ABSOLUTE
    _printf_lld                              0x00000000   Number         0  stubs.o ABSOLUTE
    _printf_lli                              0x00000000   Number         0  stubs.o ABSOLUTE
    _printf_llo                              0x00000000   Number         0  stubs.o ABSOLUTE
    _printf_llu                              0x00000000   Number         0  stubs.o ABSOLUTE
    _printf_llx                              0x00000000   Number         0  stubs.o ABSOLUTE
    _printf_longlong_dec                     0x00000000   Number         0  stubs.o ABSOLUTE
    _printf_longlong_hex                     0x00000000   Number         0  stubs.o ABSOLUTE
    _printf_longlong_oct                     0x00000000   Number         0  stubs.o ABSOLUTE
    _printf_ls                               0x00000000   Number         0  stubs.o ABSOLUTE
    _printf_mbtowc                           0x00000000   Number         0  stubs.o ABSOLUTE
    _printf_n                                0x00000000   Number         0  stubs.o ABSOLUTE
    _printf_o                                0x00000000   Number         0  stubs.o ABSOLUTE
    _printf_p                                0x00000000   Number         0  stubs.o ABSOLUTE
    _printf_percent                          0x00000000   Number         0  stubs.o ABSOLUTE
    _printf_pre_padding                      0x00000000   Number         0  stubs.o ABSOLUTE
    _printf_return_value                     0x00000000   Number         0  stubs.o ABSOLUTE
    _printf_s                                0x00000000   Number         0  stubs.o ABSOLUTE
    _printf_sizespec                         0x00000000   Number         0  stubs.o ABSOLUTE
    _printf_str                              0x00000000   Number         0  stubs.o ABSOLUTE
    _printf_truncate_signed                  0x00000000   Number         0  stubs.o ABSOLUTE
    _printf_truncate_unsigned                0x00000000   Number         0  stubs.o ABSOLUTE
    _printf_u                                0x00000000   Number         0  stubs.o ABSOLUTE
    _printf_wc                               0x00000000   Number         0  stubs.o ABSOLUTE
    _printf_wctomb                           0x00000000   Number         0  stubs.o ABSOLUTE
    _printf_widthprec                        0x00000000   Number         0  stubs.o ABSOLUTE
    _printf_x                                0x00000000   Number         0  stubs.o ABSOLUTE
    __arm_fini_                               - Undefined Weak Reference
    __cpp_initialize__aeabi_                  - Undefined Weak Reference
    __cxa_finalize                            - Undefined Weak Reference
    __decompress                              - Undefined Weak Reference
    _clock_init                               - Undefined Weak Reference
    _microlib_exit                            - Undefined Weak Reference
    __Vectors_Size                           0x00000188   Number         0  startup_stm32f407xx.o ABSOLUTE
    __Vectors                                0x08000000   Data           4  startup_stm32f407xx.o(RESET)
    __Vectors_End                            0x08000188   Data           0  startup_stm32f407xx.o(RESET)
    __main                                   0x08000189   Thumb Code     0  entry.o(.ARM.Collect$$$$00000000)
    _main_stk                                0x08000189   Thumb Code     0  entry2.o(.ARM.Collect$$$$00000001)
    _main_scatterload                        0x0800018d   Thumb Code     0  entry5.o(.ARM.Collect$$$$00000004)
    __main_after_scatterload                 0x08000191   Thumb Code     0  entry5.o(.ARM.Collect$$$$00000004)
    _main_clock                              0x08000191   Thumb Code     0  entry7b.o(.ARM.Collect$$$$00000008)
    _main_cpp_init                           0x08000191   Thumb Code     0  entry8b.o(.ARM.Collect$$$$0000000A)
    _main_init                               0x08000191   Thumb Code     0  entry9a.o(.ARM.Collect$$$$0000000B)
    __rt_lib_shutdown_fini                   0x08000199   Thumb Code     0  entry12b.o(.ARM.Collect$$$$0000000E)
    __rt_final_cpp                           0x0800019d   Thumb Code     0  entry10a.o(.ARM.Collect$$$$0000000F)
    __rt_final_exit                          0x0800019d   Thumb Code     0  entry11a.o(.ARM.Collect$$$$00000011)
    SVC_Handler                              0x080001a1   Thumb Code    28  port.o(.emb_text)
    __asm___6_port_c_39a90d8d__prvStartFirstTask 0x080001c1   Thumb Code    36  port.o(.emb_text)
    __asm___6_port_c_39a90d8d__prvEnableVFP  0x080001e9   Thumb Code    16  port.o(.emb_text)
    PendSV_Handler                           0x080001fd   Thumb Code    88  port.o(.emb_text)
    vPortGetIPSR                             0x08000259   Thumb Code     6  port.o(.emb_text)
    Reset_Handler                            0x08000261   Thumb Code     8  startup_stm32f407xx.o(.text)
    ADC_IRQHandler                           0x0800027b   Thumb Code     0  startup_stm32f407xx.o(.text)
    CAN1_RX0_IRQHandler                      0x0800027b   Thumb Code     0  startup_stm32f407xx.o(.text)
    CAN1_RX1_IRQHandler                      0x0800027b   Thumb Code     0  startup_stm32f407xx.o(.text)
    CAN1_SCE_IRQHandler                      0x0800027b   Thumb Code     0  startup_stm32f407xx.o(.text)
    CAN1_TX_IRQHandler                       0x0800027b   Thumb Code     0  startup_stm32f407xx.o(.text)
    CAN2_RX0_IRQHandler                      0x0800027b   Thumb Code     0  startup_stm32f407xx.o(.text)
    CAN2_RX1_IRQHandler                      0x0800027b   Thumb Code     0  startup_stm32f407xx.o(.text)
    CAN2_SCE_IRQHandler                      0x0800027b   Thumb Code     0  startup_stm32f407xx.o(.text)
    CAN2_TX_IRQHandler                       0x0800027b   Thumb Code     0  startup_stm32f407xx.o(.text)
    DCMI_IRQHandler                          0x0800027b   Thumb Code     0  startup_stm32f407xx.o(.text)
    DMA1_Stream0_IRQHandler                  0x0800027b   Thumb Code     0  startup_stm32f407xx.o(.text)
    DMA1_Stream1_IRQHandler                  0x0800027b   Thumb Code     0  startup_stm32f407xx.o(.text)
    DMA1_Stream2_IRQHandler                  0x0800027b   Thumb Code     0  startup_stm32f407xx.o(.text)
    DMA1_Stream3_IRQHandler                  0x0800027b   Thumb Code     0  startup_stm32f407xx.o(.text)
    DMA1_Stream4_IRQHandler                  0x0800027b   Thumb Code     0  startup_stm32f407xx.o(.text)
    DMA1_Stream5_IRQHandler                  0x0800027b   Thumb Code     0  startup_stm32f407xx.o(.text)
    DMA1_Stream6_IRQHandler                  0x0800027b   Thumb Code     0  startup_stm32f407xx.o(.text)
    DMA1_Stream7_IRQHandler                  0x0800027b   Thumb Code     0  startup_stm32f407xx.o(.text)
    DMA2_Stream0_IRQHandler                  0x0800027b   Thumb Code     0  startup_stm32f407xx.o(.text)
    DMA2_Stream1_IRQHandler                  0x0800027b   Thumb Code     0  startup_stm32f407xx.o(.text)
    DMA2_Stream2_IRQHandler                  0x0800027b   Thumb Code     0  startup_stm32f407xx.o(.text)
    DMA2_Stream3_IRQHandler                  0x0800027b   Thumb Code     0  startup_stm32f407xx.o(.text)
    DMA2_Stream4_IRQHandler                  0x0800027b   Thumb Code     0  startup_stm32f407xx.o(.text)
    DMA2_Stream5_IRQHandler                  0x0800027b   Thumb Code     0  startup_stm32f407xx.o(.text)
    DMA2_Stream6_IRQHandler                  0x0800027b   Thumb Code     0  startup_stm32f407xx.o(.text)
    DMA2_Stream7_IRQHandler                  0x0800027b   Thumb Code     0  startup_stm32f407xx.o(.text)
    ETH_IRQHandler                           0x0800027b   Thumb Code     0  startup_stm32f407xx.o(.text)
    ETH_WKUP_IRQHandler                      0x0800027b   Thumb Code     0  startup_stm32f407xx.o(.text)
    EXTI0_IRQHandler                         0x0800027b   Thumb Code     0  startup_stm32f407xx.o(.text)
    EXTI15_10_IRQHandler                     0x0800027b   Thumb Code     0  startup_stm32f407xx.o(.text)
    EXTI1_IRQHandler                         0x0800027b   Thumb Code     0  startup_stm32f407xx.o(.text)
    EXTI2_IRQHandler                         0x0800027b   Thumb Code     0  startup_stm32f407xx.o(.text)
    EXTI3_IRQHandler                         0x0800027b   Thumb Code     0  startup_stm32f407xx.o(.text)
    EXTI4_IRQHandler                         0x0800027b   Thumb Code     0  startup_stm32f407xx.o(.text)
    EXTI9_5_IRQHandler                       0x0800027b   Thumb Code     0  startup_stm32f407xx.o(.text)
    FLASH_IRQHandler                         0x0800027b   Thumb Code     0  startup_stm32f407xx.o(.text)
    FMC_IRQHandler                           0x0800027b   Thumb Code     0  startup_stm32f407xx.o(.text)
    FPU_IRQHandler                           0x0800027b   Thumb Code     0  startup_stm32f407xx.o(.text)
    HASH_RNG_IRQHandler                      0x0800027b   Thumb Code     0  startup_stm32f407xx.o(.text)
    I2C1_ER_IRQHandler                       0x0800027b   Thumb Code     0  startup_stm32f407xx.o(.text)
    I2C1_EV_IRQHandler                       0x0800027b   Thumb Code     0  startup_stm32f407xx.o(.text)
    I2C2_ER_IRQHandler                       0x0800027b   Thumb Code     0  startup_stm32f407xx.o(.text)
    I2C2_EV_IRQHandler                       0x0800027b   Thumb Code     0  startup_stm32f407xx.o(.text)
    I2C3_ER_IRQHandler                       0x0800027b   Thumb Code     0  startup_stm32f407xx.o(.text)
    I2C3_EV_IRQHandler                       0x0800027b   Thumb Code     0  startup_stm32f407xx.o(.text)
    OTG_FS_IRQHandler                        0x0800027b   Thumb Code     0  startup_stm32f407xx.o(.text)
    OTG_FS_WKUP_IRQHandler                   0x0800027b   Thumb Code     0  startup_stm32f407xx.o(.text)
    OTG_HS_EP1_IN_IRQHandler                 0x0800027b   Thumb Code     0  startup_stm32f407xx.o(.text)
    OTG_HS_EP1_OUT_IRQHandler                0x0800027b   Thumb Code     0  startup_stm32f407xx.o(.text)
    OTG_HS_IRQHandler                        0x0800027b   Thumb Code     0  startup_stm32f407xx.o(.text)
    OTG_HS_WKUP_IRQHandler                   0x0800027b   Thumb Code     0  startup_stm32f407xx.o(.text)
    PVD_IRQHandler                           0x0800027b   Thumb Code     0  startup_stm32f407xx.o(.text)
    RCC_IRQHandler                           0x0800027b   Thumb Code     0  startup_stm32f407xx.o(.text)
    RTC_Alarm_IRQHandler                     0x0800027b   Thumb Code     0  startup_stm32f407xx.o(.text)
    RTC_WKUP_IRQHandler                      0x0800027b   Thumb Code     0  startup_stm32f407xx.o(.text)
    SDIO_IRQHandler                          0x0800027b   Thumb Code     0  startup_stm32f407xx.o(.text)
    SPI1_IRQHandler                          0x0800027b   Thumb Code     0  startup_stm32f407xx.o(.text)
    SPI2_IRQHandler                          0x0800027b   Thumb Code     0  startup_stm32f407xx.o(.text)
    SPI3_IRQHandler                          0x0800027b   Thumb Code     0  startup_stm32f407xx.o(.text)
    TAMP_STAMP_IRQHandler                    0x0800027b   Thumb Code     0  startup_stm32f407xx.o(.text)
    TIM1_BRK_TIM9_IRQHandler                 0x0800027b   Thumb Code     0  startup_stm32f407xx.o(.text)
    TIM1_CC_IRQHandler                       0x0800027b   Thumb Code     0  startup_stm32f407xx.o(.text)
    TIM1_TRG_COM_TIM11_IRQHandler            0x0800027b   Thumb Code     0  startup_stm32f407xx.o(.text)
    TIM1_UP_TIM10_IRQHandler                 0x0800027b   Thumb Code     0  startup_stm32f407xx.o(.text)
    TIM4_IRQHandler                          0x0800027b   Thumb Code     0  startup_stm32f407xx.o(.text)
    TIM5_IRQHandler                          0x0800027b   Thumb Code     0  startup_stm32f407xx.o(.text)
    TIM6_DAC_IRQHandler                      0x0800027b   Thumb Code     0  startup_stm32f407xx.o(.text)
    TIM8_BRK_TIM12_IRQHandler                0x0800027b   Thumb Code     0  startup_stm32f407xx.o(.text)
    TIM8_CC_IRQHandler                       0x0800027b   Thumb Code     0  startup_stm32f407xx.o(.text)
    TIM8_TRG_COM_TIM14_IRQHandler            0x0800027b   Thumb Code     0  startup_stm32f407xx.o(.text)
    TIM8_UP_TIM13_IRQHandler                 0x0800027b   Thumb Code     0  startup_stm32f407xx.o(.text)
    UART4_IRQHandler                         0x0800027b   Thumb Code     0  startup_stm32f407xx.o(.text)
    UART5_IRQHandler                         0x0800027b   Thumb Code     0  startup_stm32f407xx.o(.text)
    USART2_IRQHandler                        0x0800027b   Thumb Code     0  startup_stm32f407xx.o(.text)
    USART3_IRQHandler                        0x0800027b   Thumb Code     0  startup_stm32f407xx.o(.text)
    WWDG_IRQHandler                          0x0800027b   Thumb Code     0  startup_stm32f407xx.o(.text)
    __aeabi_uldivmod                         0x08000285   Thumb Code    98  uldiv.o(.text)
    __aeabi_memcpy                           0x080002e7   Thumb Code    36  memcpya.o(.text)
    __aeabi_memcpy4                          0x080002e7   Thumb Code     0  memcpya.o(.text)
    __aeabi_memcpy8                          0x080002e7   Thumb Code     0  memcpya.o(.text)
    __aeabi_memset                           0x0800030b   Thumb Code    14  memseta.o(.text)
    __aeabi_memset4                          0x0800030b   Thumb Code     0  memseta.o(.text)
    __aeabi_memset8                          0x0800030b   Thumb Code     0  memseta.o(.text)
    __aeabi_memclr                           0x08000319   Thumb Code     4  memseta.o(.text)
    __aeabi_memclr4                          0x08000319   Thumb Code     0  memseta.o(.text)
    __aeabi_memclr8                          0x08000319   Thumb Code     0  memseta.o(.text)
    memset                                   0x0800031d   Thumb Code    18  memseta.o(.text)
    __aeabi_uidiv                            0x0800032f   Thumb Code     0  uidiv.o(.text)
    __aeabi_uidivmod                         0x0800032f   Thumb Code    44  uidiv.o(.text)
    __aeabi_llsl                             0x0800035b   Thumb Code    30  llshl.o(.text)
    _ll_shift_l                              0x0800035b   Thumb Code     0  llshl.o(.text)
    __aeabi_llsr                             0x08000379   Thumb Code    32  llushr.o(.text)
    _ll_ushift_r                             0x08000379   Thumb Code     0  llushr.o(.text)
    __scatterload                            0x08000399   Thumb Code    28  init.o(.text)
    __scatterload_rt2                        0x08000399   Thumb Code     0  init.o(.text)
    BusFault_Handler                         0x080003bd   Thumb Code     2  stm32f4xx_it.o(i.BusFault_Handler)
    DebugMon_Handler                         0x080003bf   Thumb Code     2  stm32f4xx_it.o(i.DebugMon_Handler)
    Error_Handler                            0x080003c1   Thumb Code     4  main.o(i.Error_Handler)
    HAL_DMA_Abort                            0x080003c5   Thumb Code   146  stm32f4xx_hal_dma.o(i.HAL_DMA_Abort)
    HAL_DMA_Abort_IT                         0x08000457   Thumb Code    36  stm32f4xx_hal_dma.o(i.HAL_DMA_Abort_IT)
    HAL_Delay                                0x0800047d   Thumb Code    32  stm32f4xx_hal.o(i.HAL_Delay)
    HAL_GPIO_Init                            0x080004a1   Thumb Code   450  stm32f4xx_hal_gpio.o(i.HAL_GPIO_Init)
    HAL_GPIO_ReadPin                         0x08000691   Thumb Code    10  stm32f4xx_hal_gpio.o(i.HAL_GPIO_ReadPin)
    HAL_GPIO_TogglePin                       0x0800069b   Thumb Code    16  stm32f4xx_hal_gpio.o(i.HAL_GPIO_TogglePin)
    HAL_GPIO_WritePin                        0x080006ab   Thumb Code    10  stm32f4xx_hal_gpio.o(i.HAL_GPIO_WritePin)
    HAL_GetTick                              0x080006b5   Thumb Code     6  stm32f4xx_hal.o(i.HAL_GetTick)
    HAL_IncTick                              0x080006c1   Thumb Code    12  stm32f4xx_hal.o(i.HAL_IncTick)
    HAL_Init                                 0x080006d1   Thumb Code    48  stm32f4xx_hal.o(i.HAL_Init)
    HAL_InitTick                             0x08000705   Thumb Code   132  stm32f4xx_hal_timebase_tim.o(i.HAL_InitTick)
    HAL_MspInit                              0x0800079d   Thumb Code    52  stm32f4xx_hal_msp.o(i.HAL_MspInit)
    HAL_NVIC_EnableIRQ                       0x080007d5   Thumb Code    26  stm32f4xx_hal_cortex.o(i.HAL_NVIC_EnableIRQ)
    HAL_NVIC_SetPriority                     0x080007f1   Thumb Code    60  stm32f4xx_hal_cortex.o(i.HAL_NVIC_SetPriority)
    HAL_NVIC_SetPriorityGrouping             0x08000831   Thumb Code    26  stm32f4xx_hal_cortex.o(i.HAL_NVIC_SetPriorityGrouping)
    HAL_RCCEx_PeriphCLKConfig                0x08000855   Thumb Code   296  stm32f4xx_hal_rcc_ex.o(i.HAL_RCCEx_PeriphCLKConfig)
    HAL_RCC_ClockConfig                      0x08000991   Thumb Code   288  stm32f4xx_hal_rcc.o(i.HAL_RCC_ClockConfig)
    HAL_RCC_GetClockConfig                   0x08000ac5   Thumb Code    54  stm32f4xx_hal_rcc.o(i.HAL_RCC_GetClockConfig)
    HAL_RCC_GetPCLK1Freq                     0x08000b05   Thumb Code    20  stm32f4xx_hal_rcc.o(i.HAL_RCC_GetPCLK1Freq)
    HAL_RCC_GetPCLK2Freq                     0x08000b25   Thumb Code    20  stm32f4xx_hal_rcc.o(i.HAL_RCC_GetPCLK2Freq)
    HAL_RCC_GetSysClockFreq                  0x08000b45   Thumb Code    88  stm32f4xx_hal_rcc.o(i.HAL_RCC_GetSysClockFreq)
    HAL_RCC_OscConfig                        0x08000ba5   Thumb Code   856  stm32f4xx_hal_rcc.o(i.HAL_RCC_OscConfig)
    HAL_RTCEx_SetWakeUpTimer                 0x08000f11   Thumb Code   210  stm32f4xx_hal_rtc_ex.o(i.HAL_RTCEx_SetWakeUpTimer)
    HAL_RTC_Init                             0x08000fe5   Thumb Code   150  stm32f4xx_hal_rtc.o(i.HAL_RTC_Init)
    HAL_RTC_MspInit                          0x08001081   Thumb Code    48  rtc.o(i.HAL_RTC_MspInit)
    HAL_RTC_SetDate                          0x080010b9   Thumb Code   146  stm32f4xx_hal_rtc.o(i.HAL_RTC_SetDate)
    HAL_RTC_SetTime                          0x08001151   Thumb Code   186  stm32f4xx_hal_rtc.o(i.HAL_RTC_SetTime)
    HAL_RTC_WaitForSynchro                   0x08001211   Thumb Code    50  stm32f4xx_hal_rtc.o(i.HAL_RTC_WaitForSynchro)
    HAL_TIMEx_BreakCallback                  0x08001249   Thumb Code     2  stm32f4xx_hal_tim_ex.o(i.HAL_TIMEx_BreakCallback)
    HAL_TIMEx_CommutCallback                 0x0800124b   Thumb Code     2  stm32f4xx_hal_tim_ex.o(i.HAL_TIMEx_CommutCallback)
    HAL_TIMEx_MasterConfigSynchronization    0x0800124d   Thumb Code   116  stm32f4xx_hal_tim_ex.o(i.HAL_TIMEx_MasterConfigSynchronization)
    HAL_TIM_Base_Init                        0x080012dd   Thumb Code    90  stm32f4xx_hal_tim.o(i.HAL_TIM_Base_Init)
    HAL_TIM_Base_MspInit                     0x08001339   Thumb Code    86  tim.o(i.HAL_TIM_Base_MspInit)
    HAL_TIM_Base_Start_IT                    0x08001399   Thumb Code   100  stm32f4xx_hal_tim.o(i.HAL_TIM_Base_Start_IT)
    HAL_TIM_ConfigClockSource                0x08001419   Thumb Code   220  stm32f4xx_hal_tim.o(i.HAL_TIM_ConfigClockSource)
    HAL_TIM_IC_CaptureCallback               0x080014f5   Thumb Code     2  stm32f4xx_hal_tim.o(i.HAL_TIM_IC_CaptureCallback)
    HAL_TIM_IRQHandler                       0x080014f7   Thumb Code   304  stm32f4xx_hal_tim.o(i.HAL_TIM_IRQHandler)
    HAL_TIM_OC_DelayElapsedCallback          0x08001627   Thumb Code     2  stm32f4xx_hal_tim.o(i.HAL_TIM_OC_DelayElapsedCallback)
    HAL_TIM_PWM_PulseFinishedCallback        0x08001629   Thumb Code     2  stm32f4xx_hal_tim.o(i.HAL_TIM_PWM_PulseFinishedCallback)
    HAL_TIM_PeriodElapsedCallback            0x0800162d   Thumb Code    84  main.o(i.HAL_TIM_PeriodElapsedCallback)
    HAL_TIM_TriggerCallback                  0x0800168d   Thumb Code     2  stm32f4xx_hal_tim.o(i.HAL_TIM_TriggerCallback)
    HAL_UARTEx_RxEventCallback               0x0800168f   Thumb Code     2  stm32f4xx_hal_uart.o(i.HAL_UARTEx_RxEventCallback)
    HAL_UART_ErrorCallback                   0x08001691   Thumb Code     2  stm32f4xx_hal_uart.o(i.HAL_UART_ErrorCallback)
    HAL_UART_IRQHandler                      0x08001695   Thumb Code   618  stm32f4xx_hal_uart.o(i.HAL_UART_IRQHandler)
    HAL_UART_Init                            0x08001905   Thumb Code   100  stm32f4xx_hal_uart.o(i.HAL_UART_Init)
    HAL_UART_MspInit                         0x08001969   Thumb Code   178  usart.o(i.HAL_UART_MspInit)
    HAL_UART_Receive_IT                      0x08001a31   Thumb Code    28  stm32f4xx_hal_uart.o(i.HAL_UART_Receive_IT)
    HAL_UART_RxCpltCallback                  0x08001a4d   Thumb Code     2  stm32f4xx_hal_uart.o(i.HAL_UART_RxCpltCallback)
    HAL_UART_Transmit                        0x08001a4f   Thumb Code   160  stm32f4xx_hal_uart.o(i.HAL_UART_Transmit)
    HAL_UART_TxCpltCallback                  0x08001aef   Thumb Code     2  stm32f4xx_hal_uart.o(i.HAL_UART_TxCpltCallback)
    HardFault_Handler                        0x08001af1   Thumb Code     2  stm32f4xx_it.o(i.HardFault_Handler)
    MX_FREERTOS_Init                         0x08001af5   Thumb Code    96  freertos.o(i.MX_FREERTOS_Init)
    MX_GPIO_Init                             0x08001b5d   Thumb Code   238  gpio.o(i.MX_GPIO_Init)
    MX_RTC_Init                              0x08001c5d   Thumb Code   138  rtc.o(i.MX_RTC_Init)
    MX_TIM2_Init                             0x08001cf1   Thumb Code    96  tim.o(i.MX_TIM2_Init)
    MX_TIM3_Init                             0x08001d55   Thumb Code   100  tim.o(i.MX_TIM3_Init)
    MX_USART1_UART_Init                      0x08001dc1   Thumb Code    48  usart.o(i.MX_USART1_UART_Init)
    MX_USART6_UART_Init                      0x08001df9   Thumb Code    48  usart.o(i.MX_USART6_UART_Init)
    MemManage_Handler                        0x08001e31   Thumb Code     2  stm32f4xx_it.o(i.MemManage_Handler)
    Modbus_CRC16                             0x08001e35   Thumb Code    40  modbus_crc.o(i.Modbus_CRC16)
    Modbus_Event                             0x08001e61   Thumb Code   108  modbus.o(i.Modbus_Event)
    Modbus_Func16                            0x08001ed1   Thumb Code   144  modbus.o(i.Modbus_Func16)
    Modbus_Func3                             0x08001f69   Thumb Code   156  modbus.o(i.Modbus_Func3)
    Modbus_Func6                             0x08002019   Thumb Code   114  modbus.o(i.Modbus_Func6)
    Modbus_Init                              0x08002095   Thumb Code    18  modbus.o(i.Modbus_Init)
    Modbus_Send_Byte                         0x080020ad   Thumb Code    16  usart.o(i.Modbus_Send_Byte)
    NMI_Handler                              0x080020c1   Thumb Code     2  stm32f4xx_it.o(i.NMI_Handler)
    PWR_ON_OFF                               0x080020c5   Thumb Code    56  pwr_on_off.o(i.PWR_ON_OFF)
    RTC_ByteToBcd2                           0x08002101   Thumb Code    22  stm32f4xx_hal_rtc.o(i.RTC_ByteToBcd2)
    RTC_EnterInitMode                        0x08002119   Thumb Code    72  stm32f4xx_hal_rtc.o(i.RTC_EnterInitMode)
    RTC_ExitInitMode                         0x08002161   Thumb Code    42  stm32f4xx_hal_rtc.o(i.RTC_ExitInitMode)
    Start_BOOT_Task                          0x0800218b   Thumb Code     8  freertos.o(i.Start_BOOT_Task)
    Start_LED_Task                           0x08002195   Thumb Code    30  freertos.o(i.Start_LED_Task)
    Start_Modbus_Task                        0x080021b9   Thumb Code    18  freertos.o(i.Start_Modbus_Task)
    Start_PWR_Task                           0x080021d1   Thumb Code    16  freertos.o(i.Start_PWR_Task)
    SysTick_Handler                          0x080021e1   Thumb Code    38  port.o(i.SysTick_Handler)
    SystemClock_Config                       0x0800220d   Thumb Code   140  main.o(i.SystemClock_Config)
    SystemInit                               0x080022a1   Thumb Code    12  system_stm32f4xx.o(i.SystemInit)
    TIM2_IRQHandler                          0x080022b1   Thumb Code     6  stm32f4xx_it.o(i.TIM2_IRQHandler)
    TIM3_IRQHandler                          0x080022bd   Thumb Code     6  stm32f4xx_it.o(i.TIM3_IRQHandler)
    TIM7_IRQHandler                          0x080022c9   Thumb Code     6  stm32f4xx_it.o(i.TIM7_IRQHandler)
    TIM_Base_SetConfig                       0x080022d5   Thumb Code   170  stm32f4xx_hal_tim.o(i.TIM_Base_SetConfig)
    TIM_ETR_SetConfig                        0x080023ad   Thumb Code    20  stm32f4xx_hal_tim.o(i.TIM_ETR_SetConfig)
    UART_Start_Receive_IT                    0x08002645   Thumb Code    54  stm32f4xx_hal_uart.o(i.UART_Start_Receive_IT)
    USART1_IRQHandler                        0x080026ed   Thumb Code    72  stm32f4xx_it.o(i.USART1_IRQHandler)
    USART6_IRQHandler                        0x08002741   Thumb Code     6  stm32f4xx_it.o(i.USART6_IRQHandler)
    UsageFault_Handler                       0x0800274d   Thumb Code     2  stm32f4xx_it.o(i.UsageFault_Handler)
    __0printf$1                              0x08002751   Thumb Code    22  printf1.o(i.__0printf$1)
    __1printf$1                              0x08002751   Thumb Code     0  printf1.o(i.__0printf$1)
    __2printf                                0x08002751   Thumb Code     0  printf1.o(i.__0printf$1)
    __scatterload_copy                       0x08002791   Thumb Code    14  handlers.o(i.__scatterload_copy)
    __scatterload_null                       0x0800279f   Thumb Code     2  handlers.o(i.__scatterload_null)
    __scatterload_zeroinit                   0x080027a1   Thumb Code    14  handlers.o(i.__scatterload_zeroinit)
    fputc                                    0x08002905   Thumb Code    20  usart.o(i.fputc)
    main                                     0x0800291d   Thumb Code    66  main.o(i.main)
    osDelay                                  0x08002979   Thumb Code    14  cmsis_os.o(i.osDelay)
    osKernelStart                            0x08002987   Thumb Code    10  cmsis_os.o(i.osKernelStart)
    osThreadCreate                           0x08002991   Thumb Code    84  cmsis_os.o(i.osThreadCreate)
    pvPortMalloc                             0x08002d31   Thumb Code   216  heap_4.o(i.pvPortMalloc)
    pxPortInitialiseStack                    0x08002e0d   Thumb Code    40  port.o(i.pxPortInitialiseStack)
    uxListRemove                             0x08002e39   Thumb Code    38  list.o(i.uxListRemove)
    vApplicationGetIdleTaskMemory            0x08002e61   Thumb Code    16  freertos.o(i.vApplicationGetIdleTaskMemory)
    vListInitialise                          0x08002e75   Thumb Code    22  list.o(i.vListInitialise)
    vListInitialiseItem                      0x08002e8b   Thumb Code     6  list.o(i.vListInitialiseItem)
    vListInsert                              0x08002e91   Thumb Code    48  list.o(i.vListInsert)
    vListInsertEnd                           0x08002ec1   Thumb Code    24  list.o(i.vListInsertEnd)
    vPortEnterCritical                       0x08002ed9   Thumb Code    54  port.o(i.vPortEnterCritical)
    vPortExitCritical                        0x08002f19   Thumb Code    34  port.o(i.vPortExitCritical)
    vPortFree                                0x08002f41   Thumb Code    94  heap_4.o(i.vPortFree)
    vPortSetupTimerInterrupt                 0x08002fa5   Thumb Code    32  port.o(i.vPortSetupTimerInterrupt)
    vTaskDelay                               0x08002fc9   Thumb Code    66  tasks.o(i.vTaskDelay)
    vTaskStartScheduler                      0x08003015   Thumb Code    90  tasks.o(i.vTaskStartScheduler)
    vTaskSuspendAll                          0x08003081   Thumb Code    10  tasks.o(i.vTaskSuspendAll)
    vTaskSwitchContext                       0x08003091   Thumb Code    82  tasks.o(i.vTaskSwitchContext)
    xPortStartScheduler                      0x080030ed   Thumb Code   222  port.o(i.xPortStartScheduler)
    xTaskCreate                              0x080031e1   Thumb Code    90  tasks.o(i.xTaskCreate)
    xTaskCreateStatic                        0x0800323b   Thumb Code    86  tasks.o(i.xTaskCreateStatic)
    xTaskIncrementTick                       0x08003291   Thumb Code   194  tasks.o(i.xTaskIncrementTick)
    xTaskResumeAll                           0x0800335d   Thumb Code   182  tasks.o(i.xTaskResumeAll)
    AHBPrescTable                            0x08003490   Data          16  system_stm32f4xx.o(.constdata)
    APBPrescTable                            0x080034a0   Data           8  system_stm32f4xx.o(.constdata)
    auchCRCHi                                0x080034a8   Data         256  modbus_crc.o(.constdata)
    auchCRCLo                                0x080035a8   Data         256  modbus_crc.o(.constdata)
    Region$$Table$$Base                      0x080036d8   Number         0  anon$$obj.o(Region$$Table)
    Region$$Table$$Limit                     0x080036f8   Number         0  anon$$obj.o(Region$$Table)
    LED_TaskHandle                           0x20000000   Data           4  freertos.o(.data)
    PWR_TaskHandle                           0x20000004   Data           4  freertos.o(.data)
    BOOT_TaskHandle                          0x20000008   Data           4  freertos.o(.data)
    Modbus_TaskHandle                        0x2000000c   Data           4  freertos.o(.data)
    uwTickFreq                               0x20000010   Data           1  stm32f4xx_hal.o(.data)
    uwTickPrio                               0x20000014   Data           4  stm32f4xx_hal.o(.data)
    uwTick                                   0x20000018   Data           4  stm32f4xx_hal.o(.data)
    SystemCoreClock                          0x2000001c   Data           4  system_stm32f4xx.o(.data)
    pxCurrentTCB                             0x20000020   Data           4  tasks.o(.data)
    Reg                                      0x20000088   Data          16  modbus.o(.data)
    RES                                      0x20000098   Data           1  modbus.o(.data)
    __stdout                                 0x2000009c   Data           4  stdout.o(.data)
    hrtc                                     0x200002f4   Data          32  rtc.o(.bss)
    htim2                                    0x20000314   Data          72  tim.o(.bss)
    htim3                                    0x2000035c   Data          72  tim.o(.bss)
    huart1                                   0x200003a4   Data          72  usart.o(.bss)
    huart6                                   0x200003ec   Data          72  usart.o(.bss)
    htim7                                    0x20000434   Data          72  stm32f4xx_hal_timebase_tim.o(.bss)
    modbus                                   0x2000416c   Data         236  modbus.o(.bss)
    __initial_sp                             0x20004658   Data           0  startup_stm32f407xx.o(STACK)



==============================================================================

Memory Map of the image

  Image Entry point : 0x08000189

  Load Region LR_IROM1 (Base: 0x08000000, Size: 0x00003798, Max: 0x00080000, ABSOLUTE)

    Execution Region ER_IROM1 (Exec base: 0x08000000, Load base: 0x08000000, Size: 0x000036f8, Max: 0x00080000, ABSOLUTE)

    Exec Addr    Load Addr    Size         Type   Attr      Idx    E Section Name        Object

    0x08000000   0x08000000   0x00000188   Data   RO            3    RESET               startup_stm32f407xx.o
    0x08000188   0x08000188   0x00000000   Code   RO         5551  * .ARM.Collect$$$$00000000  mc_w.l(entry.o)
    0x08000188   0x08000188   0x00000004   Code   RO         5828    .ARM.Collect$$$$00000001  mc_w.l(entry2.o)
    0x0800018c   0x0800018c   0x00000004   Code   RO         5831    .ARM.Collect$$$$00000004  mc_w.l(entry5.o)
    0x08000190   0x08000190   0x00000000   Code   RO         5833    .ARM.Collect$$$$00000008  mc_w.l(entry7b.o)
    0x08000190   0x08000190   0x00000000   Code   RO         5835    .ARM.Collect$$$$0000000A  mc_w.l(entry8b.o)
    0x08000190   0x08000190   0x00000008   Code   RO         5836    .ARM.Collect$$$$0000000B  mc_w.l(entry9a.o)
    0x08000198   0x08000198   0x00000004   Code   RO         5843    .ARM.Collect$$$$0000000E  mc_w.l(entry12b.o)
    0x0800019c   0x0800019c   0x00000000   Code   RO         5838    .ARM.Collect$$$$0000000F  mc_w.l(entry10a.o)
    0x0800019c   0x0800019c   0x00000000   Code   RO         5840    .ARM.Collect$$$$00000011  mc_w.l(entry11a.o)
    0x0800019c   0x0800019c   0x00000004   Code   RO         5829    .ARM.Collect$$$$00002712  mc_w.l(entry2.o)
    0x080001a0   0x080001a0   0x000000be   Code   RO         4764    .emb_text           port.o
    0x0800025e   0x0800025e   0x00000002   PAD
    0x08000260   0x08000260   0x00000024   Code   RO            4    .text               startup_stm32f407xx.o
    0x08000284   0x08000284   0x00000062   Code   RO         5554    .text               mc_w.l(uldiv.o)
    0x080002e6   0x080002e6   0x00000024   Code   RO         5559    .text               mc_w.l(memcpya.o)
    0x0800030a   0x0800030a   0x00000024   Code   RO         5563    .text               mc_w.l(memseta.o)
    0x0800032e   0x0800032e   0x0000002c   Code   RO         5845    .text               mc_w.l(uidiv.o)
    0x0800035a   0x0800035a   0x0000001e   Code   RO         5847    .text               mc_w.l(llshl.o)
    0x08000378   0x08000378   0x00000020   Code   RO         5849    .text               mc_w.l(llushr.o)
    0x08000398   0x08000398   0x00000024   Code   RO         5862    .text               mc_w.l(init.o)
    0x080003bc   0x080003bc   0x00000002   Code   RO          484    i.BusFault_Handler  stm32f4xx_it.o
    0x080003be   0x080003be   0x00000002   Code   RO          485    i.DebugMon_Handler  stm32f4xx_it.o
    0x080003c0   0x080003c0   0x00000004   Code   RO           13    i.Error_Handler     main.o
    0x080003c4   0x080003c4   0x00000092   Code   RO         1097    i.HAL_DMA_Abort     stm32f4xx_hal_dma.o
    0x08000456   0x08000456   0x00000024   Code   RO         1098    i.HAL_DMA_Abort_IT  stm32f4xx_hal_dma.o
    0x0800047a   0x0800047a   0x00000002   PAD
    0x0800047c   0x0800047c   0x00000024   Code   RO         1522    i.HAL_Delay         stm32f4xx_hal.o
    0x080004a0   0x080004a0   0x000001f0   Code   RO          990    i.HAL_GPIO_Init     stm32f4xx_hal_gpio.o
    0x08000690   0x08000690   0x0000000a   Code   RO          992    i.HAL_GPIO_ReadPin  stm32f4xx_hal_gpio.o
    0x0800069a   0x0800069a   0x00000010   Code   RO          993    i.HAL_GPIO_TogglePin  stm32f4xx_hal_gpio.o
    0x080006aa   0x080006aa   0x0000000a   Code   RO          994    i.HAL_GPIO_WritePin  stm32f4xx_hal_gpio.o
    0x080006b4   0x080006b4   0x0000000c   Code   RO         1528    i.HAL_GetTick       stm32f4xx_hal.o
    0x080006c0   0x080006c0   0x00000010   Code   RO         1534    i.HAL_IncTick       stm32f4xx_hal.o
    0x080006d0   0x080006d0   0x00000034   Code   RO         1535    i.HAL_Init          stm32f4xx_hal.o
    0x08000704   0x08000704   0x00000098   Code   RO          596    i.HAL_InitTick      stm32f4xx_hal_timebase_tim.o
    0x0800079c   0x0800079c   0x00000038   Code   RO          572    i.HAL_MspInit       stm32f4xx_hal_msp.o
    0x080007d4   0x080007d4   0x0000001a   Code   RO         1380    i.HAL_NVIC_EnableIRQ  stm32f4xx_hal_cortex.o
    0x080007ee   0x080007ee   0x00000002   PAD
    0x080007f0   0x080007f0   0x00000040   Code   RO         1386    i.HAL_NVIC_SetPriority  stm32f4xx_hal_cortex.o
    0x08000830   0x08000830   0x00000024   Code   RO         1387    i.HAL_NVIC_SetPriorityGrouping  stm32f4xx_hal_cortex.o
    0x08000854   0x08000854   0x0000013c   Code   RO          741    i.HAL_RCCEx_PeriphCLKConfig  stm32f4xx_hal_rcc_ex.o
    0x08000990   0x08000990   0x00000134   Code   RO          636    i.HAL_RCC_ClockConfig  stm32f4xx_hal_rcc.o
    0x08000ac4   0x08000ac4   0x00000040   Code   RO          640    i.HAL_RCC_GetClockConfig  stm32f4xx_hal_rcc.o
    0x08000b04   0x08000b04   0x00000020   Code   RO          643    i.HAL_RCC_GetPCLK1Freq  stm32f4xx_hal_rcc.o
    0x08000b24   0x08000b24   0x00000020   Code   RO          644    i.HAL_RCC_GetPCLK2Freq  stm32f4xx_hal_rcc.o
    0x08000b44   0x08000b44   0x00000060   Code   RO          645    i.HAL_RCC_GetSysClockFreq  stm32f4xx_hal_rcc.o
    0x08000ba4   0x08000ba4   0x0000036c   Code   RO          648    i.HAL_RCC_OscConfig  stm32f4xx_hal_rcc.o
    0x08000f10   0x08000f10   0x000000d2   Code   RO         1972    i.HAL_RTCEx_SetWakeUpTimer  stm32f4xx_hal_rtc_ex.o
    0x08000fe2   0x08000fe2   0x00000002   PAD
    0x08000fe4   0x08000fe4   0x0000009c   Code   RO         1786    i.HAL_RTC_Init      stm32f4xx_hal_rtc.o
    0x08001080   0x08001080   0x00000038   Code   RO          335    i.HAL_RTC_MspInit   rtc.o
    0x080010b8   0x080010b8   0x00000098   Code   RO         1792    i.HAL_RTC_SetDate   stm32f4xx_hal_rtc.o
    0x08001150   0x08001150   0x000000c0   Code   RO         1793    i.HAL_RTC_SetTime   stm32f4xx_hal_rtc.o
    0x08001210   0x08001210   0x00000038   Code   RO         1794    i.HAL_RTC_WaitForSynchro  stm32f4xx_hal_rtc.o
    0x08001248   0x08001248   0x00000002   Code   RO         2879    i.HAL_TIMEx_BreakCallback  stm32f4xx_hal_tim_ex.o
    0x0800124a   0x0800124a   0x00000002   Code   RO         2880    i.HAL_TIMEx_CommutCallback  stm32f4xx_hal_tim_ex.o
    0x0800124c   0x0800124c   0x00000090   Code   RO         2898    i.HAL_TIMEx_MasterConfigSynchronization  stm32f4xx_hal_tim_ex.o
    0x080012dc   0x080012dc   0x0000005a   Code   RO         2175    i.HAL_TIM_Base_Init  stm32f4xx_hal_tim.o
    0x08001336   0x08001336   0x00000002   PAD
    0x08001338   0x08001338   0x00000060   Code   RO          377    i.HAL_TIM_Base_MspInit  tim.o
    0x08001398   0x08001398   0x00000080   Code   RO         2180    i.HAL_TIM_Base_Start_IT  stm32f4xx_hal_tim.o
    0x08001418   0x08001418   0x000000dc   Code   RO         2184    i.HAL_TIM_ConfigClockSource  stm32f4xx_hal_tim.o
    0x080014f4   0x080014f4   0x00000002   Code   RO         2209    i.HAL_TIM_IC_CaptureCallback  stm32f4xx_hal_tim.o
    0x080014f6   0x080014f6   0x00000130   Code   RO         2223    i.HAL_TIM_IRQHandler  stm32f4xx_hal_tim.o
    0x08001626   0x08001626   0x00000002   Code   RO         2226    i.HAL_TIM_OC_DelayElapsedCallback  stm32f4xx_hal_tim.o
    0x08001628   0x08001628   0x00000002   Code   RO         2253    i.HAL_TIM_PWM_PulseFinishedCallback  stm32f4xx_hal_tim.o
    0x0800162a   0x0800162a   0x00000002   PAD
    0x0800162c   0x0800162c   0x00000060   Code   RO           14    i.HAL_TIM_PeriodElapsedCallback  main.o
    0x0800168c   0x0800168c   0x00000002   Code   RO         2266    i.HAL_TIM_TriggerCallback  stm32f4xx_hal_tim.o
    0x0800168e   0x0800168e   0x00000002   Code   RO         3158    i.HAL_UARTEx_RxEventCallback  stm32f4xx_hal_uart.o
    0x08001690   0x08001690   0x00000002   Code   RO         3172    i.HAL_UART_ErrorCallback  stm32f4xx_hal_uart.o
    0x08001692   0x08001692   0x00000002   PAD
    0x08001694   0x08001694   0x00000270   Code   RO         3175    i.HAL_UART_IRQHandler  stm32f4xx_hal_uart.o
    0x08001904   0x08001904   0x00000064   Code   RO         3176    i.HAL_UART_Init     stm32f4xx_hal_uart.o
    0x08001968   0x08001968   0x000000c8   Code   RO          425    i.HAL_UART_MspInit  usart.o
    0x08001a30   0x08001a30   0x0000001c   Code   RO         3181    i.HAL_UART_Receive_IT  stm32f4xx_hal_uart.o
    0x08001a4c   0x08001a4c   0x00000002   Code   RO         3182    i.HAL_UART_RxCpltCallback  stm32f4xx_hal_uart.o
    0x08001a4e   0x08001a4e   0x000000a0   Code   RO         3184    i.HAL_UART_Transmit  stm32f4xx_hal_uart.o
    0x08001aee   0x08001aee   0x00000002   Code   RO         3187    i.HAL_UART_TxCpltCallback  stm32f4xx_hal_uart.o
    0x08001af0   0x08001af0   0x00000002   Code   RO          486    i.HardFault_Handler  stm32f4xx_it.o
    0x08001af2   0x08001af2   0x00000002   PAD
    0x08001af4   0x08001af4   0x00000068   Code   RO          249    i.MX_FREERTOS_Init  freertos.o
    0x08001b5c   0x08001b5c   0x00000100   Code   RO          225    i.MX_GPIO_Init      gpio.o
    0x08001c5c   0x08001c5c   0x00000094   Code   RO          336    i.MX_RTC_Init       rtc.o
    0x08001cf0   0x08001cf0   0x00000064   Code   RO          378    i.MX_TIM2_Init      tim.o
    0x08001d54   0x08001d54   0x0000006c   Code   RO          379    i.MX_TIM3_Init      tim.o
    0x08001dc0   0x08001dc0   0x00000038   Code   RO          426    i.MX_USART1_UART_Init  usart.o
    0x08001df8   0x08001df8   0x00000038   Code   RO          427    i.MX_USART6_UART_Init  usart.o
    0x08001e30   0x08001e30   0x00000002   Code   RO          487    i.MemManage_Handler  stm32f4xx_it.o
    0x08001e32   0x08001e32   0x00000002   PAD
    0x08001e34   0x08001e34   0x0000002c   Code   RO         5410    i.Modbus_CRC16      modbus_crc.o
    0x08001e60   0x08001e60   0x00000070   Code   RO         5313    i.Modbus_Event      modbus.o
    0x08001ed0   0x08001ed0   0x00000098   Code   RO         5314    i.Modbus_Func16     modbus.o
    0x08001f68   0x08001f68   0x000000b0   Code   RO         5315    i.Modbus_Func3      modbus.o
    0x08002018   0x08002018   0x0000007c   Code   RO         5316    i.Modbus_Func6      modbus.o
    0x08002094   0x08002094   0x00000018   Code   RO         5317    i.Modbus_Init       modbus.o
    0x080020ac   0x080020ac   0x00000014   Code   RO          428    i.Modbus_Send_Byte  usart.o
    0x080020c0   0x080020c0   0x00000002   Code   RO          488    i.NMI_Handler       stm32f4xx_it.o
    0x080020c2   0x080020c2   0x00000002   PAD
    0x080020c4   0x080020c4   0x0000003c   Code   RO         5437    i.PWR_ON_OFF        pwr_on_off.o
    0x08002100   0x08002100   0x00000016   Code   RO         1796    i.RTC_ByteToBcd2    stm32f4xx_hal_rtc.o
    0x08002116   0x08002116   0x00000002   PAD
    0x08002118   0x08002118   0x00000048   Code   RO         1797    i.RTC_EnterInitMode  stm32f4xx_hal_rtc.o
    0x08002160   0x08002160   0x0000002a   Code   RO         1798    i.RTC_ExitInitMode  stm32f4xx_hal_rtc.o
    0x0800218a   0x0800218a   0x00000008   Code   RO          250    i.Start_BOOT_Task   freertos.o
    0x08002192   0x08002192   0x00000002   PAD
    0x08002194   0x08002194   0x00000024   Code   RO          251    i.Start_LED_Task    freertos.o
    0x080021b8   0x080021b8   0x00000018   Code   RO          252    i.Start_Modbus_Task  freertos.o
    0x080021d0   0x080021d0   0x00000010   Code   RO          253    i.Start_PWR_Task    freertos.o
    0x080021e0   0x080021e0   0x0000002c   Code   RO         4765    i.SysTick_Handler   port.o
    0x0800220c   0x0800220c   0x00000094   Code   RO           15    i.SystemClock_Config  main.o
    0x080022a0   0x080022a0   0x00000010   Code   RO         3510    i.SystemInit        system_stm32f4xx.o
    0x080022b0   0x080022b0   0x0000000c   Code   RO          489    i.TIM2_IRQHandler   stm32f4xx_it.o
    0x080022bc   0x080022bc   0x0000000c   Code   RO          490    i.TIM3_IRQHandler   stm32f4xx_it.o
    0x080022c8   0x080022c8   0x0000000c   Code   RO          491    i.TIM7_IRQHandler   stm32f4xx_it.o
    0x080022d4   0x080022d4   0x000000d8   Code   RO         2268    i.TIM_Base_SetConfig  stm32f4xx_hal_tim.o
    0x080023ac   0x080023ac   0x00000014   Code   RO         2279    i.TIM_ETR_SetConfig  stm32f4xx_hal_tim.o
    0x080023c0   0x080023c0   0x00000010   Code   RO         2280    i.TIM_ITRx_SetConfig  stm32f4xx_hal_tim.o
    0x080023d0   0x080023d0   0x00000022   Code   RO         2286    i.TIM_TI1_ConfigInputStage  stm32f4xx_hal_tim.o
    0x080023f2   0x080023f2   0x00000024   Code   RO         2288    i.TIM_TI2_ConfigInputStage  stm32f4xx_hal_tim.o
    0x08002416   0x08002416   0x00000010   Code   RO         3189    i.UART_DMAAbortOnError  stm32f4xx_hal_uart.o
    0x08002426   0x08002426   0x0000004e   Code   RO         3199    i.UART_EndRxTransfer  stm32f4xx_hal_uart.o
    0x08002474   0x08002474   0x000000c2   Code   RO         3201    i.UART_Receive_IT   stm32f4xx_hal_uart.o
    0x08002536   0x08002536   0x00000002   PAD
    0x08002538   0x08002538   0x0000010c   Code   RO         3202    i.UART_SetConfig    stm32f4xx_hal_uart.o
    0x08002644   0x08002644   0x00000036   Code   RO         3204    i.UART_Start_Receive_IT  stm32f4xx_hal_uart.o
    0x0800267a   0x0800267a   0x00000072   Code   RO         3205    i.UART_WaitOnFlagUntilTimeout  stm32f4xx_hal_uart.o
    0x080026ec   0x080026ec   0x00000054   Code   RO          492    i.USART1_IRQHandler  stm32f4xx_it.o
    0x08002740   0x08002740   0x0000000c   Code   RO          493    i.USART6_IRQHandler  stm32f4xx_it.o
    0x0800274c   0x0800274c   0x00000002   Code   RO          494    i.UsageFault_Handler  stm32f4xx_it.o
    0x0800274e   0x0800274e   0x00000002   PAD
    0x08002750   0x08002750   0x00000020   Code   RO         5612    i.__0printf$1       mc_w.l(printf1.o)
    0x08002770   0x08002770   0x00000020   Code   RO         1393    i.__NVIC_SetPriority  stm32f4xx_hal_cortex.o
    0x08002790   0x08002790   0x0000000e   Code   RO         5870    i.__scatterload_copy  mc_w.l(handlers.o)
    0x0800279e   0x0800279e   0x00000002   Code   RO         5871    i.__scatterload_null  mc_w.l(handlers.o)
    0x080027a0   0x080027a0   0x0000000e   Code   RO         5872    i.__scatterload_zeroinit  mc_w.l(handlers.o)
    0x080027ae   0x080027ae   0x00000002   PAD
    0x080027b0   0x080027b0   0x00000154   Code   RO         5619    i._printf_core      mc_w.l(printf1.o)
    0x08002904   0x08002904   0x00000018   Code   RO          429    i.fputc             usart.o
    0x0800291c   0x0800291c   0x00000050   Code   RO           16    i.main              main.o
    0x0800296c   0x0800296c   0x0000000c   Code   RO         4330    i.makeFreeRtosPriority  cmsis_os.o
    0x08002978   0x08002978   0x0000000e   Code   RO         4332    i.osDelay           cmsis_os.o
    0x08002986   0x08002986   0x0000000a   Code   RO         4335    i.osKernelStart     cmsis_os.o
    0x08002990   0x08002990   0x00000054   Code   RO         4369    i.osThreadCreate    cmsis_os.o
    0x080029e4   0x080029e4   0x00000070   Code   RO         4012    i.prvAddCurrentTaskToDelayedList  tasks.o
    0x08002a54   0x08002a54   0x000000d0   Code   RO         4013    i.prvAddNewTaskToReadyList  tasks.o
    0x08002b24   0x08002b24   0x00000034   Code   RO         4014    i.prvDeleteTCB      tasks.o
    0x08002b58   0x08002b58   0x0000004c   Code   RO         4697    i.prvHeapInit       heap_4.o
    0x08002ba4   0x08002ba4   0x00000060   Code   RO         4015    i.prvIdleTask       tasks.o
    0x08002c04   0x08002c04   0x00000098   Code   RO         4016    i.prvInitialiseNewTask  tasks.o
    0x08002c9c   0x08002c9c   0x0000004c   Code   RO         4698    i.prvInsertBlockIntoFreeList  heap_4.o
    0x08002ce8   0x08002ce8   0x00000020   Code   RO         4017    i.prvResetNextTaskUnblockTime  tasks.o
    0x08002d08   0x08002d08   0x00000028   Code   RO         4766    i.prvTaskExitError  port.o
    0x08002d30   0x08002d30   0x000000dc   Code   RO         4699    i.pvPortMalloc      heap_4.o
    0x08002e0c   0x08002e0c   0x0000002c   Code   RO         4767    i.pxPortInitialiseStack  port.o
    0x08002e38   0x08002e38   0x00000026   Code   RO         3648    i.uxListRemove      list.o
    0x08002e5e   0x08002e5e   0x00000002   PAD
    0x08002e60   0x08002e60   0x00000014   Code   RO          254    i.vApplicationGetIdleTaskMemory  freertos.o
    0x08002e74   0x08002e74   0x00000016   Code   RO         3649    i.vListInitialise   list.o
    0x08002e8a   0x08002e8a   0x00000006   Code   RO         3650    i.vListInitialiseItem  list.o
    0x08002e90   0x08002e90   0x00000030   Code   RO         3651    i.vListInsert       list.o
    0x08002ec0   0x08002ec0   0x00000018   Code   RO         3652    i.vListInsertEnd    list.o
    0x08002ed8   0x08002ed8   0x00000040   Code   RO         4769    i.vPortEnterCritical  port.o
    0x08002f18   0x08002f18   0x00000028   Code   RO         4770    i.vPortExitCritical  port.o
    0x08002f40   0x08002f40   0x00000064   Code   RO         4700    i.vPortFree         heap_4.o
    0x08002fa4   0x08002fa4   0x00000024   Code   RO         4771    i.vPortSetupTimerInterrupt  port.o
    0x08002fc8   0x08002fc8   0x0000004c   Code   RO         4026    i.vTaskDelay        tasks.o
    0x08003014   0x08003014   0x0000006c   Code   RO         4039    i.vTaskStartScheduler  tasks.o
    0x08003080   0x08003080   0x00000010   Code   RO         4041    i.vTaskSuspendAll   tasks.o
    0x08003090   0x08003090   0x0000005c   Code   RO         4042    i.vTaskSwitchContext  tasks.o
    0x080030ec   0x080030ec   0x000000f4   Code   RO         4773    i.xPortStartScheduler  port.o
    0x080031e0   0x080031e0   0x0000005a   Code   RO         4045    i.xTaskCreate       tasks.o
    0x0800323a   0x0800323a   0x00000056   Code   RO         4046    i.xTaskCreateStatic  tasks.o
    0x08003290   0x08003290   0x000000cc   Code   RO         4053    i.xTaskIncrementTick  tasks.o
    0x0800335c   0x0800335c   0x000000c4   Code   RO         4059    i.xTaskResumeAll    tasks.o
    0x08003420   0x08003420   0x00000070   Data   RO          256    .constdata          freertos.o
    0x08003490   0x08003490   0x00000010   Data   RO         3511    .constdata          system_stm32f4xx.o
    0x080034a0   0x080034a0   0x00000008   Data   RO         3512    .constdata          system_stm32f4xx.o
    0x080034a8   0x080034a8   0x00000200   Data   RO         5411    .constdata          modbus_crc.o
    0x080036a8   0x080036a8   0x00000030   Data   RO          257    .conststring        freertos.o
    0x080036d8   0x080036d8   0x00000020   Data   RO         5868    Region$$Table       anon$$obj.o


    Execution Region RW_IRAM1 (Exec base: 0x20000000, Load base: 0x080036f8, Size: 0x00004658, Max: 0x0001c000, ABSOLUTE)

    Exec Addr    Load Addr    Size         Type   Attr      Idx    E Section Name        Object

    0x20000000   0x080036f8   0x00000010   Data   RW          258    .data               freertos.o
    0x20000010   0x08003708   0x0000000c   Data   RW         1542    .data               stm32f4xx_hal.o
    0x2000001c   0x08003714   0x00000004   Data   RW         3513    .data               system_stm32f4xx.o
    0x20000020   0x08003718   0x0000003c   Data   RW         4062    .data               tasks.o
    0x2000005c   0x08003754   0x00000020   Data   RW         4706    .data               heap_4.o
    0x2000007c   0x08003774   0x0000000c   Data   RW         4774    .data               port.o
    0x20000088   0x08003780   0x00000010   Data   RW         5319    .data               modbus.o
    0x20000098   0x08003790   0x00000001   Data   RW         5320    .data               modbus.o
    0x20000099   0x08003791   0x00000003   PAD
    0x2000009c   0x08003794   0x00000004   Data   RW         5844    .data               mc_w.l(stdout.o)
    0x200000a0        -       0x00000254   Zero   RW          255    .bss                freertos.o
    0x200002f4        -       0x00000020   Zero   RW          337    .bss                rtc.o
    0x20000314        -       0x00000090   Zero   RW          380    .bss                tim.o
    0x200003a4        -       0x00000090   Zero   RW          430    .bss                usart.o
    0x20000434        -       0x00000048   Zero   RW          599    .bss                stm32f4xx_hal_timebase_tim.o
    0x2000047c        -       0x000000f0   Zero   RW         4061    .bss                tasks.o
    0x2000056c        -       0x00003c00   Zero   RW         4705    .bss                heap_4.o
    0x2000416c        -       0x000000ec   Zero   RW         5318    .bss                modbus.o
    0x20004258        -       0x00000400   Zero   RW            1    STACK               startup_stm32f407xx.o


    Execution Region RW_IRAM2 (Exec base: 0x2001c000, Load base: 0x08003798, Size: 0x00000000, Max: 0x00004000, ABSOLUTE)

    **** No section assigned to this execution region ****


==============================================================================

Image component sizes


      Code (inc. data)   RO Data    RW Data    ZI Data      Debug   Object Name

       120          0          0          0          0      23881   cmsis_os.o
         0          0          0          0          0      17144   event_groups.o
       208         24        160         16        596       6161   freertos.o
       256         18          0          0          0       1203   gpio.o
       472         24          0         32      15360       7871   heap_4.o
       138          0          0          0          0       3938   list.o
       328         34          0          0          0     755428   main.o
       588         66          0         17        236       5132   modbus.o
        44          4        512          0          0       1529   modbus_crc.o
       702         72          0         12          0      11716   port.o
        60          4          0          0          0        633   pwr_on_off.o
       204         18          0          0         32       1931   rtc.o
        36          8        392          0       1024        900   startup_stm32f407xx.o
       116         18          0         12          0       9178   stm32f4xx_hal.o
       158         14          0          0          0      33358   stm32f4xx_hal_cortex.o
       182          0          0          0          0       2295   stm32f4xx_hal_dma.o
       532         46          0          0          0       3828   stm32f4xx_hal_gpio.o
        56          4          0          0          0        998   stm32f4xx_hal_msp.o
      1408         82          0          0          0       6361   stm32f4xx_hal_rcc.o
       316         20          0          0          0       1520   stm32f4xx_hal_rcc_ex.o
       692         24          0          0          0       6649   stm32f4xx_hal_rtc.o
       210          0          0          0          0       1599   stm32f4xx_hal_rtc_ex.o
      1072         74          0          0          0      11257   stm32f4xx_hal_tim.o
       148         28          0          0          0       2753   stm32f4xx_hal_tim_ex.o
       152         20          0          0         72       1679   stm32f4xx_hal_timebase_tim.o
      1644         16          0          0          0      12962   stm32f4xx_hal_uart.o
       144         36          0          0          0       5935   stm32f4xx_it.o
         0          0          0          0          0        384   stream_buffer.o
        16          4         24          4          0       1327   system_stm32f4xx.o
      1520        112          0         60        240      20594   tasks.o
       304         22          0          0        144       2751   tim.o
       356         46          0          0        144       3962   usart.o

    ----------------------------------------------------------------------
     12212        838       1120        156      17848     966857   Object Totals
         0          0         32          0          0          0   (incl. Generated)
        30          0          0          3          0          0   (incl. Padding)

    ----------------------------------------------------------------------

      Code (inc. data)   RO Data    RW Data    ZI Data      Debug   Library Member Name

         0          0          0          0          0          0   entry.o
         0          0          0          0          0          0   entry10a.o
         0          0          0          0          0          0   entry11a.o
         4          0          0          0          0          0   entry12b.o
         8          4          0          0          0          0   entry2.o
         4          0          0          0          0          0   entry5.o
         0          0          0          0          0          0   entry7b.o
         0          0          0          0          0          0   entry8b.o
         8          4          0          0          0          0   entry9a.o
        30          0          0          0          0          0   handlers.o
        36          8          0          0          0         68   init.o
        30          0          0          0          0         68   llshl.o
        32          0          0          0          0         68   llushr.o
        36          0          0          0          0         68   memcpya.o
        36          0          0          0          0        108   memseta.o
       372         14          0          0          0        184   printf1.o
         0          0          0          4          0          0   stdout.o
        44          0          0          0          0         80   uidiv.o
        98          0          0          0          0         92   uldiv.o

    ----------------------------------------------------------------------
       740         30          0          4          0        736   Library Totals
         2          0          0          0          0          0   (incl. Padding)

    ----------------------------------------------------------------------

      Code (inc. data)   RO Data    RW Data    ZI Data      Debug   Library Name

       738         30          0          4          0        736   mc_w.l

    ----------------------------------------------------------------------
       740         30          0          4          0        736   Library Totals

    ----------------------------------------------------------------------

==============================================================================


      Code (inc. data)   RO Data    RW Data    ZI Data      Debug   

     12952        868       1120        160      17848     954485   Grand Totals
     12952        868       1120        160      17848     954485   ELF Image Totals
     12952        868       1120        160          0          0   ROM Totals

==============================================================================

    Total RO  Size (Code + RO Data)                14072 (  13.74kB)
    Total RW  Size (RW Data + ZI Data)             18008 (  17.59kB)
    Total ROM Size (Code + RO Data + RW Data)      14232 (  13.90kB)

==============================================================================

