Component: ARM Compiler 5.06 update 7 (build 960) Tool: armlink [4d3601]

==============================================================================

Section Cross References

    startup_stm32f407xx.o(RESET) refers to startup_stm32f407xx.o(STACK) for __initial_sp
    startup_stm32f407xx.o(RESET) refers to startup_stm32f407xx.o(.text) for Reset_Handler
    startup_stm32f407xx.o(RESET) refers to stm32f4xx_it.o(i.NMI_Handler) for NMI_Handler
    startup_stm32f407xx.o(RESET) refers to stm32f4xx_it.o(i.HardFault_Handler) for HardFault_Handler
    startup_stm32f407xx.o(RESET) refers to stm32f4xx_it.o(i.MemManage_Handler) for MemManage_Handler
    startup_stm32f407xx.o(RESET) refers to stm32f4xx_it.o(i.BusFault_Handler) for BusFault_Handler
    startup_stm32f407xx.o(RESET) refers to stm32f4xx_it.o(i.UsageFault_Handler) for UsageFault_Handler
    startup_stm32f407xx.o(RESET) refers to port.o(.emb_text) for SVC_Handler
    startup_stm32f407xx.o(RESET) refers to stm32f4xx_it.o(i.DebugMon_Handler) for DebugMon_Handler
    startup_stm32f407xx.o(RESET) refers to port.o(i.SysTick_Handler) for SysTick_Handler
    startup_stm32f407xx.o(RESET) refers to stm32f4xx_it.o(i.TIM2_IRQHandler) for TIM2_IRQHandler
    startup_stm32f407xx.o(RESET) refers to stm32f4xx_it.o(i.TIM3_IRQHandler) for TIM3_IRQHandler
    startup_stm32f407xx.o(RESET) refers to stm32f4xx_it.o(i.USART1_IRQHandler) for USART1_IRQHandler
    startup_stm32f407xx.o(RESET) refers to stm32f4xx_it.o(i.TIM7_IRQHandler) for TIM7_IRQHandler
    startup_stm32f407xx.o(RESET) refers to stm32f4xx_it.o(i.USART6_IRQHandler) for USART6_IRQHandler
    startup_stm32f407xx.o(.text) refers to system_stm32f4xx.o(i.SystemInit) for SystemInit
    startup_stm32f407xx.o(.text) refers to entry.o(.ARM.Collect$$$$00000000) for __main
    main.o(i.HAL_TIM_PeriodElapsedCallback) refers to stm32f4xx_hal.o(i.HAL_IncTick) for HAL_IncTick
    main.o(i.HAL_TIM_PeriodElapsedCallback) refers to modbus.o(.bss) for modbus
    main.o(i.SystemClock_Config) refers to memseta.o(.text) for __aeabi_memclr4
    main.o(i.SystemClock_Config) refers to stm32f4xx_hal_rcc.o(i.HAL_RCC_OscConfig) for HAL_RCC_OscConfig
    main.o(i.SystemClock_Config) refers to stm32f4xx_hal_rcc.o(i.HAL_RCC_ClockConfig) for HAL_RCC_ClockConfig
    main.o(i.main) refers to stm32f4xx_hal.o(i.HAL_Init) for HAL_Init
    main.o(i.main) refers to main.o(i.SystemClock_Config) for SystemClock_Config
    main.o(i.main) refers to gpio.o(i.MX_GPIO_Init) for MX_GPIO_Init
    main.o(i.main) refers to usart.o(i.MX_USART6_UART_Init) for MX_USART6_UART_Init
    main.o(i.main) refers to tim.o(i.MX_TIM2_Init) for MX_TIM2_Init
    main.o(i.main) refers to rtc.o(i.MX_RTC_Init) for MX_RTC_Init
    main.o(i.main) refers to tim.o(i.MX_TIM3_Init) for MX_TIM3_Init
    main.o(i.main) refers to usart.o(i.MX_USART1_UART_Init) for MX_USART1_UART_Init
    main.o(i.main) refers to adc.o(i.MX_ADC1_Init) for MX_ADC1_Init
    main.o(i.main) refers to stm32f4xx_hal_gpio.o(i.HAL_GPIO_WritePin) for HAL_GPIO_WritePin
    main.o(i.main) refers to modbus.o(i.Modbus_Init) for Modbus_Init
    main.o(i.main) refers to freertos.o(i.MX_FREERTOS_Init) for MX_FREERTOS_Init
    main.o(i.main) refers to cmsis_os.o(i.osKernelStart) for osKernelStart
    gpio.o(i.MX_GPIO_Init) refers to memseta.o(.text) for __aeabi_memclr4
    gpio.o(i.MX_GPIO_Init) refers to stm32f4xx_hal_gpio.o(i.HAL_GPIO_WritePin) for HAL_GPIO_WritePin
    gpio.o(i.MX_GPIO_Init) refers to stm32f4xx_hal_gpio.o(i.HAL_GPIO_Init) for HAL_GPIO_Init
    freertos.o(i.MX_FREERTOS_Init) refers to memcpya.o(.text) for __aeabi_memcpy4
    freertos.o(i.MX_FREERTOS_Init) refers to cmsis_os.o(i.osThreadCreate) for osThreadCreate
    freertos.o(i.MX_FREERTOS_Init) refers to freertos.o(.constdata) for .constdata
    freertos.o(i.MX_FREERTOS_Init) refers to freertos.o(.data) for .data
    freertos.o(i.Start_B3950_Task) refers to cmsis_os.o(i.osDelay) for osDelay
    freertos.o(i.Start_BOOT_Task) refers to cmsis_os.o(i.osDelay) for osDelay
    freertos.o(i.Start_FAN_Task) refers to stm32f4xx_hal_gpio.o(i.HAL_GPIO_WritePin) for HAL_GPIO_WritePin
    freertos.o(i.Start_FAN_Task) refers to cmsis_os.o(i.osDelay) for osDelay
    freertos.o(i.Start_FAN_Task) refers to modbus.o(.data) for Reg
    freertos.o(i.Start_LED_Task) refers to cmsis_os.o(i.osDelay) for osDelay
    freertos.o(i.Start_Modbus_Task) refers to modbus.o(i.Modbus_Event) for Modbus_Event
    freertos.o(i.Start_Modbus_Task) refers to modbus.o(.bss) for modbus
    freertos.o(i.Start_PWR_Task) refers to cmsis_os.o(i.osDelay) for osDelay
    freertos.o(i.Start_PWR_Task) refers to pwr_on_off.o(i.PWR_ON_OFF) for PWR_ON_OFF
    freertos.o(i.Start_liquid) refers to flash_write_read.o(i.STMFLASH_Read) for STMFLASH_Read
    freertos.o(i.Start_liquid) refers to water_tank_liquid.o(i.Water_tank_liquid_low) for Water_tank_liquid_low
    freertos.o(i.Start_liquid) refers to water_tank_liquid.o(i.Water_tank_liquid_high) for Water_tank_liquid_high
[...]
    ..\\HARDWARE\\control\\control.c         0x00000000   Number         0  control.o ABSOLUTE
    ..\\HARDWARE\\dinogame\\dinogame.c       0x00000000   Number         0  dinogame.o ABSOLUTE
    ..\\HARDWARE\\flash_write_read\\flash_write_read.C 0x00000000   Number         0  flash_write_read.o ABSOLUTE
    ..\\HARDWARE\\modbus\\modbus.C           0x00000000   Number         0  modbus.o ABSOLUTE
    ..\\HARDWARE\\modbus\\modbus_crc.c       0x00000000   Number         0  modbus_crc.o ABSOLUTE
    ..\\SYSTEM\\delay\\delay.c               0x00000000   Number         0  delay.o ABSOLUTE
    ..\\SYSTEM\\sys\\sys.c                   0x00000000   Number         0  sys.o ABSOLUTE
    cdrcmple.s                               0x00000000   Number         0  cdrcmple.o ABSOLUTE
    dc.s                                     0x00000000   Number         0  dc.o ABSOLUTE
    handlers.s                               0x00000000   Number         0  handlers.o ABSOLUTE
    init.s                                   0x00000000   Number         0  init.o ABSOLUTE
    startup_stm32f407xx.s                    0x00000000   Number         0  startup_stm32f407xx.o ABSOLUTE
    RESET                                    0x08000000   Section      392  startup_stm32f407xx.o(RESET)
    .ARM.Collect$$$$00000000                 0x08000188   Section        0  entry.o(.ARM.Collect$$$$00000000)
    .ARM.Collect$$$$00000001                 0x08000188   Section        4  entry2.o(.ARM.Collect$$$$00000001)
    .ARM.Collect$$$$00000004                 0x0800018c   Section        4  entry5.o(.ARM.Collect$$$$00000004)
    .ARM.Collect$$$$00000008                 0x08000190   Section        0  entry7b.o(.ARM.Collect$$$$00000008)
    .ARM.Collect$$$$0000000A                 0x08000190   Section        0  entry8b.o(.ARM.Collect$$$$0000000A)
    .ARM.Collect$$$$0000000B                 0x08000190   Section        8  entry9a.o(.ARM.Collect$$$$0000000B)
    .ARM.Collect$$$$0000000E                 0x08000198   Section        4  entry12b.o(.ARM.Collect$$$$0000000E)
    .ARM.Collect$$$$0000000F                 0x0800019c   Section        0  entry10a.o(.ARM.Collect$$$$0000000F)
    .ARM.Collect$$$$00000011                 0x0800019c   Section        0  entry11a.o(.ARM.Collect$$$$00000011)
    .ARM.Collect$$$$00002712                 0x0800019c   Section        4  entry2.o(.ARM.Collect$$$$00002712)
    __lit__00000000                          0x0800019c   Data           4  entry2.o(.ARM.Collect$$$$00002712)
    .emb_text                                0x080001a0   Section      190  port.o(.emb_text)
    $v0                                      0x080001a0   Number         0  port.o(.emb_text)
    .text                                    0x08000260   Section       36  startup_stm32f407xx.o(.text)
    $v0                                      0x08000260   Number         0  startup_stm32f407xx.o(.text)
    .text                                    0x08000284   Section        0  uldiv.o(.text)
    .text                                    0x080002e6   Section        0  memcpya.o(.text)
    .text                                    0x0800030a   Section        0  memseta.o(.text)
    .text                                    0x0800032e   Section        0  llshl.o(.text)
    .text                                    0x0800034c   Section        0  llushr.o(.text)
    .text                                    0x0800036c   Section       36  init.o(.text)
    i.ADC_Init                               0x08000390   Section        0  stm32f4xx_hal_adc.o(i.ADC_Init)
    ADC_Init                                 0x08000391   Thumb Code   284  stm32f4xx_hal_adc.o(i.ADC_Init)
    i.BusFault_Handler                       0x080004b8   Section        0  stm32f4xx_it.o(i.BusFault_Handler)
    i.DebugMon_Handler                       0x080004ba   Section        0  stm32f4xx_it.o(i.DebugMon_Handler)
    i.Error_Handler                          0x080004bc   Section        0  main.o(i.Error_Handler)
    i.FLASH_Erase_Sector                     0x080004c0   Section        0  stm32f4xx_hal_flash_ex.o(i.FLASH_Erase_Sector)
    i.FLASH_FlushCaches                      0x08000510   Section        0  stm32f4xx_hal_flash_ex.o(i.FLASH_FlushCaches)
    i.FLASH_MassErase                        0x08000564   Section        0  stm32f4xx_hal_flash_ex.o(i.FLASH_MassErase)
    FLASH_MassErase                          0x08000565   Thumb Code    34  stm32f4xx_hal_flash_ex.o(i.FLASH_MassErase)
    i.FLASH_Program_Byte                     0x0800058c   Section        0  stm32f4xx_hal_flash.o(i.FLASH_Program_Byte)
    FLASH_Program_Byte                       0x0800058d   Thumb Code    26  stm32f4xx_hal_flash.o(i.FLASH_Program_Byte)
    i.FLASH_Program_DoubleWord               0x080005ac   Section        0  stm32f4xx_hal_flash.o(i.FLASH_Program_DoubleWord)
    FLASH_Program_DoubleWord                 0x080005ad   Thumb Code    38  stm32f4xx_hal_flash.o(i.FLASH_Program_DoubleWord)
    i.FLASH_Program_HalfWord                 0x080005d8   Section        0  stm32f4xx_hal_flash.o(i.FLASH_Program_HalfWord)
    FLASH_Program_HalfWord                   0x080005d9   Thumb Code    30  stm32f4xx_hal_flash.o(i.FLASH_Program_HalfWord)
    i.FLASH_Program_Word                     0x080005fc   Section        0  stm32f4xx_hal_flash.o(i.FLASH_Program_Word)
    FLASH_Program_Word                       0x080005fd   Thumb Code    30  stm32f4xx_hal_flash.o(i.FLASH_Program_Word)
    i.FLASH_SetErrorCode                     0x08000620   Section        0  stm32f4xx_hal_flash.o(i.FLASH_SetErrorCode)
    FLASH_SetErrorCode                       0x08000621   Thumb Code    96  stm32f4xx_hal_flash.o(i.FLASH_SetErrorCode)
    i.FLASH_WaitForLastOperation             0x08000688   Section        0  stm32f4xx_hal_flash.o(i.FLASH_WaitForLastOperation)
    i.HAL_ADC_ConfigChannel                  0x080006d8   Section        0  stm32f4xx_hal_adc.o(i.HAL_ADC_ConfigChannel)
    i.HAL_ADC_Init                           0x08000824   Section        0  stm32f4xx_hal_adc.o(i.HAL_ADC_Init)
    i.HAL_ADC_MspInit                        0x08000878   Section        0  adc.o(i.HAL_ADC_MspInit)
    i.HAL_DMA_Abort                          0x080008d8   Section        0  stm32f4xx_hal_dma.o(i.HAL_DMA_Abort)
    i.HAL_DMA_Abort_IT                       0x0800096a   Section        0  stm32f4xx_hal_dma.o(i.HAL_DMA_Abort_IT)
    i.HAL_Delay                              0x08000990   Section        0  stm32f4xx_hal.o(i.HAL_Delay)
    i.HAL_FLASHEx_Erase                      0x080009b4   Section        0  stm32f4xx_hal_flash_ex.o(i.HAL_FLASHEx_Erase)
    i.HAL_FLASH_Lock                         0x08000a4c   Section        0  stm32f4xx_hal_flash.o(i.HAL_FLASH_Lock)
    i.HAL_FLASH_Program                      0x08000a60   Section        0  stm32f4xx_hal_flash.o(i.HAL_FLASH_Program)
    i.HAL_FLASH_Unlock                       0x08000adc   Section        0  stm32f4xx_hal_flash.o(i.HAL_FLASH_Unlock)
    i.HAL_GPIO_Init                          0x08000b08   Section        0  stm32f4xx_hal_gpio.o(i.HAL_GPIO_Init)
    i.HAL_GPIO_ReadPin                       0x08000cf8   Section        0  stm32f4xx_hal_gpio.o(i.HAL_GPIO_ReadPin)
    i.HAL_GPIO_TogglePin                     0x08000d02   Section        0  stm32f4xx_hal_gpio.o(i.HAL_GPIO_TogglePin)
    i.HAL_GPIO_WritePin                      0x08000d12   Section        0  stm32f4xx_hal_gpio.o(i.HAL_GPIO_WritePin)
    i.HAL_GetTick                            0x08000d1c   Section        0  stm32f4xx_hal.o(i.HAL_GetTick)
    i.HAL_IncTick                            0x08000d28   Section        0  stm32f4xx_hal.o(i.HAL_IncTick)
    i.HAL_Init                               0x08000d38   Section        0  stm32f4xx_hal.o(i.HAL_Init)
    i.HAL_InitTick                           0x08000d6c   Section        0  stm32f4xx_hal_timebase_tim.o(i.HAL_InitTick)
    i.HAL_MspInit                            0x08000e04   Section        0  stm32f4xx_hal_msp.o(i.HAL_MspInit)
    i.HAL_NVIC_EnableIRQ                     0x08000e3c   Section        0  stm32f4xx_hal_cortex.o(i.HAL_NVIC_EnableIRQ)
    i.HAL_NVIC_SetPriority                   0x08000e58   Section        0  stm32f4xx_hal_cortex.o(i.HAL_NVIC_SetPriority)
    i.HAL_NVIC_SetPriorityGrouping           0x08000e98   Section        0  stm32f4xx_hal_cortex.o(i.HAL_NVIC_SetPriorityGrouping)
    i.HAL_NVIC_SystemReset                   0x08000ebc   Section        0  stm32f4xx_hal_cortex.o(i.HAL_NVIC_SystemReset)
    i.HAL_RCCEx_PeriphCLKConfig              0x08000ee0   Section        0  stm32f4xx_hal_rcc_ex.o(i.HAL_RCCEx_PeriphCLKConfig)
    i.HAL_RCC_ClockConfig                    0x0800101c   Section        0  stm32f4xx_hal_rcc.o(i.HAL_RCC_ClockConfig)
    i.HAL_RCC_GetClockConfig                 0x08001150   Section        0  stm32f4xx_hal_rcc.o(i.HAL_RCC_GetClockConfig)
    i.HAL_RCC_GetPCLK1Freq                   0x08001190   Section        0  stm32f4xx_hal_rcc.o(i.HAL_RCC_GetPCLK1Freq)
    i.HAL_RCC_GetPCLK2Freq                   0x080011b0   Section        0  stm32f4xx_hal_rcc.o(i.HAL_RCC_GetPCLK2Freq)
    i.HAL_RCC_GetSysClockFreq                0x080011d0   Section        0  stm32f4xx_hal_rcc.o(i.HAL_RCC_GetSysClockFreq)
    i.HAL_RCC_OscConfig                      0x08001230   Section        0  stm32f4xx_hal_rcc.o(i.HAL_RCC_OscConfig)
    i.HAL_RTCEx_SetWakeUpTimer               0x0800159c   Section        0  stm32f4xx_hal_rtc_ex.o(i.HAL_RTCEx_SetWakeUpTimer)
    i.HAL_RTC_Init                           0x08001670   Section        0  stm32f4xx_hal_rtc.o(i.HAL_RTC_Init)
    i.HAL_RTC_MspInit                        0x0800170c   Section        0  rtc.o(i.HAL_RTC_MspInit)
    i.HAL_RTC_SetDate                        0x08001744   Section        0  stm32f4xx_hal_rtc.o(i.HAL_RTC_SetDate)
    i.HAL_RTC_SetTime                        0x080017dc   Section        0  stm32f4xx_hal_rtc.o(i.HAL_RTC_SetTime)
    i.HAL_RTC_WaitForSynchro                 0x0800189c   Section        0  stm32f4xx_hal_rtc.o(i.HAL_RTC_WaitForSynchro)
    i.HAL_TIMEx_BreakCallback                0x080018d4   Section        0  stm32f4xx_hal_tim_ex.o(i.HAL_TIMEx_BreakCallback)
    i.HAL_TIMEx_CommutCallback               0x080018d6   Section        0  stm32f4xx_hal_tim_ex.o(i.HAL_TIMEx_CommutCallback)
    i.HAL_TIMEx_MasterConfigSynchronization  0x080018d8   Section        0  stm32f4xx_hal_tim_ex.o(i.HAL_TIMEx_MasterConfigSynchronization)
    i.HAL_TIM_Base_Init                      0x08001968   Section        0  stm32f4xx_hal_tim.o(i.HAL_TIM_Base_Init)
    i.HAL_TIM_Base_MspInit                   0x080019c4   Section        0  tim.o(i.HAL_TIM_Base_MspInit)
    i.HAL_TIM_Base_Start_IT                  0x08001a24   Section        0  stm32f4xx_hal_tim.o(i.HAL_TIM_Base_Start_IT)
    i.HAL_TIM_ConfigClockSource              0x08001aa4   Section        0  stm32f4xx_hal_tim.o(i.HAL_TIM_ConfigClockSource)
    i.HAL_TIM_IC_CaptureCallback             0x08001b80   Section        0  stm32f4xx_hal_tim.o(i.HAL_TIM_IC_CaptureCallback)
    i.HAL_TIM_IRQHandler                     0x08001b82   Section        0  stm32f4xx_hal_tim.o(i.HAL_TIM_IRQHandler)
    i.HAL_TIM_OC_DelayElapsedCallback        0x08001cb2   Section        0  stm32f4xx_hal_tim.o(i.HAL_TIM_OC_DelayElapsedCallback)
    i.HAL_TIM_PWM_PulseFinishedCallback      0x08001cb4   Section        0  stm32f4xx_hal_tim.o(i.HAL_TIM_PWM_PulseFinishedCallback)
    i.HAL_TIM_PeriodElapsedCallback          0x08001cb8   Section        0  main.o(i.HAL_TIM_PeriodElapsedCallback)
    i.HAL_TIM_TriggerCallback                0x08001d18   Section        0  stm32f4xx_hal_tim.o(i.HAL_TIM_TriggerCallback)
    i.HAL_UARTEx_RxEventCallback             0x08001d1a   Section        0  stm32f4xx_hal_uart.o(i.HAL_UARTEx_RxEventCallback)
    i.HAL_UART_ErrorCallback                 0x08001d1c   Section        0  stm32f4xx_hal_uart.o(i.HAL_UART_ErrorCallback)
    i.HAL_UART_IRQHandler                    0x08001d20   Section        0  stm32f4xx_hal_uart.o(i.HAL_UART_IRQHandler)
    i.HAL_UART_Init                          0x08001f90   Section        0  stm32f4xx_hal_uart.o(i.HAL_UART_Init)
    i.HAL_UART_MspInit                       0x08001ff4   Section        0  usart.o(i.HAL_UART_MspInit)
    i.HAL_UART_RxCpltCallback                0x080020bc   Section        0  stm32f4xx_hal_uart.o(i.HAL_UART_RxCpltCallback)
    i.HAL_UART_Transmit                      0x080020be   Section        0  stm32f4xx_hal_uart.o(i.HAL_UART_Transmit)
    i.HAL_UART_TxCpltCallback                0x0800215e   Section        0  stm32f4xx_hal_uart.o(i.HAL_UART_TxCpltCallback)
    i.HardFault_Handler                      0x08002160   Section        0  stm32f4xx_it.o(i.HardFault_Handler)
    i.MX_ADC1_Init                           0x08002164   Section        0  adc.o(i.MX_ADC1_Init)
    i.MX_FREERTOS_Init                       0x080021c8   Section        0  freertos.o(i.MX_FREERTOS_Init)
    i.MX_GPIO_Init                           0x08002274   Section        0  gpio.o(i.MX_GPIO_Init)
    i.MX_RTC_Init                            0x080023a0   Section        0  rtc.o(i.MX_RTC_Init)
    i.MX_TIM2_Init                           0x08002434   Section        0  tim.o(i.MX_TIM2_Init)
    i.MX_TIM3_Init                           0x08002498   Section        0  tim.o(i.MX_TIM3_Init)
    i.MX_USART1_UART_Init                    0x08002504   Section        0  usart.o(i.MX_USART1_UART_Init)
    i.MX_USART6_UART_Init                    0x08002544   Section        0  usart.o(i.MX_USART6_UART_Init)
    i.MemManage_Handler                      0x0800257c   Section        0  stm32f4xx_it.o(i.MemManage_Handler)
    i.Modbus_CRC16                           0x08002580   Section        0  modbus_crc.o(i.Modbus_CRC16)
    i.Modbus_Event                           0x080025ac   Section        0  modbus.o(i.Modbus_Event)
    i.Modbus_Func16                          0x0800261c   Section        0  modbus.o(i.Modbus_Func16)
    i.Modbus_Func3                           0x080026b4   Section        0  modbus.o(i.Modbus_Func3)
    i.Modbus_Func6                           0x08002754   Section        0  modbus.o(i.Modbus_Func6)
    i.Modbus_Init                            0x080027d0   Section        0  modbus.o(i.Modbus_Init)
    i.Modbus_Send_Byte                       0x080027e8   Section        0  usart.o(i.Modbus_Send_Byte)
    i.NMI_Handler                            0x080027fc   Section        0  stm32f4xx_it.o(i.NMI_Handler)
    i.PWR_ON_OFF                             0x08002800   Section        0  pwr_on_off.o(i.PWR_ON_OFF)
    i.RTC_ByteToBcd2                         0x0800283c   Section        0  stm32f4xx_hal_rtc.o(i.RTC_ByteToBcd2)
    i.RTC_EnterInitMode                      0x08002854   Section        0  stm32f4xx_hal_rtc.o(i.RTC_EnterInitMode)
    i.RTC_ExitInitMode                       0x0800289c   Section        0  stm32f4xx_hal_rtc.o(i.RTC_ExitInitMode)
    i.STMFLASH_GetFlashSector                0x080028c8   Section        0  flash_write_read.o(i.STMFLASH_GetFlashSector)
    i.STMFLASH_Read                          0x08002968   Section        0  flash_write_read.o(i.STMFLASH_Read)
    i.STMFLASH_Write                         0x0800297c   Section        0  flash_write_read.o(i.STMFLASH_Write)
    i.Start_B3950_Task                       0x08002a14   Section        0  freertos.o(i.Start_B3950_Task)
    i.Start_BOOT_Task                        0x08002a1c   Section        0  freertos.o(i.Start_BOOT_Task)
    i.Start_FAN_Task                         0x08002a24   Section        0  freertos.o(i.Start_FAN_Task)
    i.Start_LED_Task                         0x08002a80   Section        0  freertos.o(i.Start_LED_Task)
    i.Start_Modbus_Task                      0x08002a8c   Section        0  freertos.o(i.Start_Modbus_Task)
    i.Start_PWR_Task                         0x08002aa4   Section        0  freertos.o(i.Start_PWR_Task)
    i.Start_liquid                           0x08002ab4   Section        0  freertos.o(i.Start_liquid)
    i.SysTick_Handler                        0x08002ba0   Section        0  port.o(i.SysTick_Handler)
    i.SystemClock_Config                     0x08002bcc   Section        0  main.o(i.SystemClock_Config)
    i.SystemInit                             0x08002c60   Section        0  system_stm32f4xx.o(i.SystemInit)
    i.TIM2_IRQHandler                        0x08002c70   Section        0  stm32f4xx_it.o(i.TIM2_IRQHandler)
    i.TIM3_IRQHandler                        0x08002c7c   Section        0  stm32f4xx_it.o(i.TIM3_IRQHandler)
    i.TIM7_IRQHandler                        0x08002c88   Section        0  stm32f4xx_it.o(i.TIM7_IRQHandler)
    i.TIM_Base_SetConfig                     0x08002c94   Section        0  stm32f4xx_hal_tim.o(i.TIM_Base_SetConfig)
    i.TIM_ETR_SetConfig                      0x08002d6c   Section        0  stm32f4xx_hal_tim.o(i.TIM_ETR_SetConfig)
    i.TIM_ITRx_SetConfig                     0x08002d80   Section        0  stm32f4xx_hal_tim.o(i.TIM_ITRx_SetConfig)
    TIM_ITRx_SetConfig                       0x08002d81   Thumb Code    16  stm32f4xx_hal_tim.o(i.TIM_ITRx_SetConfig)
    i.TIM_TI1_ConfigInputStage               0x08002d90   Section        0  stm32f4xx_hal_tim.o(i.TIM_TI1_ConfigInputStage)
    TIM_TI1_ConfigInputStage                 0x08002d91   Thumb Code    34  stm32f4xx_hal_tim.o(i.TIM_TI1_ConfigInputStage)
    i.TIM_TI2_ConfigInputStage               0x08002db2   Section        0  stm32f4xx_hal_tim.o(i.TIM_TI2_ConfigInputStage)
    TIM_TI2_ConfigInputStage                 0x08002db3   Thumb Code    36  stm32f4xx_hal_tim.o(i.TIM_TI2_ConfigInputStage)
    i.UART_DMAAbortOnError                   0x08002dd6   Section        0  stm32f4xx_hal_uart.o(i.UART_DMAAbortOnError)
    UART_DMAAbortOnError                     0x08002dd7   Thumb Code    16  stm32f4xx_hal_uart.o(i.UART_DMAAbortOnError)
    i.UART_EndRxTransfer                     0x08002de6   Section        0  stm32f4xx_hal_uart.o(i.UART_EndRxTransfer)
    UART_EndRxTransfer                       0x08002de7   Thumb Code    78  stm32f4xx_hal_uart.o(i.UART_EndRxTransfer)
    i.UART_Receive_IT                        0x08002e34   Section        0  stm32f4xx_hal_uart.o(i.UART_Receive_IT)
    UART_Receive_IT                          0x08002e35   Thumb Code   194  stm32f4xx_hal_uart.o(i.UART_Receive_IT)
    i.UART_SetConfig                         0x08002ef8   Section        0  stm32f4xx_hal_uart.o(i.UART_SetConfig)
    UART_SetConfig                           0x08002ef9   Thumb Code   258  stm32f4xx_hal_uart.o(i.UART_SetConfig)
    i.UART_WaitOnFlagUntilTimeout            0x08003004   Section        0  stm32f4xx_hal_uart.o(i.UART_WaitOnFlagUntilTimeout)
    UART_WaitOnFlagUntilTimeout              0x08003005   Thumb Code   114  stm32f4xx_hal_uart.o(i.UART_WaitOnFlagUntilTimeout)
    i.USART1_IRQHandler                      0x08003078   Section        0  stm32f4xx_it.o(i.USART1_IRQHandler)
    i.USART6_IRQHandler                      0x080030d0   Section        0  stm32f4xx_it.o(i.USART6_IRQHandler)
    i.UsageFault_Handler                     0x080030dc   Section        0  stm32f4xx_it.o(i.UsageFault_Handler)
    i.Water_tank_liquid_high                 0x080030e0   Section        0  water_tank_liquid.o(i.Water_tank_liquid_high)
    i.Water_tank_liquid_low                  0x0800310c   Section        0  water_tank_liquid.o(i.Water_tank_liquid_low)
    i.__NVIC_SetPriority                     0x08003138   Section        0  stm32f4xx_hal_cortex.o(i.__NVIC_SetPriority)
    __NVIC_SetPriority                       0x08003139   Thumb Code    32  stm32f4xx_hal_cortex.o(i.__NVIC_SetPriority)
    i.__scatterload_copy                     0x08003158   Section       14  handlers.o(i.__scatterload_copy)
    i.__scatterload_null                     0x08003166   Section        2  handlers.o(i.__scatterload_null)
    i.__scatterload_zeroinit                 0x08003168   Section       14  handlers.o(i.__scatterload_zeroinit)
    i.main                                   0x08003178   Section        0  main.o(i.main)
    i.makeFreeRtosPriority                   0x080031b8   Section        0  cmsis_os.o(i.makeFreeRtosPriority)
    makeFreeRtosPriority                     0x080031b9   Thumb Code    12  cmsis_os.o(i.makeFreeRtosPriority)
    i.osDelay                                0x080031c4   Section        0  cmsis_os.o(i.osDelay)
    i.osKernelStart                          0x080031d2   Section        0  cmsis_os.o(i.osKernelStart)
    i.osThreadCreate                         0x080031dc   Section        0  cmsis_os.o(i.osThreadCreate)
    i.prvAddCurrentTaskToDelayedList         0x08003230   Section        0  tasks.o(i.prvAddCurrentTaskToDelayedList)
    prvAddCurrentTaskToDelayedList           0x08003231   Thumb Code   102  tasks.o(i.prvAddCurrentTaskToDelayedList)
    i.prvAddNewTaskToReadyList               0x080032a0   Section        0  tasks.o(i.prvAddNewTaskToReadyList)
    prvAddNewTaskToReadyList                 0x080032a1   Thumb Code   194  tasks.o(i.prvAddNewTaskToReadyList)
    i.prvDeleteTCB                           0x08003370   Section        0  tasks.o(i.prvDeleteTCB)
    prvDeleteTCB                             0x08003371   Thumb Code    52  tasks.o(i.prvDeleteTCB)
    i.prvHeapInit                            0x080033a4   Section        0  heap_4.o(i.prvHeapInit)
    prvHeapInit                              0x080033a5   Thumb Code    66  heap_4.o(i.prvHeapInit)
    i.prvIdleTask                            0x080033f0   Section        0  tasks.o(i.prvIdleTask)
    prvIdleTask                              0x080033f1   Thumb Code    82  tasks.o(i.prvIdleTask)
    i.prvInitialiseNewTask                   0x08003450   Section        0  tasks.o(i.prvInitialiseNewTask)
    prvInitialiseNewTask                     0x08003451   Thumb Code   152  tasks.o(i.prvInitialiseNewTask)
    i.prvInsertBlockIntoFreeList             0x080034e8   Section        0  heap_4.o(i.prvInsertBlockIntoFreeList)
    prvInsertBlockIntoFreeList               0x080034e9   Thumb Code    72  heap_4.o(i.prvInsertBlockIntoFreeList)
    i.prvResetNextTaskUnblockTime            0x08003534   Section        0  tasks.o(i.prvResetNextTaskUnblockTime)
    prvResetNextTaskUnblockTime              0x08003535   Thumb Code    26  tasks.o(i.prvResetNextTaskUnblockTime)
    i.prvTaskExitError                       0x08003554   Section        0  port.o(i.prvTaskExitError)
    prvTaskExitError                         0x08003555   Thumb Code    36  port.o(i.prvTaskExitError)
    i.pvPortMalloc                           0x0800357c   Section        0  heap_4.o(i.pvPortMalloc)
    i.pxPortInitialiseStack                  0x08003658   Section        0  port.o(i.pxPortInitialiseStack)
    i.uxListRemove                           0x08003684   Section        0  list.o(i.uxListRemove)
    i.vApplicationGetIdleTaskMemory          0x080036ac   Section        0  freertos.o(i.vApplicationGetIdleTaskMemory)
    i.vListInitialise                        0x080036c0   Section        0  list.o(i.vListInitialise)
    i.vListInitialiseItem                    0x080036d6   Section        0  list.o(i.vListInitialiseItem)
    i.vListInsert                            0x080036dc   Section        0  list.o(i.vListInsert)
    i.vListInsertEnd                         0x0800370c   Section        0  list.o(i.vListInsertEnd)
    i.vPortEnterCritical                     0x08003724   Section        0  port.o(i.vPortEnterCritical)
    i.vPortExitCritical                      0x08003764   Section        0  port.o(i.vPortExitCritical)
    i.vPortFree                              0x0800378c   Section        0  heap_4.o(i.vPortFree)
    i.vPortSetupTimerInterrupt               0x080037f0   Section        0  port.o(i.vPortSetupTimerInterrupt)
    i.vTaskDelay                             0x08003814   Section        0  tasks.o(i.vTaskDelay)
    i.vTaskStartScheduler                    0x08003860   Section        0  tasks.o(i.vTaskStartScheduler)
    i.vTaskSuspendAll                        0x080038cc   Section        0  tasks.o(i.vTaskSuspendAll)
    i.vTaskSwitchContext                     0x080038dc   Section        0  tasks.o(i.vTaskSwitchContext)
    i.xPortStartScheduler                    0x08003938   Section        0  port.o(i.xPortStartScheduler)
    i.xTaskCreate                            0x08003a2c   Section        0  tasks.o(i.xTaskCreate)
    i.xTaskCreateStatic                      0x08003a86   Section        0  tasks.o(i.xTaskCreateStatic)
    i.xTaskIncrementTick                     0x08003adc   Section        0  tasks.o(i.xTaskIncrementTick)
    i.xTaskResumeAll                         0x08003ba8   Section        0  tasks.o(i.xTaskResumeAll)
    .constdata                               0x08003c6c   Section      196  freertos.o(.constdata)
    .constdata                               0x08003d30   Section       16  system_stm32f4xx.o(.constdata)
    .constdata                               0x08003d40   Section        8  system_stm32f4xx.o(.constdata)
    .constdata                               0x08003d48   Section      512  modbus_crc.o(.constdata)
    .conststring                             0x08003f48   Section       80  freertos.o(.conststring)
    .data                                    0x20000000   Section       28  freertos.o(.data)
    .data                                    0x2000001c   Section       12  stm32f4xx_hal.o(.data)
    .data                                    0x20000028   Section        4  system_stm32f4xx.o(.data)
    .data                                    0x2000002c   Section       60  tasks.o(.data)
    uxDeletedTasksWaitingCleanUp             0x20000030   Data           4  tasks.o(.data)
    uxCurrentNumberOfTasks                   0x20000034   Data           4  tasks.o(.data)
    xTickCount                               0x20000038   Data           4  tasks.o(.data)
    uxTopReadyPriority                       0x2000003c   Data           4  tasks.o(.data)
    xSchedulerRunning                        0x20000040   Data           4  tasks.o(.data)
    xPendedTicks                             0x20000044   Data           4  tasks.o(.data)
    xYieldPending                            0x20000048   Data           4  tasks.o(.data)
    xNumOfOverflows                          0x2000004c   Data           4  tasks.o(.data)
    uxTaskNumber                             0x20000050   Data           4  tasks.o(.data)
    xNextTaskUnblockTime                     0x20000054   Data           4  tasks.o(.data)
    xIdleTaskHandle                          0x20000058   Data           4  tasks.o(.data)
    uxSchedulerSuspended                     0x2000005c   Data           4  tasks.o(.data)
    pxDelayedTaskList                        0x20000060   Data           4  tasks.o(.data)
    pxOverflowDelayedTaskList                0x20000064   Data           4  tasks.o(.data)
    .data                                    0x20000068   Section       32  heap_4.o(.data)
    pxEnd                                    0x20000068   Data           4  heap_4.o(.data)
    xFreeBytesRemaining                      0x2000006c   Data           4  heap_4.o(.data)
    xMinimumEverFreeBytesRemaining           0x20000070   Data           4  heap_4.o(.data)
    xNumberOfSuccessfulAllocations           0x20000074   Data           4  heap_4.o(.data)
    xNumberOfSuccessfulFrees                 0x20000078   Data           4  heap_4.o(.data)
    xBlockAllocatedBit                       0x2000007c   Data           4  heap_4.o(.data)
    xStart                                   0x20000080   Data           8  heap_4.o(.data)
    .data                                    0x20000088   Section       12  port.o(.data)
    ucMaxSysCallPriority                     0x20000088   Data           1  port.o(.data)
    uxCriticalNesting                        0x2000008c   Data           4  port.o(.data)
    ulMaxPRIGROUPValue                       0x20000090   Data           4  port.o(.data)
    .data                                    0x20000094   Section       16  modbus.o(.data)
    .data                                    0x200000a4   Section        1  modbus.o(.data)
    .data                                    0x200000a6   Section        2  flash_write_read.o(.data)
    .bss                                     0x200000a8   Section      596  freertos.o(.bss)
    xIdleTaskTCBBuffer                       0x200000a8   Data          84  freertos.o(.bss)
    xIdleStack                               0x200000fc   Data         512  freertos.o(.bss)
    .bss                                     0x200002fc   Section       72  adc.o(.bss)
    .bss                                     0x20000344   Section       32  rtc.o(.bss)
    .bss                                     0x20000364   Section      144  tim.o(.bss)
    .bss                                     0x200003f4   Section      144  usart.o(.bss)
    .bss                                     0x20000484   Section       72  stm32f4xx_hal_timebase_tim.o(.bss)
    .bss                                     0x200004cc   Section       32  stm32f4xx_hal_flash.o(.bss)
    .bss                                     0x200004ec   Section      240  tasks.o(.bss)
    pxReadyTasksLists                        0x200004ec   Data         140  tasks.o(.bss)
    xDelayedTaskList1                        0x20000578   Data          20  tasks.o(.bss)
    xDelayedTaskList2                        0x2000058c   Data          20  tasks.o(.bss)
    xPendingReadyList                        0x200005a0   Data          20  tasks.o(.bss)
    xTasksWaitingTermination                 0x200005b4   Data          20  tasks.o(.bss)
    xSuspendedTaskList                       0x200005c8   Data          20  tasks.o(.bss)
    .bss                                     0x200005dc   Section    15360  heap_4.o(.bss)
    ucHeap                                   0x200005dc   Data       15360  heap_4.o(.bss)
    .bss                                     0x200041dc   Section      236  modbus.o(.bss)
    STACK                                    0x200042c8   Section     1024  startup_stm32f407xx.o(STACK)

    Global Symbols

    Symbol Name                              Value     Ov Type        Size  Object(Section)

    BuildAttributes$$THM_ISAv4$E$P$D$K$B$S$7EM$VFPi3$EXTD16$VFPS$VFMA$PE$A:L22UL41UL21$X:L11$S22US41US21$IEEE1$IW$USESV6$~STKCKD$USESV7$~SHL$OSPACE$ROPI$EBA8$MICROLIB$REQ8$PRES8$EABIv2 0x00000000   Number         0  anon$$obj.o ABSOLUTE
    __ARM_use_no_argv                        0x00000000   Number         0  main.o ABSOLUTE
    _printf_a                                0x00000000   Number         0  stubs.o ABSOLUTE
    _printf_c                                0x00000000   Number         0  stubs.o ABSOLUTE
    _printf_charcount                        0x00000000   Number         0  stubs.o ABSOLUTE
    _printf_d                                0x00000000   Number         0  stubs.o ABSOLUTE
    _printf_e                                0x00000000   Number         0  stubs.o ABSOLUTE
    _printf_f                                0x00000000   Number         0  stubs.o ABSOLUTE
    _printf_flags                            0x00000000   Number         0  stubs.o ABSOLUTE
    _printf_fp_dec                           0x00000000   Number         0  stubs.o ABSOLUTE
    _printf_fp_hex                           0x00000000   Number         0  stubs.o ABSOLUTE
    _printf_g                                0x00000000   Number         0  stubs.o ABSOLUTE
    _printf_i                                0x00000000   Number         0  stubs.o ABSOLUTE
    _printf_int_dec                          0x00000000   Number         0  stubs.o ABSOLUTE
    _printf_l                                0x00000000   Number         0  stubs.o ABSOLUTE
    _printf_lc                               0x00000000   Number         0  stubs.o ABSOLUTE
    _printf_ll                               0x00000000   Number         0  stubs.o ABSOLUTE
    _printf_lld                              0x00000000   Number         0  stubs.o ABSOLUTE
    _printf_lli                              0x00000000   Number         0  stubs.o ABSOLUTE
    _printf_llo                              0x00000000   Number         0  stubs.o ABSOLUTE
    _printf_llu                              0x00000000   Number         0  stubs.o ABSOLUTE
    _printf_llx                              0x00000000   Number         0  stubs.o ABSOLUTE
    _printf_longlong_dec                     0x00000000   Number         0  stubs.o ABSOLUTE
    _printf_longlong_hex                     0x00000000   Number         0  stubs.o ABSOLUTE
    _printf_longlong_oct                     0x00000000   Number         0  stubs.o ABSOLUTE
    _printf_ls                               0x00000000   Number         0  stubs.o ABSOLUTE
    _printf_mbtowc                           0x00000000   Number         0  stubs.o ABSOLUTE
    _printf_n                                0x00000000   Number         0  stubs.o ABSOLUTE
    _printf_o                                0x00000000   Number         0  stubs.o ABSOLUTE
    _printf_p                                0x00000000   Number         0  stubs.o ABSOLUTE
    _printf_percent                          0x00000000   Number         0  stubs.o ABSOLUTE
    _printf_pre_padding                      0x00000000   Number         0  stubs.o ABSOLUTE
    _printf_return_value                     0x00000000   Number         0  stubs.o ABSOLUTE
    _printf_s                                0x00000000   Number         0  stubs.o ABSOLUTE
    _printf_sizespec                         0x00000000   Number         0  stubs.o ABSOLUTE
    _printf_str                              0x00000000   Number         0  stubs.o ABSOLUTE
    _printf_truncate_signed                  0x00000000   Number         0  stubs.o ABSOLUTE
    _printf_truncate_unsigned                0x00000000   Number         0  stubs.o ABSOLUTE
    _printf_u                                0x00000000   Number         0  stubs.o ABSOLUTE
    _printf_wc                               0x00000000   Number         0  stubs.o ABSOLUTE
    _printf_wctomb                           0x00000000   Number         0  stubs.o ABSOLUTE
    _printf_widthprec                        0x00000000   Number         0  stubs.o ABSOLUTE
    _printf_x                                0x00000000   Number         0  stubs.o ABSOLUTE
    __arm_fini_                               - Undefined Weak Reference
    __cpp_initialize__aeabi_                  - Undefined Weak Reference
    __cxa_finalize                            - Undefined Weak Reference
    __decompress                              - Undefined Weak Reference
    _clock_init                               - Undefined Weak Reference
    _microlib_exit                            - Undefined Weak Reference
    __Vectors_Size                           0x00000188   Number         0  startup_stm32f407xx.o ABSOLUTE
    __Vectors                                0x08000000   Data           4  startup_stm32f407xx.o(RESET)
    __Vectors_End                            0x08000188   Data           0  startup_stm32f407xx.o(RESET)
    __main                                   0x08000189   Thumb Code     0  entry.o(.ARM.Collect$$$$00000000)
    _main_stk                                0x08000189   Thumb Code     0  entry2.o(.ARM.Collect$$$$00000001)
    _main_scatterload                        0x0800018d   Thumb Code     0  entry5.o(.ARM.Collect$$$$00000004)
    __main_after_scatterload                 0x08000191   Thumb Code     0  entry5.o(.ARM.Collect$$$$00000004)
    _main_clock                              0x08000191   Thumb Code     0  entry7b.o(.ARM.Collect$$$$00000008)
    _main_cpp_init                           0x08000191   Thumb Code     0  entry8b.o(.ARM.Collect$$$$0000000A)
    _main_init                               0x08000191   Thumb Code     0  entry9a.o(.ARM.Collect$$$$0000000B)
    __rt_lib_shutdown_fini                   0x08000199   Thumb Code     0  entry12b.o(.ARM.Collect$$$$0000000E)
    __rt_final_cpp                           0x0800019d   Thumb Code     0  entry10a.o(.ARM.Collect$$$$0000000F)
    __rt_final_exit                          0x0800019d   Thumb Code     0  entry11a.o(.ARM.Collect$$$$00000011)
    SVC_Handler                              0x080001a1   Thumb Code    28  port.o(.emb_text)
    __asm___6_port_c_39a90d8d__prvStartFirstTask 0x080001c1   Thumb Code    36  port.o(.emb_text)
    __asm___6_port_c_39a90d8d__prvEnableVFP  0x080001e9   Thumb Code    16  port.o(.emb_text)
    PendSV_Handler                           0x080001fd   Thumb Code    88  port.o(.emb_text)
    vPortGetIPSR                             0x08000259   Thumb Code     6  port.o(.emb_text)
    Reset_Handler                            0x08000261   Thumb Code     8  startup_stm32f407xx.o(.text)
    ADC_IRQHandler                           0x0800027b   Thumb Code     0  startup_stm32f407xx.o(.text)
    CAN1_RX0_IRQHandler                      0x0800027b   Thumb Code     0  startup_stm32f407xx.o(.text)
    CAN1_RX1_IRQHandler                      0x0800027b   Thumb Code     0  startup_stm32f407xx.o(.text)
    CAN1_SCE_IRQHandler                      0x0800027b   Thumb Code     0  startup_stm32f407xx.o(.text)
    CAN1_TX_IRQHandler                       0x0800027b   Thumb Code     0  startup_stm32f407xx.o(.text)
    CAN2_RX0_IRQHandler                      0x0800027b   Thumb Code     0  startup_stm32f407xx.o(.text)
    CAN2_RX1_IRQHandler                      0x0800027b   Thumb Code     0  startup_stm32f407xx.o(.text)
    CAN2_SCE_IRQHandler                      0x0800027b   Thumb Code     0  startup_stm32f407xx.o(.text)
    CAN2_TX_IRQHandler                       0x0800027b   Thumb Code     0  startup_stm32f407xx.o(.text)
    DCMI_IRQHandler                          0x0800027b   Thumb Code     0  startup_stm32f407xx.o(.text)
    DMA1_Stream0_IRQHandler                  0x0800027b   Thumb Code     0  startup_stm32f407xx.o(.text)
    DMA1_Stream1_IRQHandler                  0x0800027b   Thumb Code     0  startup_stm32f407xx.o(.text)
    DMA1_Stream2_IRQHandler                  0x0800027b   Thumb Code     0  startup_stm32f407xx.o(.text)
    DMA1_Stream3_IRQHandler                  0x0800027b   Thumb Code     0  startup_stm32f407xx.o(.text)
    DMA1_Stream4_IRQHandler                  0x0800027b   Thumb Code     0  startup_stm32f407xx.o(.text)
    DMA1_Stream5_IRQHandler                  0x0800027b   Thumb Code     0  startup_stm32f407xx.o(.text)
    DMA1_Stream6_IRQHandler                  0x0800027b   Thumb Code     0  startup_stm32f407xx.o(.text)
    DMA1_Stream7_IRQHandler                  0x0800027b   Thumb Code     0  startup_stm32f407xx.o(.text)
    DMA2_Stream0_IRQHandler                  0x0800027b   Thumb Code     0  startup_stm32f407xx.o(.text)
    DMA2_Stream1_IRQHandler                  0x0800027b   Thumb Code     0  startup_stm32f407xx.o(.text)
    DMA2_Stream2_IRQHandler                  0x0800027b   Thumb Code     0  startup_stm32f407xx.o(.text)
    DMA2_Stream3_IRQHandler                  0x0800027b   Thumb Code     0  startup_stm32f407xx.o(.text)
    DMA2_Stream4_IRQHandler                  0x0800027b   Thumb Code     0  startup_stm32f407xx.o(.text)
    DMA2_Stream5_IRQHandler                  0x0800027b   Thumb Code     0  startup_stm32f407xx.o(.text)
    DMA2_Stream6_IRQHandler                  0x0800027b   Thumb Code     0  startup_stm32f407xx.o(.text)
    DMA2_Stream7_IRQHandler                  0x0800027b   Thumb Code     0  startup_stm32f407xx.o(.text)
    ETH_IRQHandler                           0x0800027b   Thumb Code     0  startup_stm32f407xx.o(.text)
    ETH_WKUP_IRQHandler                      0x0800027b   Thumb Code     0  startup_stm32f407xx.o(.text)
    EXTI0_IRQHandler                         0x0800027b   Thumb Code     0  startup_stm32f407xx.o(.text)
    EXTI15_10_IRQHandler                     0x0800027b   Thumb Code     0  startup_stm32f407xx.o(.text)
    EXTI1_IRQHandler                         0x0800027b   Thumb Code     0  startup_stm32f407xx.o(.text)
    EXTI2_IRQHandler                         0x0800027b   Thumb Code     0  startup_stm32f407xx.o(.text)
    EXTI3_IRQHandler                         0x0800027b   Thumb Code     0  startup_stm32f407xx.o(.text)
    EXTI4_IRQHandler                         0x0800027b   Thumb Code     0  startup_stm32f407xx.o(.text)
    EXTI9_5_IRQHandler                       0x0800027b   Thumb Code     0  startup_stm32f407xx.o(.text)
    FLASH_IRQHandler                         0x0800027b   Thumb Code     0  startup_stm32f407xx.o(.text)
    FMC_IRQHandler                           0x0800027b   Thumb Code     0  startup_stm32f407xx.o(.text)
    FPU_IRQHandler                           0x0800027b   Thumb Code     0  startup_stm32f407xx.o(.text)
    HASH_RNG_IRQHandler                      0x0800027b   Thumb Code     0  startup_stm32f407xx.o(.text)
    I2C1_ER_IRQHandler                       0x0800027b   Thumb Code     0  startup_stm32f407xx.o(.text)
    I2C1_EV_IRQHandler                       0x0800027b   Thumb Code     0  startup_stm32f407xx.o(.text)
    I2C2_ER_IRQHandler                       0x0800027b   Thumb Code     0  startup_stm32f407xx.o(.text)
    I2C2_EV_IRQHandler                       0x0800027b   Thumb Code     0  startup_stm32f407xx.o(.text)
    I2C3_ER_IRQHandler                       0x0800027b   Thumb Code     0  startup_stm32f407xx.o(.text)
    I2C3_EV_IRQHandler                       0x0800027b   Thumb Code     0  startup_stm32f407xx.o(.text)
    OTG_FS_IRQHandler                        0x0800027b   Thumb Code     0  startup_stm32f407xx.o(.text)
    OTG_FS_WKUP_IRQHandler                   0x0800027b   Thumb Code     0  startup_stm32f407xx.o(.text)
    OTG_HS_EP1_IN_IRQHandler                 0x0800027b   Thumb Code     0  startup_stm32f407xx.o(.text)
    OTG_HS_EP1_OUT_IRQHandler                0x0800027b   Thumb Code     0  startup_stm32f407xx.o(.text)
    OTG_HS_IRQHandler                        0x0800027b   Thumb Code     0  startup_stm32f407xx.o(.text)
    OTG_HS_WKUP_IRQHandler                   0x0800027b   Thumb Code     0  startup_stm32f407xx.o(.text)
    PVD_IRQHandler                           0x0800027b   Thumb Code     0  startup_stm32f407xx.o(.text)
    RCC_IRQHandler                           0x0800027b   Thumb Code     0  startup_stm32f407xx.o(.text)
    RTC_Alarm_IRQHandler                     0x0800027b   Thumb Code     0  startup_stm32f407xx.o(.text)
    RTC_WKUP_IRQHandler                      0x0800027b   Thumb Code     0  startup_stm32f407xx.o(.text)
    SDIO_IRQHandler                          0x0800027b   Thumb Code     0  startup_stm32f407xx.o(.text)
    SPI1_IRQHandler                          0x0800027b   Thumb Code     0  startup_stm32f407xx.o(.text)
    SPI2_IRQHandler                          0x0800027b   Thumb Code     0  startup_stm32f407xx.o(.text)
    SPI3_IRQHandler                          0x0800027b   Thumb Code     0  startup_stm32f407xx.o(.text)
    TAMP_STAMP_IRQHandler                    0x0800027b   Thumb Code     0  startup_stm32f407xx.o(.text)
    TIM1_BRK_TIM9_IRQHandler                 0x0800027b   Thumb Code     0  startup_stm32f407xx.o(.text)
    TIM1_CC_IRQHandler                       0x0800027b   Thumb Code     0  startup_stm32f407xx.o(.text)
    TIM1_TRG_COM_TIM11_IRQHandler            0x0800027b   Thumb Code     0  startup_stm32f407xx.o(.text)
    TIM1_UP_TIM10_IRQHandler                 0x0800027b   Thumb Code     0  startup_stm32f407xx.o(.text)
    TIM4_IRQHandler                          0x0800027b   Thumb Code     0  startup_stm32f407xx.o(.text)
    TIM5_IRQHandler                          0x0800027b   Thumb Code     0  startup_stm32f407xx.o(.text)
    TIM6_DAC_IRQHandler                      0x0800027b   Thumb Code     0  startup_stm32f407xx.o(.text)
    TIM8_BRK_TIM12_IRQHandler                0x0800027b   Thumb Code     0  startup_stm32f407xx.o(.text)
    TIM8_CC_IRQHandler                       0x0800027b   Thumb Code     0  startup_stm32f407xx.o(.text)
    TIM8_TRG_COM_TIM14_IRQHandler            0x0800027b   Thumb Code     0  startup_stm32f407xx.o(.text)
    TIM8_UP_TIM13_IRQHandler                 0x0800027b   Thumb Code     0  startup_stm32f407xx.o(.text)
    UART4_IRQHandler                         0x0800027b   Thumb Code     0  startup_stm32f407xx.o(.text)
    UART5_IRQHandler                         0x0800027b   Thumb Code     0  startup_stm32f407xx.o(.text)
    USART2_IRQHandler                        0x0800027b   Thumb Code     0  startup_stm32f407xx.o(.text)
    USART3_IRQHandler                        0x0800027b   Thumb Code     0  startup_stm32f407xx.o(.text)
    WWDG_IRQHandler                          0x0800027b   Thumb Code     0  startup_stm32f407xx.o(.text)
    __aeabi_uldivmod                         0x08000285   Thumb Code    98  uldiv.o(.text)
    __aeabi_memcpy                           0x080002e7   Thumb Code    36  memcpya.o(.text)
    __aeabi_memcpy4                          0x080002e7   Thumb Code     0  memcpya.o(.text)
    __aeabi_memcpy8                          0x080002e7   Thumb Code     0  memcpya.o(.text)
    __aeabi_memset                           0x0800030b   Thumb Code    14  memseta.o(.text)
    __aeabi_memset4                          0x0800030b   Thumb Code     0  memseta.o(.text)
    __aeabi_memset8                          0x0800030b   Thumb Code     0  memseta.o(.text)
    __aeabi_memclr                           0x08000319   Thumb Code     4  memseta.o(.text)
    __aeabi_memclr4                          0x08000319   Thumb Code     0  memseta.o(.text)
    __aeabi_memclr8                          0x08000319   Thumb Code     0  memseta.o(.text)
    memset                                   0x0800031d   Thumb Code    18  memseta.o(.text)
    __aeabi_llsl                             0x0800032f   Thumb Code    30  llshl.o(.text)
    _ll_shift_l                              0x0800032f   Thumb Code     0  llshl.o(.text)
    __aeabi_llsr                             0x0800034d   Thumb Code    32  llushr.o(.text)
    _ll_ushift_r                             0x0800034d   Thumb Code     0  llushr.o(.text)
    __scatterload                            0x0800036d   Thumb Code    28  init.o(.text)
    __scatterload_rt2                        0x0800036d   Thumb Code     0  init.o(.text)
    BusFault_Handler                         0x080004b9   Thumb Code     2  stm32f4xx_it.o(i.BusFault_Handler)
    DebugMon_Handler                         0x080004bb   Thumb Code     2  stm32f4xx_it.o(i.DebugMon_Handler)
    Error_Handler                            0x080004bd   Thumb Code     4  main.o(i.Error_Handler)
    FLASH_Erase_Sector                       0x080004c1   Thumb Code    74  stm32f4xx_hal_flash_ex.o(i.FLASH_Erase_Sector)
    FLASH_FlushCaches                        0x08000511   Thumb Code    80  stm32f4xx_hal_flash_ex.o(i.FLASH_FlushCaches)
    FLASH_WaitForLastOperation               0x08000689   Thumb Code    72  stm32f4xx_hal_flash.o(i.FLASH_WaitForLastOperation)
    HAL_ADC_ConfigChannel                    0x080006d9   Thumb Code   316  stm32f4xx_hal_adc.o(i.HAL_ADC_ConfigChannel)
    HAL_ADC_Init                             0x08000825   Thumb Code    84  stm32f4xx_hal_adc.o(i.HAL_ADC_Init)
    HAL_ADC_MspInit                          0x08000879   Thumb Code    84  adc.o(i.HAL_ADC_MspInit)
    HAL_DMA_Abort                            0x080008d9   Thumb Code   146  stm32f4xx_hal_dma.o(i.HAL_DMA_Abort)
    HAL_DMA_Abort_IT                         0x0800096b   Thumb Code    36  stm32f4xx_hal_dma.o(i.HAL_DMA_Abort_IT)
    HAL_Delay                                0x08000991   Thumb Code    32  stm32f4xx_hal.o(i.HAL_Delay)
    HAL_FLASHEx_Erase                        0x080009b5   Thumb Code   144  stm32f4xx_hal_flash_ex.o(i.HAL_FLASHEx_Erase)
    HAL_FLASH_Lock                           0x08000a4d   Thumb Code    14  stm32f4xx_hal_flash.o(i.HAL_FLASH_Lock)
    HAL_FLASH_Program                        0x08000a61   Thumb Code   116  stm32f4xx_hal_flash.o(i.HAL_FLASH_Program)
    HAL_FLASH_Unlock                         0x08000add   Thumb Code    32  stm32f4xx_hal_flash.o(i.HAL_FLASH_Unlock)
    HAL_GPIO_Init                            0x08000b09   Thumb Code   450  stm32f4xx_hal_gpio.o(i.HAL_GPIO_Init)
    HAL_GPIO_ReadPin                         0x08000cf9   Thumb Code    10  stm32f4xx_hal_gpio.o(i.HAL_GPIO_ReadPin)
    HAL_GPIO_TogglePin                       0x08000d03   Thumb Code    16  stm32f4xx_hal_gpio.o(i.HAL_GPIO_TogglePin)
    HAL_GPIO_WritePin                        0x08000d13   Thumb Code    10  stm32f4xx_hal_gpio.o(i.HAL_GPIO_WritePin)
    HAL_GetTick                              0x08000d1d   Thumb Code     6  stm32f4xx_hal.o(i.HAL_GetTick)
    HAL_IncTick                              0x08000d29   Thumb Code    12  stm32f4xx_hal.o(i.HAL_IncTick)
    HAL_Init                                 0x08000d39   Thumb Code    48  stm32f4xx_hal.o(i.HAL_Init)
    HAL_InitTick                             0x08000d6d   Thumb Code   132  stm32f4xx_hal_timebase_tim.o(i.HAL_InitTick)
    HAL_MspInit                              0x08000e05   Thumb Code    52  stm32f4xx_hal_msp.o(i.HAL_MspInit)
    HAL_NVIC_EnableIRQ                       0x08000e3d   Thumb Code    26  stm32f4xx_hal_cortex.o(i.HAL_NVIC_EnableIRQ)
    HAL_NVIC_SetPriority                     0x08000e59   Thumb Code    60  stm32f4xx_hal_cortex.o(i.HAL_NVIC_SetPriority)
    HAL_NVIC_SetPriorityGrouping             0x08000e99   Thumb Code    26  stm32f4xx_hal_cortex.o(i.HAL_NVIC_SetPriorityGrouping)
    HAL_NVIC_SystemReset                     0x08000ebd   Thumb Code    26  stm32f4xx_hal_cortex.o(i.HAL_NVIC_SystemReset)
    HAL_RCCEx_PeriphCLKConfig                0x08000ee1   Thumb Code   296  stm32f4xx_hal_rcc_ex.o(i.HAL_RCCEx_PeriphCLKConfig)
    HAL_RCC_ClockConfig                      0x0800101d   Thumb Code   288  stm32f4xx_hal_rcc.o(i.HAL_RCC_ClockConfig)
    HAL_RCC_GetClockConfig                   0x08001151   Thumb Code    54  stm32f4xx_hal_rcc.o(i.HAL_RCC_GetClockConfig)
    HAL_RCC_GetPCLK1Freq                     0x08001191   Thumb Code    20  stm32f4xx_hal_rcc.o(i.HAL_RCC_GetPCLK1Freq)
    HAL_RCC_GetPCLK2Freq                     0x080011b1   Thumb Code    20  stm32f4xx_hal_rcc.o(i.HAL_RCC_GetPCLK2Freq)
    HAL_RCC_GetSysClockFreq                  0x080011d1   Thumb Code    88  stm32f4xx_hal_rcc.o(i.HAL_RCC_GetSysClockFreq)
    HAL_RCC_OscConfig                        0x08001231   Thumb Code   856  stm32f4xx_hal_rcc.o(i.HAL_RCC_OscConfig)
    HAL_RTCEx_SetWakeUpTimer                 0x0800159d   Thumb Code   210  stm32f4xx_hal_rtc_ex.o(i.HAL_RTCEx_SetWakeUpTimer)
    HAL_RTC_Init                             0x08001671   Thumb Code   150  stm32f4xx_hal_rtc.o(i.HAL_RTC_Init)
    HAL_RTC_MspInit                          0x0800170d   Thumb Code    48  rtc.o(i.HAL_RTC_MspInit)
    HAL_RTC_SetDate                          0x08001745   Thumb Code   146  stm32f4xx_hal_rtc.o(i.HAL_RTC_SetDate)
    HAL_RTC_SetTime                          0x080017dd   Thumb Code   186  stm32f4xx_hal_rtc.o(i.HAL_RTC_SetTime)
    HAL_RTC_WaitForSynchro                   0x0800189d   Thumb Code    50  stm32f4xx_hal_rtc.o(i.HAL_RTC_WaitForSynchro)
    HAL_TIMEx_BreakCallback                  0x080018d5   Thumb Code     2  stm32f4xx_hal_tim_ex.o(i.HAL_TIMEx_BreakCallback)
    HAL_TIMEx_CommutCallback                 0x080018d7   Thumb Code     2  stm32f4xx_hal_tim_ex.o(i.HAL_TIMEx_CommutCallback)
    HAL_TIMEx_MasterConfigSynchronization    0x080018d9   Thumb Code   116  stm32f4xx_hal_tim_ex.o(i.HAL_TIMEx_MasterConfigSynchronization)
    HAL_TIM_Base_Init                        0x08001969   Thumb Code    90  stm32f4xx_hal_tim.o(i.HAL_TIM_Base_Init)
    HAL_TIM_Base_MspInit                     0x080019c5   Thumb Code    86  tim.o(i.HAL_TIM_Base_MspInit)
    HAL_TIM_Base_Start_IT                    0x08001a25   Thumb Code   100  stm32f4xx_hal_tim.o(i.HAL_TIM_Base_Start_IT)
    HAL_TIM_ConfigClockSource                0x08001aa5   Thumb Code   220  stm32f4xx_hal_tim.o(i.HAL_TIM_ConfigClockSource)
    HAL_TIM_IC_CaptureCallback               0x08001b81   Thumb Code     2  stm32f4xx_hal_tim.o(i.HAL_TIM_IC_CaptureCallback)
    HAL_TIM_IRQHandler                       0x08001b83   Thumb Code   304  stm32f4xx_hal_tim.o(i.HAL_TIM_IRQHandler)
    HAL_TIM_OC_DelayElapsedCallback          0x08001cb3   Thumb Code     2  stm32f4xx_hal_tim.o(i.HAL_TIM_OC_DelayElapsedCallback)
    HAL_TIM_PWM_PulseFinishedCallback        0x08001cb5   Thumb Code     2  stm32f4xx_hal_tim.o(i.HAL_TIM_PWM_PulseFinishedCallback)
    HAL_TIM_PeriodElapsedCallback            0x08001cb9   Thumb Code    82  main.o(i.HAL_TIM_PeriodElapsedCallback)
    HAL_TIM_TriggerCallback                  0x08001d19   Thumb Code     2  stm32f4xx_hal_tim.o(i.HAL_TIM_TriggerCallback)
    HAL_UARTEx_RxEventCallback               0x08001d1b   Thumb Code     2  stm32f4xx_hal_uart.o(i.HAL_UARTEx_RxEventCallback)
    HAL_UART_ErrorCallback                   0x08001d1d   Thumb Code     2  stm32f4xx_hal_uart.o(i.HAL_UART_ErrorCallback)
    HAL_UART_IRQHandler                      0x08001d21   Thumb Code   618  stm32f4xx_hal_uart.o(i.HAL_UART_IRQHandler)
    HAL_UART_Init                            0x08001f91   Thumb Code   100  stm32f4xx_hal_uart.o(i.HAL_UART_Init)
    HAL_UART_MspInit                         0x08001ff5   Thumb Code   178  usart.o(i.HAL_UART_MspInit)
    HAL_UART_RxCpltCallback                  0x080020bd   Thumb Code     2  stm32f4xx_hal_uart.o(i.HAL_UART_RxCpltCallback)
    HAL_UART_Transmit                        0x080020bf   Thumb Code   160  stm32f4xx_hal_uart.o(i.HAL_UART_Transmit)
    HAL_UART_TxCpltCallback                  0x0800215f   Thumb Code     2  stm32f4xx_hal_uart.o(i.HAL_UART_TxCpltCallback)
    HardFault_Handler                        0x08002161   Thumb Code     2  stm32f4xx_it.o(i.HardFault_Handler)
    MX_ADC1_Init                             0x08002165   Thumb Code    88  adc.o(i.MX_ADC1_Init)
    MX_FREERTOS_Init                         0x080021c9   Thumb Code   162  freertos.o(i.MX_FREERTOS_Init)
    MX_GPIO_Init                             0x08002275   Thumb Code   284  gpio.o(i.MX_GPIO_Init)
    MX_RTC_Init                              0x080023a1   Thumb Code   138  rtc.o(i.MX_RTC_Init)
    MX_TIM2_Init                             0x08002435   Thumb Code    96  tim.o(i.MX_TIM2_Init)
    MX_TIM3_Init                             0x08002499   Thumb Code   100  tim.o(i.MX_TIM3_Init)
    MX_USART1_UART_Init                      0x08002505   Thumb Code    54  usart.o(i.MX_USART1_UART_Init)
    MX_USART6_UART_Init                      0x08002545   Thumb Code    48  usart.o(i.MX_USART6_UART_Init)
    MemManage_Handler                        0x0800257d   Thumb Code     2  stm32f4xx_it.o(i.MemManage_Handler)
    Modbus_CRC16                             0x08002581   Thumb Code    40  modbus_crc.o(i.Modbus_CRC16)
    Modbus_Event                             0x080025ad   Thumb Code   108  modbus.o(i.Modbus_Event)
    Modbus_Func16                            0x0800261d   Thumb Code   144  modbus.o(i.Modbus_Func16)
    Modbus_Func3                             0x080026b5   Thumb Code   150  modbus.o(i.Modbus_Func3)
    Modbus_Func6                             0x08002755   Thumb Code   114  modbus.o(i.Modbus_Func6)
    Modbus_Init                              0x080027d1   Thumb Code    18  modbus.o(i.Modbus_Init)
    Modbus_Send_Byte                         0x080027e9   Thumb Code    16  usart.o(i.Modbus_Send_Byte)
    NMI_Handler                              0x080027fd   Thumb Code     2  stm32f4xx_it.o(i.NMI_Handler)
    PWR_ON_OFF                               0x08002801   Thumb Code    56  pwr_on_off.o(i.PWR_ON_OFF)
    RTC_ByteToBcd2                           0x0800283d   Thumb Code    22  stm32f4xx_hal_rtc.o(i.RTC_ByteToBcd2)
    RTC_EnterInitMode                        0x08002855   Thumb Code    72  stm32f4xx_hal_rtc.o(i.RTC_EnterInitMode)
    RTC_ExitInitMode                         0x0800289d   Thumb Code    42  stm32f4xx_hal_rtc.o(i.RTC_ExitInitMode)
    STMFLASH_GetFlashSector                  0x080028c9   Thumb Code   114  flash_write_read.o(i.STMFLASH_GetFlashSector)
    STMFLASH_Read                            0x08002969   Thumb Code    20  flash_write_read.o(i.STMFLASH_Read)
    STMFLASH_Write                           0x0800297d   Thumb Code   146  flash_write_read.o(i.STMFLASH_Write)
    Start_B3950_Task                         0x08002a15   Thumb Code     8  freertos.o(i.Start_B3950_Task)
    Start_BOOT_Task                          0x08002a1d   Thumb Code     8  freertos.o(i.Start_BOOT_Task)
    Start_FAN_Task                           0x08002a25   Thumb Code    84  freertos.o(i.Start_FAN_Task)
    Start_LED_Task                           0x08002a81   Thumb Code    12  freertos.o(i.Start_LED_Task)
    Start_Modbus_Task                        0x08002a8d   Thumb Code    18  freertos.o(i.Start_Modbus_Task)
    Start_PWR_Task                           0x08002aa5   Thumb Code    16  freertos.o(i.Start_PWR_Task)
    Start_liquid                             0x08002ab5   Thumb Code   216  freertos.o(i.Start_liquid)
    SysTick_Handler                          0x08002ba1   Thumb Code    38  port.o(i.SysTick_Handler)
    SystemClock_Config                       0x08002bcd   Thumb Code   140  main.o(i.SystemClock_Config)
    SystemInit                               0x08002c61   Thumb Code    12  system_stm32f4xx.o(i.SystemInit)
    TIM2_IRQHandler                          0x08002c71   Thumb Code     6  stm32f4xx_it.o(i.TIM2_IRQHandler)
    TIM3_IRQHandler                          0x08002c7d   Thumb Code     6  stm32f4xx_it.o(i.TIM3_IRQHandler)
    TIM7_IRQHandler                          0x08002c89   Thumb Code     6  stm32f4xx_it.o(i.TIM7_IRQHandler)
    TIM_Base_SetConfig                       0x08002c95   Thumb Code   170  stm32f4xx_hal_tim.o(i.TIM_Base_SetConfig)
    TIM_ETR_SetConfig                        0x08002d6d   Thumb Code    20  stm32f4xx_hal_tim.o(i.TIM_ETR_SetConfig)
    USART1_IRQHandler                        0x08003079   Thumb Code    74  stm32f4xx_it.o(i.USART1_IRQHandler)
    USART6_IRQHandler                        0x080030d1   Thumb Code     6  stm32f4xx_it.o(i.USART6_IRQHandler)
    UsageFault_Handler                       0x080030dd   Thumb Code     2  stm32f4xx_it.o(i.UsageFault_Handler)
    Water_tank_liquid_high                   0x080030e1   Thumb Code    38  water_tank_liquid.o(i.Water_tank_liquid_high)
    Water_tank_liquid_low                    0x0800310d   Thumb Code    38  water_tank_liquid.o(i.Water_tank_liquid_low)
    __scatterload_copy                       0x08003159   Thumb Code    14  handlers.o(i.__scatterload_copy)
    __scatterload_null                       0x08003167   Thumb Code     2  handlers.o(i.__scatterload_null)
    __scatterload_zeroinit                   0x08003169   Thumb Code    14  handlers.o(i.__scatterload_zeroinit)
    main                                     0x08003179   Thumb Code    60  main.o(i.main)
    osDelay                                  0x080031c5   Thumb Code    14  cmsis_os.o(i.osDelay)
    osKernelStart                            0x080031d3   Thumb Code    10  cmsis_os.o(i.osKernelStart)
    osThreadCreate                           0x080031dd   Thumb Code    84  cmsis_os.o(i.osThreadCreate)
    pvPortMalloc                             0x0800357d   Thumb Code   216  heap_4.o(i.pvPortMalloc)
    pxPortInitialiseStack                    0x08003659   Thumb Code    40  port.o(i.pxPortInitialiseStack)
    uxListRemove                             0x08003685   Thumb Code    38  list.o(i.uxListRemove)
    vApplicationGetIdleTaskMemory            0x080036ad   Thumb Code    16  freertos.o(i.vApplicationGetIdleTaskMemory)
    vListInitialise                          0x080036c1   Thumb Code    22  list.o(i.vListInitialise)
    vListInitialiseItem                      0x080036d7   Thumb Code     6  list.o(i.vListInitialiseItem)
    vListInsert                              0x080036dd   Thumb Code    48  list.o(i.vListInsert)
    vListInsertEnd                           0x0800370d   Thumb Code    24  list.o(i.vListInsertEnd)
    vPortEnterCritical                       0x08003725   Thumb Code    54  port.o(i.vPortEnterCritical)
    vPortExitCritical                        0x08003765   Thumb Code    34  port.o(i.vPortExitCritical)
    vPortFree                                0x0800378d   Thumb Code    94  heap_4.o(i.vPortFree)
    vPortSetupTimerInterrupt                 0x080037f1   Thumb Code    32  port.o(i.vPortSetupTimerInterrupt)
    vTaskDelay                               0x08003815   Thumb Code    66  tasks.o(i.vTaskDelay)
    vTaskStartScheduler                      0x08003861   Thumb Code    90  tasks.o(i.vTaskStartScheduler)
    vTaskSuspendAll                          0x080038cd   Thumb Code    10  tasks.o(i.vTaskSuspendAll)
    vTaskSwitchContext                       0x080038dd   Thumb Code    82  tasks.o(i.vTaskSwitchContext)
    xPortStartScheduler                      0x08003939   Thumb Code   222  port.o(i.xPortStartScheduler)
    xTaskCreate                              0x08003a2d   Thumb Code    90  tasks.o(i.xTaskCreate)
    xTaskCreateStatic                        0x08003a87   Thumb Code    86  tasks.o(i.xTaskCreateStatic)
    xTaskIncrementTick                       0x08003add   Thumb Code   194  tasks.o(i.xTaskIncrementTick)
    xTaskResumeAll                           0x08003ba9   Thumb Code   182  tasks.o(i.xTaskResumeAll)
    AHBPrescTable                            0x08003d30   Data          16  system_stm32f4xx.o(.constdata)
    APBPrescTable                            0x08003d40   Data           8  system_stm32f4xx.o(.constdata)
    auchCRCHi                                0x08003d48   Data         256  modbus_crc.o(.constdata)
    auchCRCLo                                0x08003e48   Data         256  modbus_crc.o(.constdata)
    Region$$Table$$Base                      0x08003f98   Number         0  anon$$obj.o(Region$$Table)
    Region$$Table$$Limit                     0x08003fb8   Number         0  anon$$obj.o(Region$$Table)
    LED_TaskHandle                           0x20000000   Data           4  freertos.o(.data)
    PWR_TaskHandle                           0x20000004   Data           4  freertos.o(.data)
    BOOT_TaskHandle                          0x20000008   Data           4  freertos.o(.data)
    Modbus_TaskHandle                        0x2000000c   Data           4  freertos.o(.data)
    FAN_TaskHandle                           0x20000010   Data           4  freertos.o(.data)
    liquidHandle                             0x20000014   Data           4  freertos.o(.data)
    B3950_TaskHandle                         0x20000018   Data           4  freertos.o(.data)
    uwTickFreq                               0x2000001c   Data           1  stm32f4xx_hal.o(.data)
    uwTickPrio                               0x20000020   Data           4  stm32f4xx_hal.o(.data)
    uwTick                                   0x20000024   Data           4  stm32f4xx_hal.o(.data)
    SystemCoreClock                          0x20000028   Data           4  system_stm32f4xx.o(.data)
    pxCurrentTCB                             0x2000002c   Data           4  tasks.o(.data)
    Reg                                      0x20000094   Data          16  modbus.o(.data)
    RES                                      0x200000a4   Data           1  modbus.o(.data)
    water_flag_fill_flag                     0x200000a6   Data           2  flash_write_read.o(.data)
    hadc1                                    0x200002fc   Data          72  adc.o(.bss)
    hrtc                                     0x20000344   Data          32  rtc.o(.bss)
    htim2                                    0x20000364   Data          72  tim.o(.bss)
    htim3                                    0x200003ac   Data          72  tim.o(.bss)
    huart1                                   0x200003f4   Data          72  usart.o(.bss)
    huart6                                   0x2000043c   Data          72  usart.o(.bss)
    htim7                                    0x20000484   Data          72  stm32f4xx_hal_timebase_tim.o(.bss)
    pFlash                                   0x200004cc   Data          32  stm32f4xx_hal_flash.o(.bss)
    modbus                                   0x200041dc   Data         236  modbus.o(.bss)
    __initial_sp                             0x200046c8   Data           0  startup_stm32f407xx.o(STACK)



==============================================================================

Memory Map of the image

  Image Entry point : 0x08000189

  Load Region LR_IROM1 (Base: 0x08000000, Size: 0x00004060, Max: 0x00080000, ABSOLUTE)

    Execution Region ER_IROM1 (Exec base: 0x08000000, Load base: 0x08000000, Size: 0x00003fb8, Max: 0x00080000, ABSOLUTE)

    Exec Addr    Load Addr    Size         Type   Attr      Idx    E Section Name        Object

    0x08000000   0x08000000   0x00000188   Data   RO            3    RESET               startup_stm32f407xx.o
    0x08000188   0x08000188   0x00000000   Code   RO         5996  * .ARM.Collect$$$$00000000  mc_w.l(entry.o)
    0x08000188   0x08000188   0x00000004   Code   RO         6273    .ARM.Collect$$$$00000001  mc_w.l(entry2.o)
    0x0800018c   0x0800018c   0x00000004   Code   RO         6276    .ARM.Collect$$$$00000004  mc_w.l(entry5.o)
    0x08000190   0x08000190   0x00000000   Code   RO         6278    .ARM.Collect$$$$00000008  mc_w.l(entry7b.o)
    0x08000190   0x08000190   0x00000000   Code   RO         6280    .ARM.Collect$$$$0000000A  mc_w.l(entry8b.o)
    0x08000190   0x08000190   0x00000008   Code   RO         6281    .ARM.Collect$$$$0000000B  mc_w.l(entry9a.o)
    0x08000198   0x08000198   0x00000004   Code   RO         6288    .ARM.Collect$$$$0000000E  mc_w.l(entry12b.o)
    0x0800019c   0x0800019c   0x00000000   Code   RO         6283    .ARM.Collect$$$$0000000F  mc_w.l(entry10a.o)
    0x0800019c   0x0800019c   0x00000000   Code   RO         6285    .ARM.Collect$$$$00000011  mc_w.l(entry11a.o)
    0x0800019c   0x0800019c   0x00000004   Code   RO         6274    .ARM.Collect$$$$00002712  mc_w.l(entry2.o)
    0x080001a0   0x080001a0   0x000000be   Code   RO         5122    .emb_text           port.o
    0x0800025e   0x0800025e   0x00000002   PAD
    0x08000260   0x08000260   0x00000024   Code   RO            4    .text               startup_stm32f407xx.o
    0x08000284   0x08000284   0x00000062   Code   RO         5999    .text               mc_w.l(uldiv.o)
    0x080002e6   0x080002e6   0x00000024   Code   RO         6004    .text               mc_w.l(memcpya.o)
    0x0800030a   0x0800030a   0x00000024   Code   RO         6008    .text               mc_w.l(memseta.o)
    0x0800032e   0x0800032e   0x0000001e   Code   RO         6292    .text               mc_w.l(llshl.o)
    0x0800034c   0x0800034c   0x00000020   Code   RO         6294    .text               mc_w.l(llushr.o)
    0x0800036c   0x0800036c   0x00000024   Code   RO         6307    .text               mc_w.l(init.o)
    0x08000390   0x08000390   0x00000128   Code   RO          718    i.ADC_Init          stm32f4xx_hal_adc.o
    0x080004b8   0x080004b8   0x00000002   Code   RO          564    i.BusFault_Handler  stm32f4xx_it.o
    0x080004ba   0x080004ba   0x00000002   Code   RO          565    i.DebugMon_Handler  stm32f4xx_it.o
    0x080004bc   0x080004bc   0x00000004   Code   RO           13    i.Error_Handler     main.o
    0x080004c0   0x080004c0   0x00000050   Code   RO         1267    i.FLASH_Erase_Sector  stm32f4xx_hal_flash_ex.o
    0x08000510   0x08000510   0x00000054   Code   RO         1268    i.FLASH_FlushCaches  stm32f4xx_hal_flash_ex.o
    0x08000564   0x08000564   0x00000028   Code   RO         1269    i.FLASH_MassErase   stm32f4xx_hal_flash_ex.o
    0x0800058c   0x0800058c   0x00000020   Code   RO         1149    i.FLASH_Program_Byte  stm32f4xx_hal_flash.o
    0x080005ac   0x080005ac   0x0000002c   Code   RO         1150    i.FLASH_Program_DoubleWord  stm32f4xx_hal_flash.o
    0x080005d8   0x080005d8   0x00000024   Code   RO         1151    i.FLASH_Program_HalfWord  stm32f4xx_hal_flash.o
    0x080005fc   0x080005fc   0x00000024   Code   RO         1152    i.FLASH_Program_Word  stm32f4xx_hal_flash.o
    0x08000620   0x08000620   0x00000068   Code   RO         1153    i.FLASH_SetErrorCode  stm32f4xx_hal_flash.o
    0x08000688   0x08000688   0x00000050   Code   RO         1154    i.FLASH_WaitForLastOperation  stm32f4xx_hal_flash.o
    0x080006d8   0x080006d8   0x0000014c   Code   RO          720    i.HAL_ADC_ConfigChannel  stm32f4xx_hal_adc.o
    0x08000824   0x08000824   0x00000054   Code   RO          729    i.HAL_ADC_Init      stm32f4xx_hal_adc.o
    0x08000878   0x08000878   0x00000060   Code   RO          373    i.HAL_ADC_MspInit   adc.o
    0x080008d8   0x080008d8   0x00000092   Code   RO         1455    i.HAL_DMA_Abort     stm32f4xx_hal_dma.o
    0x0800096a   0x0800096a   0x00000024   Code   RO         1456    i.HAL_DMA_Abort_IT  stm32f4xx_hal_dma.o
    0x0800098e   0x0800098e   0x00000002   PAD
    0x08000990   0x08000990   0x00000024   Code   RO         1880    i.HAL_Delay         stm32f4xx_hal.o
    0x080009b4   0x080009b4   0x00000098   Code   RO         1270    i.HAL_FLASHEx_Erase  stm32f4xx_hal_flash_ex.o
    0x08000a4c   0x08000a4c   0x00000014   Code   RO         1158    i.HAL_FLASH_Lock    stm32f4xx_hal_flash.o
    0x08000a60   0x08000a60   0x0000007c   Code   RO         1163    i.HAL_FLASH_Program  stm32f4xx_hal_flash.o
    0x08000adc   0x08000adc   0x0000002c   Code   RO         1165    i.HAL_FLASH_Unlock  stm32f4xx_hal_flash.o
    0x08000b08   0x08000b08   0x000001f0   Code   RO         1348    i.HAL_GPIO_Init     stm32f4xx_hal_gpio.o
    0x08000cf8   0x08000cf8   0x0000000a   Code   RO         1350    i.HAL_GPIO_ReadPin  stm32f4xx_hal_gpio.o
    0x08000d02   0x08000d02   0x00000010   Code   RO         1351    i.HAL_GPIO_TogglePin  stm32f4xx_hal_gpio.o
    0x08000d12   0x08000d12   0x0000000a   Code   RO         1352    i.HAL_GPIO_WritePin  stm32f4xx_hal_gpio.o
    0x08000d1c   0x08000d1c   0x0000000c   Code   RO         1886    i.HAL_GetTick       stm32f4xx_hal.o
    0x08000d28   0x08000d28   0x00000010   Code   RO         1892    i.HAL_IncTick       stm32f4xx_hal.o
    0x08000d38   0x08000d38   0x00000034   Code   RO         1893    i.HAL_Init          stm32f4xx_hal.o
    0x08000d6c   0x08000d6c   0x00000098   Code   RO          676    i.HAL_InitTick      stm32f4xx_hal_timebase_tim.o
    0x08000e04   0x08000e04   0x00000038   Code   RO          652    i.HAL_MspInit       stm32f4xx_hal_msp.o
    0x08000e3c   0x08000e3c   0x0000001a   Code   RO         1738    i.HAL_NVIC_EnableIRQ  stm32f4xx_hal_cortex.o
    0x08000e56   0x08000e56   0x00000002   PAD
    0x08000e58   0x08000e58   0x00000040   Code   RO         1744    i.HAL_NVIC_SetPriority  stm32f4xx_hal_cortex.o
    0x08000e98   0x08000e98   0x00000024   Code   RO         1745    i.HAL_NVIC_SetPriorityGrouping  stm32f4xx_hal_cortex.o
    0x08000ebc   0x08000ebc   0x00000024   Code   RO         1746    i.HAL_NVIC_SystemReset  stm32f4xx_hal_cortex.o
    0x08000ee0   0x08000ee0   0x0000013c   Code   RO         1099    i.HAL_RCCEx_PeriphCLKConfig  stm32f4xx_hal_rcc_ex.o
    0x0800101c   0x0800101c   0x00000134   Code   RO          994    i.HAL_RCC_ClockConfig  stm32f4xx_hal_rcc.o
    0x08001150   0x08001150   0x00000040   Code   RO          998    i.HAL_RCC_GetClockConfig  stm32f4xx_hal_rcc.o
    0x08001190   0x08001190   0x00000020   Code   RO         1001    i.HAL_RCC_GetPCLK1Freq  stm32f4xx_hal_rcc.o
    0x080011b0   0x080011b0   0x00000020   Code   RO         1002    i.HAL_RCC_GetPCLK2Freq  stm32f4xx_hal_rcc.o
    0x080011d0   0x080011d0   0x00000060   Code   RO         1003    i.HAL_RCC_GetSysClockFreq  stm32f4xx_hal_rcc.o
    0x08001230   0x08001230   0x0000036c   Code   RO         1006    i.HAL_RCC_OscConfig  stm32f4xx_hal_rcc.o
    0x0800159c   0x0800159c   0x000000d2   Code   RO         2330    i.HAL_RTCEx_SetWakeUpTimer  stm32f4xx_hal_rtc_ex.o
    0x0800166e   0x0800166e   0x00000002   PAD
    0x08001670   0x08001670   0x0000009c   Code   RO         2144    i.HAL_RTC_Init      stm32f4xx_hal_rtc.o
    0x0800170c   0x0800170c   0x00000038   Code   RO          415    i.HAL_RTC_MspInit   rtc.o
    0x08001744   0x08001744   0x00000098   Code   RO         2150    i.HAL_RTC_SetDate   stm32f4xx_hal_rtc.o
    0x080017dc   0x080017dc   0x000000c0   Code   RO         2151    i.HAL_RTC_SetTime   stm32f4xx_hal_rtc.o
    0x0800189c   0x0800189c   0x00000038   Code   RO         2152    i.HAL_RTC_WaitForSynchro  stm32f4xx_hal_rtc.o
    0x080018d4   0x080018d4   0x00000002   Code   RO         3237    i.HAL_TIMEx_BreakCallback  stm32f4xx_hal_tim_ex.o
    0x080018d6   0x080018d6   0x00000002   Code   RO         3238    i.HAL_TIMEx_CommutCallback  stm32f4xx_hal_tim_ex.o
    0x080018d8   0x080018d8   0x00000090   Code   RO         3256    i.HAL_TIMEx_MasterConfigSynchronization  stm32f4xx_hal_tim_ex.o
    0x08001968   0x08001968   0x0000005a   Code   RO         2533    i.HAL_TIM_Base_Init  stm32f4xx_hal_tim.o
    0x080019c2   0x080019c2   0x00000002   PAD
    0x080019c4   0x080019c4   0x00000060   Code   RO          457    i.HAL_TIM_Base_MspInit  tim.o
    0x08001a24   0x08001a24   0x00000080   Code   RO         2538    i.HAL_TIM_Base_Start_IT  stm32f4xx_hal_tim.o
    0x08001aa4   0x08001aa4   0x000000dc   Code   RO         2542    i.HAL_TIM_ConfigClockSource  stm32f4xx_hal_tim.o
    0x08001b80   0x08001b80   0x00000002   Code   RO         2567    i.HAL_TIM_IC_CaptureCallback  stm32f4xx_hal_tim.o
    0x08001b82   0x08001b82   0x00000130   Code   RO         2581    i.HAL_TIM_IRQHandler  stm32f4xx_hal_tim.o
    0x08001cb2   0x08001cb2   0x00000002   Code   RO         2584    i.HAL_TIM_OC_DelayElapsedCallback  stm32f4xx_hal_tim.o
    0x08001cb4   0x08001cb4   0x00000002   Code   RO         2611    i.HAL_TIM_PWM_PulseFinishedCallback  stm32f4xx_hal_tim.o
    0x08001cb6   0x08001cb6   0x00000002   PAD
    0x08001cb8   0x08001cb8   0x00000060   Code   RO           14    i.HAL_TIM_PeriodElapsedCallback  main.o
    0x08001d18   0x08001d18   0x00000002   Code   RO         2624    i.HAL_TIM_TriggerCallback  stm32f4xx_hal_tim.o
    0x08001d1a   0x08001d1a   0x00000002   Code   RO         3516    i.HAL_UARTEx_RxEventCallback  stm32f4xx_hal_uart.o
    0x08001d1c   0x08001d1c   0x00000002   Code   RO         3530    i.HAL_UART_ErrorCallback  stm32f4xx_hal_uart.o
    0x08001d1e   0x08001d1e   0x00000002   PAD
    0x08001d20   0x08001d20   0x00000270   Code   RO         3533    i.HAL_UART_IRQHandler  stm32f4xx_hal_uart.o
    0x08001f90   0x08001f90   0x00000064   Code   RO         3534    i.HAL_UART_Init     stm32f4xx_hal_uart.o
    0x08001ff4   0x08001ff4   0x000000c8   Code   RO          505    i.HAL_UART_MspInit  usart.o
    0x080020bc   0x080020bc   0x00000002   Code   RO         3540    i.HAL_UART_RxCpltCallback  stm32f4xx_hal_uart.o
    0x080020be   0x080020be   0x000000a0   Code   RO         3542    i.HAL_UART_Transmit  stm32f4xx_hal_uart.o
    0x0800215e   0x0800215e   0x00000002   Code   RO         3545    i.HAL_UART_TxCpltCallback  stm32f4xx_hal_uart.o
    0x08002160   0x08002160   0x00000002   Code   RO          566    i.HardFault_Handler  stm32f4xx_it.o
    0x08002162   0x08002162   0x00000002   PAD
    0x08002164   0x08002164   0x00000064   Code   RO          374    i.MX_ADC1_Init      adc.o
    0x080021c8   0x080021c8   0x000000ac   Code   RO          262    i.MX_FREERTOS_Init  freertos.o
    0x08002274   0x08002274   0x0000012c   Code   RO          238    i.MX_GPIO_Init      gpio.o
    0x080023a0   0x080023a0   0x00000094   Code   RO          416    i.MX_RTC_Init       rtc.o
    0x08002434   0x08002434   0x00000064   Code   RO          458    i.MX_TIM2_Init      tim.o
    0x08002498   0x08002498   0x0000006c   Code   RO          459    i.MX_TIM3_Init      tim.o
    0x08002504   0x08002504   0x00000040   Code   RO          506    i.MX_USART1_UART_Init  usart.o
    0x08002544   0x08002544   0x00000038   Code   RO          507    i.MX_USART6_UART_Init  usart.o
    0x0800257c   0x0800257c   0x00000002   Code   RO          567    i.MemManage_Handler  stm32f4xx_it.o
    0x0800257e   0x0800257e   0x00000002   PAD
    0x08002580   0x08002580   0x0000002c   Code   RO         5768    i.Modbus_CRC16      modbus_crc.o
    0x080025ac   0x080025ac   0x00000070   Code   RO         5671    i.Modbus_Event      modbus.o
    0x0800261c   0x0800261c   0x00000098   Code   RO         5672    i.Modbus_Func16     modbus.o
    0x080026b4   0x080026b4   0x000000a0   Code   RO         5673    i.Modbus_Func3      modbus.o
    0x08002754   0x08002754   0x0000007c   Code   RO         5674    i.Modbus_Func6      modbus.o
    0x080027d0   0x080027d0   0x00000018   Code   RO         5675    i.Modbus_Init       modbus.o
    0x080027e8   0x080027e8   0x00000014   Code   RO          508    i.Modbus_Send_Byte  usart.o
    0x080027fc   0x080027fc   0x00000002   Code   RO          568    i.NMI_Handler       stm32f4xx_it.o
    0x080027fe   0x080027fe   0x00000002   PAD
    0x08002800   0x08002800   0x0000003c   Code   RO         5795    i.PWR_ON_OFF        pwr_on_off.o
    0x0800283c   0x0800283c   0x00000016   Code   RO         2154    i.RTC_ByteToBcd2    stm32f4xx_hal_rtc.o
    0x08002852   0x08002852   0x00000002   PAD
    0x08002854   0x08002854   0x00000048   Code   RO         2155    i.RTC_EnterInitMode  stm32f4xx_hal_rtc.o
    0x0800289c   0x0800289c   0x0000002a   Code   RO         2156    i.RTC_ExitInitMode  stm32f4xx_hal_rtc.o
    0x080028c6   0x080028c6   0x00000002   PAD
    0x080028c8   0x080028c8   0x000000a0   Code   RO         5885    i.STMFLASH_GetFlashSector  flash_write_read.o
    0x08002968   0x08002968   0x00000014   Code   RO         5886    i.STMFLASH_Read     flash_write_read.o
    0x0800297c   0x0800297c   0x00000098   Code   RO         5888    i.STMFLASH_Write    flash_write_read.o
    0x08002a14   0x08002a14   0x00000008   Code   RO          263    i.Start_B3950_Task  freertos.o
    0x08002a1c   0x08002a1c   0x00000008   Code   RO          264    i.Start_BOOT_Task   freertos.o
    0x08002a24   0x08002a24   0x0000005c   Code   RO          265    i.Start_FAN_Task    freertos.o
    0x08002a80   0x08002a80   0x0000000c   Code   RO          266    i.Start_LED_Task    freertos.o
    0x08002a8c   0x08002a8c   0x00000018   Code   RO          267    i.Start_Modbus_Task  freertos.o
    0x08002aa4   0x08002aa4   0x00000010   Code   RO          268    i.Start_PWR_Task    freertos.o
    0x08002ab4   0x08002ab4   0x000000ec   Code   RO          269    i.Start_liquid      freertos.o
    0x08002ba0   0x08002ba0   0x0000002c   Code   RO         5123    i.SysTick_Handler   port.o
    0x08002bcc   0x08002bcc   0x00000094   Code   RO           15    i.SystemClock_Config  main.o
    0x08002c60   0x08002c60   0x00000010   Code   RO         3868    i.SystemInit        system_stm32f4xx.o
    0x08002c70   0x08002c70   0x0000000c   Code   RO          569    i.TIM2_IRQHandler   stm32f4xx_it.o
    0x08002c7c   0x08002c7c   0x0000000c   Code   RO          570    i.TIM3_IRQHandler   stm32f4xx_it.o
    0x08002c88   0x08002c88   0x0000000c   Code   RO          571    i.TIM7_IRQHandler   stm32f4xx_it.o
    0x08002c94   0x08002c94   0x000000d8   Code   RO         2626    i.TIM_Base_SetConfig  stm32f4xx_hal_tim.o
    0x08002d6c   0x08002d6c   0x00000014   Code   RO         2637    i.TIM_ETR_SetConfig  stm32f4xx_hal_tim.o
    0x08002d80   0x08002d80   0x00000010   Code   RO         2638    i.TIM_ITRx_SetConfig  stm32f4xx_hal_tim.o
    0x08002d90   0x08002d90   0x00000022   Code   RO         2644    i.TIM_TI1_ConfigInputStage  stm32f4xx_hal_tim.o
    0x08002db2   0x08002db2   0x00000024   Code   RO         2646    i.TIM_TI2_ConfigInputStage  stm32f4xx_hal_tim.o
    0x08002dd6   0x08002dd6   0x00000010   Code   RO         3547    i.UART_DMAAbortOnError  stm32f4xx_hal_uart.o
    0x08002de6   0x08002de6   0x0000004e   Code   RO         3557    i.UART_EndRxTransfer  stm32f4xx_hal_uart.o
    0x08002e34   0x08002e34   0x000000c2   Code   RO         3559    i.UART_Receive_IT   stm32f4xx_hal_uart.o
    0x08002ef6   0x08002ef6   0x00000002   PAD
    0x08002ef8   0x08002ef8   0x0000010c   Code   RO         3560    i.UART_SetConfig    stm32f4xx_hal_uart.o
    0x08003004   0x08003004   0x00000072   Code   RO         3563    i.UART_WaitOnFlagUntilTimeout  stm32f4xx_hal_uart.o
    0x08003076   0x08003076   0x00000002   PAD
    0x08003078   0x08003078   0x00000058   Code   RO          572    i.USART1_IRQHandler  stm32f4xx_it.o
    0x080030d0   0x080030d0   0x0000000c   Code   RO          573    i.USART6_IRQHandler  stm32f4xx_it.o
    0x080030dc   0x080030dc   0x00000002   Code   RO          574    i.UsageFault_Handler  stm32f4xx_it.o
    0x080030de   0x080030de   0x00000002   PAD
    0x080030e0   0x080030e0   0x0000002c   Code   RO         5852    i.Water_tank_liquid_high  water_tank_liquid.o
    0x0800310c   0x0800310c   0x0000002c   Code   RO         5853    i.Water_tank_liquid_low  water_tank_liquid.o
    0x08003138   0x08003138   0x00000020   Code   RO         1751    i.__NVIC_SetPriority  stm32f4xx_hal_cortex.o
    0x08003158   0x08003158   0x0000000e   Code   RO         6315    i.__scatterload_copy  mc_w.l(handlers.o)
    0x08003166   0x08003166   0x00000002   Code   RO         6316    i.__scatterload_null  mc_w.l(handlers.o)
    0x08003168   0x08003168   0x0000000e   Code   RO         6317    i.__scatterload_zeroinit  mc_w.l(handlers.o)
    0x08003176   0x08003176   0x00000002   PAD
    0x08003178   0x08003178   0x00000040   Code   RO           16    i.main              main.o
    0x080031b8   0x080031b8   0x0000000c   Code   RO         4688    i.makeFreeRtosPriority  cmsis_os.o
    0x080031c4   0x080031c4   0x0000000e   Code   RO         4690    i.osDelay           cmsis_os.o
    0x080031d2   0x080031d2   0x0000000a   Code   RO         4693    i.osKernelStart     cmsis_os.o
    0x080031dc   0x080031dc   0x00000054   Code   RO         4727    i.osThreadCreate    cmsis_os.o
    0x08003230   0x08003230   0x00000070   Code   RO         4370    i.prvAddCurrentTaskToDelayedList  tasks.o
    0x080032a0   0x080032a0   0x000000d0   Code   RO         4371    i.prvAddNewTaskToReadyList  tasks.o
    0x08003370   0x08003370   0x00000034   Code   RO         4372    i.prvDeleteTCB      tasks.o
    0x080033a4   0x080033a4   0x0000004c   Code   RO         5055    i.prvHeapInit       heap_4.o
    0x080033f0   0x080033f0   0x00000060   Code   RO         4373    i.prvIdleTask       tasks.o
    0x08003450   0x08003450   0x00000098   Code   RO         4374    i.prvInitialiseNewTask  tasks.o
    0x080034e8   0x080034e8   0x0000004c   Code   RO         5056    i.prvInsertBlockIntoFreeList  heap_4.o
    0x08003534   0x08003534   0x00000020   Code   RO         4375    i.prvResetNextTaskUnblockTime  tasks.o
    0x08003554   0x08003554   0x00000028   Code   RO         5124    i.prvTaskExitError  port.o
    0x0800357c   0x0800357c   0x000000dc   Code   RO         5057    i.pvPortMalloc      heap_4.o
    0x08003658   0x08003658   0x0000002c   Code   RO         5125    i.pxPortInitialiseStack  port.o
    0x08003684   0x08003684   0x00000026   Code   RO         4006    i.uxListRemove      list.o
    0x080036aa   0x080036aa   0x00000002   PAD
    0x080036ac   0x080036ac   0x00000014   Code   RO          270    i.vApplicationGetIdleTaskMemory  freertos.o
    0x080036c0   0x080036c0   0x00000016   Code   RO         4007    i.vListInitialise   list.o
    0x080036d6   0x080036d6   0x00000006   Code   RO         4008    i.vListInitialiseItem  list.o
    0x080036dc   0x080036dc   0x00000030   Code   RO         4009    i.vListInsert       list.o
    0x0800370c   0x0800370c   0x00000018   Code   RO         4010    i.vListInsertEnd    list.o
    0x08003724   0x08003724   0x00000040   Code   RO         5127    i.vPortEnterCritical  port.o
    0x08003764   0x08003764   0x00000028   Code   RO         5128    i.vPortExitCritical  port.o
    0x0800378c   0x0800378c   0x00000064   Code   RO         5058    i.vPortFree         heap_4.o
    0x080037f0   0x080037f0   0x00000024   Code   RO         5129    i.vPortSetupTimerInterrupt  port.o
    0x08003814   0x08003814   0x0000004c   Code   RO         4384    i.vTaskDelay        tasks.o
    0x08003860   0x08003860   0x0000006c   Code   RO         4397    i.vTaskStartScheduler  tasks.o
    0x080038cc   0x080038cc   0x00000010   Code   RO         4399    i.vTaskSuspendAll   tasks.o
    0x080038dc   0x080038dc   0x0000005c   Code   RO         4400    i.vTaskSwitchContext  tasks.o
    0x08003938   0x08003938   0x000000f4   Code   RO         5131    i.xPortStartScheduler  port.o
    0x08003a2c   0x08003a2c   0x0000005a   Code   RO         4403    i.xTaskCreate       tasks.o
    0x08003a86   0x08003a86   0x00000056   Code   RO         4404    i.xTaskCreateStatic  tasks.o
    0x08003adc   0x08003adc   0x000000cc   Code   RO         4411    i.xTaskIncrementTick  tasks.o
    0x08003ba8   0x08003ba8   0x000000c4   Code   RO         4417    i.xTaskResumeAll    tasks.o
    0x08003c6c   0x08003c6c   0x000000c4   Data   RO          272    .constdata          freertos.o
    0x08003d30   0x08003d30   0x00000010   Data   RO         3869    .constdata          system_stm32f4xx.o
    0x08003d40   0x08003d40   0x00000008   Data   RO         3870    .constdata          system_stm32f4xx.o
    0x08003d48   0x08003d48   0x00000200   Data   RO         5769    .constdata          modbus_crc.o
    0x08003f48   0x08003f48   0x00000050   Data   RO          273    .conststring        freertos.o
    0x08003f98   0x08003f98   0x00000020   Data   RO         6313    Region$$Table       anon$$obj.o


    Execution Region RW_IRAM1 (Exec base: 0x20000000, Load base: 0x08003fb8, Size: 0x000046c8, Max: 0x0001c000, ABSOLUTE)

    Exec Addr    Load Addr    Size         Type   Attr      Idx    E Section Name        Object

    0x20000000   0x08003fb8   0x0000001c   Data   RW          274    .data               freertos.o
    0x2000001c   0x08003fd4   0x0000000c   Data   RW         1900    .data               stm32f4xx_hal.o
    0x20000028   0x08003fe0   0x00000004   Data   RW         3871    .data               system_stm32f4xx.o
    0x2000002c   0x08003fe4   0x0000003c   Data   RW         4420    .data               tasks.o
    0x20000068   0x08004020   0x00000020   Data   RW         5064    .data               heap_4.o
    0x20000088   0x08004040   0x0000000c   Data   RW         5132    .data               port.o
    0x20000094   0x0800404c   0x00000010   Data   RW         5677    .data               modbus.o
    0x200000a4   0x0800405c   0x00000001   Data   RW         5678    .data               modbus.o
    0x200000a5   0x0800405d   0x00000001   PAD
    0x200000a6   0x0800405e   0x00000002   Data   RW         5889    .data               flash_write_read.o
    0x200000a8        -       0x00000254   Zero   RW          271    .bss                freertos.o
    0x200002fc        -       0x00000048   Zero   RW          375    .bss                adc.o
    0x20000344        -       0x00000020   Zero   RW          417    .bss                rtc.o
    0x20000364        -       0x00000090   Zero   RW          460    .bss                tim.o
    0x200003f4        -       0x00000090   Zero   RW          510    .bss                usart.o
    0x20000484        -       0x00000048   Zero   RW          679    .bss                stm32f4xx_hal_timebase_tim.o
    0x200004cc        -       0x00000020   Zero   RW         1166    .bss                stm32f4xx_hal_flash.o
    0x200004ec        -       0x000000f0   Zero   RW         4419    .bss                tasks.o
    0x200005dc        -       0x00003c00   Zero   RW         5063    .bss                heap_4.o
    0x200041dc        -       0x000000ec   Zero   RW         5676    .bss                modbus.o
    0x200042c8        -       0x00000400   Zero   RW            1    STACK               startup_stm32f407xx.o


    Execution Region RW_IRAM2 (Exec base: 0x2001c000, Load base: 0x08004060, Size: 0x00000000, Max: 0x00004000, ABSOLUTE)

    **** No section assigned to this execution region ****


==============================================================================

Image component sizes


      Code (inc. data)   RO Data    RW Data    ZI Data      Debug   Object Name

       196         24          0          0         72       1961   adc.o
       120          0          0          0          0      23881   cmsis_os.o
         0          0          0          0          0      17144   event_groups.o
       332         52          0          2          0       3726   flash_write_read.o
       588         48        276         28        596       7349   freertos.o
       300         16          0          0          0       1223   gpio.o
       472         24          0         32      15360       7871   heap_4.o
       138          0          0          0          0       3938   list.o
       312         26          0          0          0     778020   main.o
       572         56          0         17        236       5124   modbus.o
        44          4        512          0          0       1529   modbus_crc.o
       702         72          0         12          0      11716   port.o
        60          4          0          0          0        633   pwr_on_off.o
       204         18          0          0         32       1931   rtc.o
        36          8        392          0       1024        900   startup_stm32f407xx.o
       116         18          0         12          0       9178   stm32f4xx_hal.o
       712         28          0          0          0       3139   stm32f4xx_hal_adc.o
       194         24          0          0          0      34037   stm32f4xx_hal_cortex.o
       182          0          0          0          0       2295   stm32f4xx_hal_dma.o
       520         66          0          0         32       7314   stm32f4xx_hal_flash.o
       356         24          0          0          0       4330   stm32f4xx_hal_flash_ex.o
       532         46          0          0          0       3828   stm32f4xx_hal_gpio.o
        56          4          0          0          0        998   stm32f4xx_hal_msp.o
      1408         82          0          0          0       6361   stm32f4xx_hal_rcc.o
       316         20          0          0          0       1520   stm32f4xx_hal_rcc_ex.o
       692         24          0          0          0       6649   stm32f4xx_hal_rtc.o
       210          0          0          0          0       1599   stm32f4xx_hal_rtc_ex.o
      1072         74          0          0          0      11257   stm32f4xx_hal_tim.o
       148         28          0          0          0       2753   stm32f4xx_hal_tim_ex.o
       152         20          0          0         72       1679   stm32f4xx_hal_timebase_tim.o
      1562         16          0          0          0      11384   stm32f4xx_hal_uart.o
       148         38          0          0          0       5915   stm32f4xx_it.o
         0          0          0          0          0        384   stream_buffer.o
        16          4         24          4          0       1327   system_stm32f4xx.o
      1520        112          0         60        240      20594   tasks.o
       304         22          0          0        144       2751   tim.o
       340         44          0          0        144       3366   usart.o
        88         12          0          0          0       1417   water_tank_liquid.o

    ----------------------------------------------------------------------
     14752       1058       1236        168      17952    1011021   Object Totals
         0          0         32          0          0          0   (incl. Generated)
        32          0          0          1          0          0   (incl. Padding)

    ----------------------------------------------------------------------

      Code (inc. data)   RO Data    RW Data    ZI Data      Debug   Library Member Name

         0          0          0          0          0          0   entry.o
         0          0          0          0          0          0   entry10a.o
         0          0          0          0          0          0   entry11a.o
         4          0          0          0          0          0   entry12b.o
         8          4          0          0          0          0   entry2.o
         4          0          0          0          0          0   entry5.o
         0          0          0          0          0          0   entry7b.o
         0          0          0          0          0          0   entry8b.o
         8          4          0          0          0          0   entry9a.o
        30          0          0          0          0          0   handlers.o
        36          8          0          0          0         68   init.o
        30          0          0          0          0         68   llshl.o
        32          0          0          0          0         68   llushr.o
        36          0          0          0          0         68   memcpya.o
        36          0          0          0          0        108   memseta.o
        98          0          0          0          0         92   uldiv.o

    ----------------------------------------------------------------------
       324         16          0          0          0        472   Library Totals
         2          0          0          0          0          0   (incl. Padding)

    ----------------------------------------------------------------------

      Code (inc. data)   RO Data    RW Data    ZI Data      Debug   Library Name

       322         16          0          0          0        472   mc_w.l

    ----------------------------------------------------------------------
       324         16          0          0          0        472   Library Totals

    ----------------------------------------------------------------------

==============================================================================


      Code (inc. data)   RO Data    RW Data    ZI Data      Debug   

     15076       1074       1236        168      17952     996141   Grand Totals
     15076       1074       1236        168      17952     996141   ELF Image Totals
     15076       1074       1236        168          0          0   ROM Totals

==============================================================================

    Total RO  Size (Code + RO Data)                16312 (  15.93kB)
    Total RW  Size (RW Data + ZI Data)             18120 (  17.70kB)
    Total ROM Size (Code + RO Data + RW Data)      16480 (  16.09kB)

==============================================================================

