Component: ARM Compiler 5.06 update 7 (build 960) Tool: armlink [4d3601]

==============================================================================

Section Cross References

    startup_stm32f103xb.o(RESET) refers to startup_stm32f103xb.o(STACK) for __initial_sp
    startup_stm32f103xb.o(RESET) refers to startup_stm32f103xb.o(.text) for Reset_Handler
    startup_stm32f103xb.o(RESET) refers to stm32f1xx_it.o(i.NMI_Handler) for NMI_Handler
    startup_stm32f103xb.o(RESET) refers to stm32f1xx_it.o(i.HardFault_Handler) for HardFault_Handler
    startup_stm32f103xb.o(RESET) refers to stm32f1xx_it.o(i.MemManage_Handler) for MemManage_Handler
    startup_stm32f103xb.o(RESET) refers to stm32f1xx_it.o(i.BusFault_Handler) for BusFault_Handler
    startup_stm32f103xb.o(RESET) refers to stm32f1xx_it.o(i.UsageFault_Handler) for UsageFault_Handler
    startup_stm32f103xb.o(RESET) refers to port.o(.emb_text) for SVC_Handler
    startup_stm32f103xb.o(RESET) refers to stm32f1xx_it.o(i.DebugMon_Handler) for DebugMon_Handler
    startup_stm32f103xb.o(RESET) refers to port.o(i.SysTick_Handler) for SysTick_Handler
    startup_stm32f103xb.o(RESET) refers to stm32f1xx_it.o(i.TIM2_IRQHandler) for TIM2_IRQHandler
    startup_stm32f103xb.o(RESET) refers to stm32f1xx_it.o(i.TIM4_IRQHandler) for TIM4_IRQHandler
    startup_stm32f103xb.o(RESET) refers to stm32f1xx_it.o(i.USART1_IRQHandler) for USART1_IRQHandler
    startup_stm32f103xb.o(RESET) refers to stm32f1xx_it.o(i.USART2_IRQHandler) for USART2_IRQHandler
    startup_stm32f103xb.o(.text) refers to system_stm32f1xx.o(i.SystemInit) for SystemInit
    startup_stm32f103xb.o(.text) refers to entry.o(.ARM.Collect$$$$00000000) for __main
    main.o(i.HAL_TIM_PeriodElapsedCallback) refers to stm32f1xx_hal.o(i.HAL_IncTick) for HAL_IncTick
    main.o(i.HAL_TIM_PeriodElapsedCallback) refers to tim.o(.bss) for htim2
    main.o(i.HAL_TIM_PeriodElapsedCallback) refers to modbus.o(.bss) for modbus
    main.o(i.SystemClock_Config) refers to memseta.o(.text) for __aeabi_memclr4
    main.o(i.SystemClock_Config) refers to stm32f1xx_hal_rcc.o(i.HAL_RCC_OscConfig) for HAL_RCC_OscConfig
    main.o(i.SystemClock_Config) refers to stm32f1xx_hal_rcc.o(i.HAL_RCC_ClockConfig) for HAL_RCC_ClockConfig
    main.o(i.SystemClock_Config) refers to stm32f1xx_hal_rcc_ex.o(i.HAL_RCCEx_PeriphCLKConfig) for HAL_RCCEx_PeriphCLKConfig
    main.o(i.main) refers to stm32f1xx_hal.o(i.HAL_Init) for HAL_Init
    main.o(i.main) refers to main.o(i.SystemClock_Config) for SystemClock_Config
    main.o(i.main) refers to gpio.o(i.MX_GPIO_Init) for MX_GPIO_Init
    main.o(i.main) refers to usart.o(i.MX_USART2_UART_Init) for MX_USART2_UART_Init
    main.o(i.main) refers to rtc.o(i.MX_RTC_Init) for MX_RTC_Init
    main.o(i.main) refers to tim.o(i.MX_TIM3_Init) for MX_TIM3_Init
    main.o(i.main) refers to tim.o(i.MX_TIM2_Init) for MX_TIM2_Init
    main.o(i.main) refers to usart.o(i.MX_USART1_UART_Init) for MX_USART1_UART_Init
    main.o(i.main) refers to modbus.o(i.Modbus_Init) for Modbus_Init
    main.o(i.main) refers to stm32f1xx_hal_uart.o(i.HAL_UART_Receive_IT) for HAL_UART_Receive_IT
    main.o(i.main) refers to oled.o(i.OLED_Init) for OLED_Init
    main.o(i.main) refers to oled.o(i.OLED_Clear) for OLED_Clear
    main.o(i.main) refers to freertos.o(i.MX_FREERTOS_Init) for MX_FREERTOS_Init
    main.o(i.main) refers to cmsis_os.o(i.osKernelStart) for osKernelStart
    main.o(i.main) refers to modbus.o(.data) for RES
    main.o(i.main) refers to usart.o(.bss) for huart1
    gpio.o(i.MX_GPIO_Init) refers to stm32f1xx_hal_gpio.o(i.HAL_GPIO_WritePin) for HAL_GPIO_WritePin
    gpio.o(i.MX_GPIO_Init) refers to stm32f1xx_hal_gpio.o(i.HAL_GPIO_Init) for HAL_GPIO_Init
    freertos.o(i.MX_FREERTOS_Init) refers to memcpya.o(.text) for __aeabi_memcpy4
    freertos.o(i.MX_FREERTOS_Init) refers to cmsis_os.o(i.osThreadCreate) for osThreadCreate
    freertos.o(i.MX_FREERTOS_Init) refers to freertos.o(.constdata) for .constdata
    freertos.o(i.MX_FREERTOS_Init) refers to freertos.o(.data) for .data
    freertos.o(i.Start_LED_Task) refers to stm32f1xx_hal_gpio.o(i.HAL_GPIO_TogglePin) for HAL_GPIO_TogglePin
    freertos.o(i.Start_LED_Task) refers to printf1.o(i.__0printf$1) for __2printf
    freertos.o(i.Start_LED_Task) refers to cmsis_os.o(i.osDelay) for osDelay
    freertos.o(i.Start_LED_Task) refers to modbus.o(.bss) for modbus
    freertos.o(i.Start_menu_Task) refers to menu.o(i.Menu_key_set) for Menu_key_set
    freertos.o(i.Start_modbus_Task) refers to modbus.o(i.Host_Read03_slave) for Host_Read03_slave
    freertos.o(i.Start_modbus_Task) refers to modbus.o(i.HOST_ModbusRX) for HOST_ModbusRX
    freertos.o(i.Start_modbus_Task) refers to modbus.o(.bss) for modbus
    freertos.o(i.vApplicationGetIdleTaskMemory) refers to freertos.o(.bss) for .bss
    freertos.o(.constdata) refers to freertos.o(.conststring) for .conststring
    freertos.o(.constdata) refers to freertos.o(i.Start_LED_Task) for Start_LED_Task
[...]
    i.HAL_UART_TxCpltCallback                0x08001d50   Section        0  stm32f1xx_hal_uart.o(i.HAL_UART_TxCpltCallback)
    i.HOST_ModbusRX                          0x08001d54   Section        0  modbus.o(i.HOST_ModbusRX)
    i.HardFault_Handler                      0x08001db8   Section        0  stm32f1xx_it.o(i.HardFault_Handler)
    i.Host_Func3                             0x08001dbc   Section        0  modbus.o(i.Host_Func3)
    i.Host_Read03_slave                      0x08001e3c   Section        0  modbus.o(i.Host_Read03_slave)
    i.IIC_Start                              0x08001e90   Section        0  oled.o(i.IIC_Start)
    i.IIC_Stop                               0x08001ec8   Section        0  oled.o(i.IIC_Stop)
    i.IIC_WaitAck                            0x08001ef4   Section        0  oled.o(i.IIC_WaitAck)
    i.IIC_WriteByte                          0x08001f18   Section        0  oled.o(i.IIC_WriteByte)
    i.IIC_WriteCommand                       0x08001f74   Section        0  oled.o(i.IIC_WriteCommand)
    i.IIC_WriteData                          0x08001fa2   Section        0  oled.o(i.IIC_WriteData)
    i.Info                                   0x08001fd0   Section        0  menu.o(i.Info)
    i.Information                            0x08002070   Section        0  menu.o(i.Information)
    i.Information1                           0x080020f0   Section        0  menu.o(i.Information1)
    i.LED                                    0x08002168   Section        0  menu.o(i.LED)
    i.MX_FREERTOS_Init                       0x080021b8   Section        0  freertos.o(i.MX_FREERTOS_Init)
    i.MX_GPIO_Init                           0x0800220c   Section        0  gpio.o(i.MX_GPIO_Init)
    i.MX_RTC_Init                            0x080022f0   Section        0  rtc.o(i.MX_RTC_Init)
    i.MX_TIM2_Init                           0x08002364   Section        0  tim.o(i.MX_TIM2_Init)
    i.MX_TIM3_Init                           0x080023d0   Section        0  tim.o(i.MX_TIM3_Init)
    i.MX_USART1_UART_Init                    0x08002438   Section        0  usart.o(i.MX_USART1_UART_Init)
    i.MX_USART2_UART_Init                    0x08002470   Section        0  usart.o(i.MX_USART2_UART_Init)
    i.MemManage_Handler                      0x080024a8   Section        0  stm32f1xx_it.o(i.MemManage_Handler)
    i.Menu_key_set                           0x080024ac   Section        0  menu.o(i.Menu_key_set)
    i.Modbus_CRC16                           0x08002544   Section        0  modbus_crc.o(i.Modbus_CRC16)
    i.Modbus_Init                            0x08002570   Section        0  modbus.o(i.Modbus_Init)
    i.Modbus_Send_Byte                       0x08002588   Section        0  usart.o(i.Modbus_Send_Byte)
    i.NMI_Handler                            0x0800259c   Section        0  stm32f1xx_it.o(i.NMI_Handler)
    i.OLED_Clear                             0x0800259e   Section        0  oled.o(i.OLED_Clear)
    i.OLED_DrawBMP                           0x080025d8   Section        0  dinogame.o(i.OLED_DrawBMP)
    i.OLED_DrawCactusRandom                  0x08002618   Section        0  dinogame.o(i.OLED_DrawCactusRandom)
    i.OLED_DrawCloud                         0x08002714   Section        0  dinogame.o(i.OLED_DrawCloud)
    i.OLED_DrawDino                          0x080027c0   Section        0  dinogame.o(i.OLED_DrawDino)
    i.OLED_DrawDinoJump                      0x0800282c   Section        0  dinogame.o(i.OLED_DrawDinoJump)
    i.OLED_DrawGround                        0x08002960   Section        0  dinogame.o(i.OLED_DrawGround)
    i.OLED_DrawRestart                       0x080029c8   Section        0  dinogame.o(i.OLED_DrawRestart)
    i.OLED_FillPicture                       0x08002a44   Section        0  oled.o(i.OLED_FillPicture)
    i.OLED_Init                              0x08002a80   Section        0  oled.o(i.OLED_Init)
    i.OLED_SetPos                            0x08002b70   Section        0  oled.o(i.OLED_SetPos)
    i.OLED_ShowChar                          0x08002b9c   Section        0  oled.o(i.OLED_ShowChar)
    i.OLED_ShowNum                           0x08002c24   Section        0  oled.o(i.OLED_ShowNum)
    i.OLED_ShowString                        0x08002c8e   Section        0  oled.o(i.OLED_ShowString)
    i.OLED_WR_Byte                           0x08002cc4   Section        0  oled.o(i.OLED_WR_Byte)
    i.Palygame                               0x08002cd0   Section        0  menu.o(i.Palygame)
    i.RTC_Bcd2ToByte                         0x08002d70   Section        0  stm32f1xx_hal_rtc.o(i.RTC_Bcd2ToByte)
    RTC_Bcd2ToByte                           0x08002d71   Thumb Code    18  stm32f1xx_hal_rtc.o(i.RTC_Bcd2ToByte)
    i.RTC_ByteToBcd2                         0x08002d82   Section        0  stm32f1xx_hal_rtc.o(i.RTC_ByteToBcd2)
    RTC_ByteToBcd2                           0x08002d83   Thumb Code    22  stm32f1xx_hal_rtc.o(i.RTC_ByteToBcd2)
    i.RTC_DateUpdate                         0x08002d98   Section        0  stm32f1xx_hal_rtc.o(i.RTC_DateUpdate)
    RTC_DateUpdate                           0x08002d99   Thumb Code   174  stm32f1xx_hal_rtc.o(i.RTC_DateUpdate)
    i.RTC_EnterInitMode                      0x08002e46   Section        0  stm32f1xx_hal_rtc.o(i.RTC_EnterInitMode)
    RTC_EnterInitMode                        0x08002e47   Thumb Code    52  stm32f1xx_hal_rtc.o(i.RTC_EnterInitMode)
    i.RTC_ExitInitMode                       0x08002e7c   Section        0  stm32f1xx_hal_rtc.o(i.RTC_ExitInitMode)
    RTC_ExitInitMode                         0x08002e7d   Thumb Code    54  stm32f1xx_hal_rtc.o(i.RTC_ExitInitMode)
    i.RTC_ReadAlarmCounter                   0x08002eb2   Section        0  stm32f1xx_hal_rtc.o(i.RTC_ReadAlarmCounter)
    RTC_ReadAlarmCounter                     0x08002eb3   Thumb Code    14  stm32f1xx_hal_rtc.o(i.RTC_ReadAlarmCounter)
    i.RTC_ReadTimeCounter                    0x08002ec0   Section        0  stm32f1xx_hal_rtc.o(i.RTC_ReadTimeCounter)
    RTC_ReadTimeCounter                      0x08002ec1   Thumb Code    32  stm32f1xx_hal_rtc.o(i.RTC_ReadTimeCounter)
    i.RTC_WeekDayNum                         0x08002ee0   Section        0  stm32f1xx_hal_rtc.o(i.RTC_WeekDayNum)
    RTC_WeekDayNum                           0x08002ee1   Thumb Code    86  stm32f1xx_hal_rtc.o(i.RTC_WeekDayNum)
    i.RTC_WriteAlarmCounter                  0x08002f36   Section        0  stm32f1xx_hal_rtc.o(i.RTC_WriteAlarmCounter)
    RTC_WriteAlarmCounter                    0x08002f37   Thumb Code    40  stm32f1xx_hal_rtc.o(i.RTC_WriteAlarmCounter)
    i.RTC_WriteTimeCounter                   0x08002f5e   Section        0  stm32f1xx_hal_rtc.o(i.RTC_WriteTimeCounter)
    RTC_WriteTimeCounter                     0x08002f5f   Thumb Code    40  stm32f1xx_hal_rtc.o(i.RTC_WriteTimeCounter)
    i.RTC_display                            0x08002f88   Section        0  menu.o(i.RTC_display)
    i.Set                                    0x08002ff4   Section        0  menu.o(i.Set)
    i.Setting                                0x08003044   Section        0  menu.o(i.Setting)
    i.Start_LED_Task                         0x080030e4   Section        0  freertos.o(i.Start_LED_Task)
    i.Start_menu_Task                        0x0800312c   Section        0  freertos.o(i.Start_menu_Task)
    i.Start_modbus_Task                      0x08003134   Section        0  freertos.o(i.Start_modbus_Task)
    i.SysTick_Handler                        0x08003168   Section        0  port.o(i.SysTick_Handler)
    i.SystemClock_Config                     0x08003194   Section        0  main.o(i.SystemClock_Config)
    i.SystemInit                             0x08003214   Section        0  system_stm32f1xx.o(i.SystemInit)
    i.TIM2_IRQHandler                        0x08003218   Section        0  stm32f1xx_it.o(i.TIM2_IRQHandler)
    i.TIM4_IRQHandler                        0x08003224   Section        0  stm32f1xx_it.o(i.TIM4_IRQHandler)
    i.TIM_Base_SetConfig                     0x08003230   Section        0  stm32f1xx_hal_tim.o(i.TIM_Base_SetConfig)
    i.TIM_ETR_SetConfig                      0x0800329c   Section        0  stm32f1xx_hal_tim.o(i.TIM_ETR_SetConfig)
    i.TIM_ITRx_SetConfig                     0x080032b0   Section        0  stm32f1xx_hal_tim.o(i.TIM_ITRx_SetConfig)
    TIM_ITRx_SetConfig                       0x080032b1   Thumb Code    16  stm32f1xx_hal_tim.o(i.TIM_ITRx_SetConfig)
    i.TIM_TI1_ConfigInputStage               0x080032c0   Section        0  stm32f1xx_hal_tim.o(i.TIM_TI1_ConfigInputStage)
    TIM_TI1_ConfigInputStage                 0x080032c1   Thumb Code    34  stm32f1xx_hal_tim.o(i.TIM_TI1_ConfigInputStage)
    i.TIM_TI2_ConfigInputStage               0x080032e2   Section        0  stm32f1xx_hal_tim.o(i.TIM_TI2_ConfigInputStage)
    TIM_TI2_ConfigInputStage                 0x080032e3   Thumb Code    36  stm32f1xx_hal_tim.o(i.TIM_TI2_ConfigInputStage)
    i.Temperature                            0x08003308   Section        0  menu.o(i.Temperature)
    i.TestTemperature                        0x080033a4   Section        0  menu.o(i.TestTemperature)
    i.Tims_delay_us                          0x080033d4   Section        0  dht11.o(i.Tims_delay_us)
    i.UART_DMAAbortOnError                   0x08003410   Section        0  stm32f1xx_hal_uart.o(i.UART_DMAAbortOnError)
    UART_DMAAbortOnError                     0x08003411   Thumb Code    16  stm32f1xx_hal_uart.o(i.UART_DMAAbortOnError)
    i.UART_EndRxTransfer                     0x08003420   Section        0  stm32f1xx_hal_uart.o(i.UART_EndRxTransfer)
    UART_EndRxTransfer                       0x08003421   Thumb Code    78  stm32f1xx_hal_uart.o(i.UART_EndRxTransfer)
    i.UART_Receive_IT                        0x0800346e   Section        0  stm32f1xx_hal_uart.o(i.UART_Receive_IT)
    UART_Receive_IT                          0x0800346f   Thumb Code   194  stm32f1xx_hal_uart.o(i.UART_Receive_IT)
    i.UART_SetConfig                         0x08003530   Section        0  stm32f1xx_hal_uart.o(i.UART_SetConfig)
    UART_SetConfig                           0x08003531   Thumb Code   178  stm32f1xx_hal_uart.o(i.UART_SetConfig)
    i.UART_Start_Receive_IT                  0x080035e8   Section        0  stm32f1xx_hal_uart.o(i.UART_Start_Receive_IT)
    i.UART_WaitOnFlagUntilTimeout            0x0800361e   Section        0  stm32f1xx_hal_uart.o(i.UART_WaitOnFlagUntilTimeout)
    UART_WaitOnFlagUntilTimeout              0x0800361f   Thumb Code   120  stm32f1xx_hal_uart.o(i.UART_WaitOnFlagUntilTimeout)
    i.USART1_IRQHandler                      0x08003698   Section        0  stm32f1xx_it.o(i.USART1_IRQHandler)
    i.USART2_IRQHandler                      0x080036ec   Section        0  stm32f1xx_it.o(i.USART2_IRQHandler)
    i.UsageFault_Handler                     0x080036f8   Section        0  stm32f1xx_it.o(i.UsageFault_Handler)
    i.__0printf$1                            0x080036fc   Section        0  printf1.o(i.__0printf$1)
    i.__NVIC_SetPriority                     0x0800371c   Section        0  stm32f1xx_hal_cortex.o(i.__NVIC_SetPriority)
    __NVIC_SetPriority                       0x0800371d   Thumb Code    32  stm32f1xx_hal_cortex.o(i.__NVIC_SetPriority)
    i.__scatterload_copy                     0x0800373c   Section       14  handlers.o(i.__scatterload_copy)
    i.__scatterload_null                     0x0800374a   Section        2  handlers.o(i.__scatterload_null)
    i.__scatterload_zeroinit                 0x0800374c   Section       14  handlers.o(i.__scatterload_zeroinit)
    i._printf_core                           0x0800375c   Section        0  printf1.o(i._printf_core)
    _printf_core                             0x0800375d   Thumb Code   336  printf1.o(i._printf_core)
    i.delay_ms                               0x080038b0   Section        0  delay.o(i.delay_ms)
    i.delay_us                               0x080038cc   Section        0  delay.o(i.delay_us)
    i.fputc                                  0x08003900   Section        0  usart.o(i.fputc)
    i.home                                   0x08003918   Section        0  menu.o(i.home)
    i.keyboard_scan                          0x080039b8   Section        0  matrix_key.o(i.keyboard_scan)
    i.main                                   0x08003b14   Section        0  main.o(i.main)
    i.makeFreeRtosPriority                   0x08003b5c   Section        0  cmsis_os.o(i.makeFreeRtosPriority)
    makeFreeRtosPriority                     0x08003b5d   Thumb Code    12  cmsis_os.o(i.makeFreeRtosPriority)
    i.oled_drawbmp_block_clear               0x08003b68   Section        0  dinogame.o(i.oled_drawbmp_block_clear)
    i.oled_pow                               0x08003bb0   Section        0  oled.o(i.oled_pow)
    i.osDelay                                0x08003bc0   Section        0  cmsis_os.o(i.osDelay)
    i.osKernelStart                          0x08003bce   Section        0  cmsis_os.o(i.osKernelStart)
    i.osThreadCreate                         0x08003bd8   Section        0  cmsis_os.o(i.osThreadCreate)
    i.prvAddCurrentTaskToDelayedList         0x08003c2c   Section        0  tasks.o(i.prvAddCurrentTaskToDelayedList)
    prvAddCurrentTaskToDelayedList           0x08003c2d   Thumb Code   102  tasks.o(i.prvAddCurrentTaskToDelayedList)
    i.prvAddNewTaskToReadyList               0x08003c9c   Section        0  tasks.o(i.prvAddNewTaskToReadyList)
    prvAddNewTaskToReadyList                 0x08003c9d   Thumb Code   194  tasks.o(i.prvAddNewTaskToReadyList)
    i.prvDeleteTCB                           0x08003d6c   Section        0  tasks.o(i.prvDeleteTCB)
    prvDeleteTCB                             0x08003d6d   Thumb Code    52  tasks.o(i.prvDeleteTCB)
    i.prvHeapInit                            0x08003da0   Section        0  heap_4.o(i.prvHeapInit)
    prvHeapInit                              0x08003da1   Thumb Code    66  heap_4.o(i.prvHeapInit)
    i.prvIdleTask                            0x08003dec   Section        0  tasks.o(i.prvIdleTask)
    prvIdleTask                              0x08003ded   Thumb Code    82  tasks.o(i.prvIdleTask)
    i.prvInitialiseNewTask                   0x08003e4c   Section        0  tasks.o(i.prvInitialiseNewTask)
    prvInitialiseNewTask                     0x08003e4d   Thumb Code   142  tasks.o(i.prvInitialiseNewTask)
    i.prvInsertBlockIntoFreeList             0x08003edc   Section        0  heap_4.o(i.prvInsertBlockIntoFreeList)
    prvInsertBlockIntoFreeList               0x08003edd   Thumb Code    72  heap_4.o(i.prvInsertBlockIntoFreeList)
    i.prvResetNextTaskUnblockTime            0x08003f28   Section        0  tasks.o(i.prvResetNextTaskUnblockTime)
    prvResetNextTaskUnblockTime              0x08003f29   Thumb Code    26  tasks.o(i.prvResetNextTaskUnblockTime)
    i.prvTaskExitError                       0x08003f48   Section        0  port.o(i.prvTaskExitError)
    prvTaskExitError                         0x08003f49   Thumb Code    36  port.o(i.prvTaskExitError)
    i.pvPortMalloc                           0x08003f70   Section        0  heap_4.o(i.pvPortMalloc)
    i.pxPortInitialiseStack                  0x08004048   Section        0  port.o(i.pxPortInitialiseStack)
    i.uxListRemove                           0x0800406c   Section        0  list.o(i.uxListRemove)
    i.vApplicationGetIdleTaskMemory          0x08004094   Section        0  freertos.o(i.vApplicationGetIdleTaskMemory)
    i.vListInitialise                        0x080040a8   Section        0  list.o(i.vListInitialise)
    i.vListInitialiseItem                    0x080040be   Section        0  list.o(i.vListInitialiseItem)
    i.vListInsert                            0x080040c4   Section        0  list.o(i.vListInsert)
    i.vListInsertEnd                         0x080040f4   Section        0  list.o(i.vListInsertEnd)
    i.vPortEnterCritical                     0x0800410c   Section        0  port.o(i.vPortEnterCritical)
    i.vPortExitCritical                      0x0800414c   Section        0  port.o(i.vPortExitCritical)
    i.vPortFree                              0x08004174   Section        0  heap_4.o(i.vPortFree)
    i.vPortSetupTimerInterrupt               0x080041d0   Section        0  port.o(i.vPortSetupTimerInterrupt)
    i.vTaskDelay                             0x080041f4   Section        0  tasks.o(i.vTaskDelay)
    i.vTaskStartScheduler                    0x08004240   Section        0  tasks.o(i.vTaskStartScheduler)
    i.vTaskSuspendAll                        0x080042ac   Section        0  tasks.o(i.vTaskSuspendAll)
    i.vTaskSwitchContext                     0x080042bc   Section        0  tasks.o(i.vTaskSwitchContext)
    i.xPortStartScheduler                    0x08004318   Section        0  port.o(i.xPortStartScheduler)
    i.xTaskCreate                            0x080043c0   Section        0  tasks.o(i.xTaskCreate)
    i.xTaskCreateStatic                      0x0800441a   Section        0  tasks.o(i.xTaskCreateStatic)
    i.xTaskIncrementTick                     0x08004470   Section        0  tasks.o(i.xTaskIncrementTick)
    i.xTaskResumeAll                         0x08004538   Section        0  tasks.o(i.xTaskResumeAll)
    .constdata                               0x080045fc   Section       84  freertos.o(.constdata)
    .constdata                               0x08004650   Section       18  stm32f1xx_hal_rcc.o(.constdata)
    aPredivFactorTable                       0x08004650   Data           2  stm32f1xx_hal_rcc.o(.constdata)
    aPLLMULFactorTable                       0x08004652   Data          16  stm32f1xx_hal_rcc.o(.constdata)
    .constdata                               0x08004662   Section       18  stm32f1xx_hal_rcc_ex.o(.constdata)
    aPredivFactorTable                       0x08004662   Data           2  stm32f1xx_hal_rcc_ex.o(.constdata)
    aPLLMULFactorTable                       0x08004664   Data          16  stm32f1xx_hal_rcc_ex.o(.constdata)
    .constdata                               0x08004674   Section       16  system_stm32f1xx.o(.constdata)
    .constdata                               0x08004684   Section        8  system_stm32f1xx.o(.constdata)
    .constdata                               0x0800468c   Section     2072  oled.o(.constdata)
    .constdata                               0x08004ea4   Section     2309  dinogame.o(.constdata)
    .constdata                               0x080057a9   Section      512  modbus_crc.o(.constdata)
    .conststring                             0x080059ac   Section       34  freertos.o(.conststring)
    .data                                    0x20000000   Section       12  freertos.o(.data)
    .data                                    0x2000000c   Section       12  stm32f1xx_hal.o(.data)
    .data                                    0x20000018   Section        4  system_stm32f1xx.o(.data)
    .data                                    0x2000001c   Section       60  tasks.o(.data)
    pxDelayedTaskList                        0x20000020   Data           4  tasks.o(.data)
    pxOverflowDelayedTaskList                0x20000024   Data           4  tasks.o(.data)
    uxDeletedTasksWaitingCleanUp             0x20000028   Data           4  tasks.o(.data)
    uxCurrentNumberOfTasks                   0x2000002c   Data           4  tasks.o(.data)
    xTickCount                               0x20000030   Data           4  tasks.o(.data)
    uxTopReadyPriority                       0x20000034   Data           4  tasks.o(.data)
    xSchedulerRunning                        0x20000038   Data           4  tasks.o(.data)
    uxPendedTicks                            0x2000003c   Data           4  tasks.o(.data)
    xYieldPending                            0x20000040   Data           4  tasks.o(.data)
    xNumOfOverflows                          0x20000044   Data           4  tasks.o(.data)
    uxTaskNumber                             0x20000048   Data           4  tasks.o(.data)
    xNextTaskUnblockTime                     0x2000004c   Data           4  tasks.o(.data)
    xIdleTaskHandle                          0x20000050   Data           4  tasks.o(.data)
    uxSchedulerSuspended                     0x20000054   Data           4  tasks.o(.data)
    .data                                    0x20000058   Section       24  heap_4.o(.data)
    pxEnd                                    0x20000058   Data           4  heap_4.o(.data)
    xFreeBytesRemaining                      0x2000005c   Data           4  heap_4.o(.data)
    xMinimumEverFreeBytesRemaining           0x20000060   Data           4  heap_4.o(.data)
    xBlockAllocatedBit                       0x20000064   Data           4  heap_4.o(.data)
    xStart                                   0x20000068   Data           8  heap_4.o(.data)
    .data                                    0x20000070   Section       12  port.o(.data)
    ucMaxSysCallPriority                     0x20000070   Data           1  port.o(.data)
    uxCriticalNesting                        0x20000074   Data           4  port.o(.data)
    ulMaxPRIGROUPValue                       0x20000078   Data           4  port.o(.data)
    .data                                    0x2000007c   Section       24  control.o(.data)
    .data                                    0x20000094   Section     2172  menu.o(.data)
    key_up                                   0x20000095   Data           1  menu.o(.data)
    .data                                    0x20000910   Section       24  dinogame.o(.data)
    height                                   0x20000910   Data           1  dinogame.o(.data)
    dino_dir                                 0x20000911   Data           1  dinogame.o(.data)
    speed_idx                                0x20000912   Data           1  dinogame.o(.data)
    dir                                      0x20000913   Data           1  dinogame.o(.data)
    pos                                      0x20000914   Data           4  dinogame.o(.data)
    pos                                      0x20000918   Data           4  dinogame.o(.data)
    pos                                      0x2000091c   Data           4  dinogame.o(.data)
    pos                                      0x20000920   Data           4  dinogame.o(.data)
    height                                   0x20000924   Data           4  dinogame.o(.data)
    .data                                    0x20000928   Section        1  modbus.o(.data)
    .data                                    0x2000092c   Section        4  delay.o(.data)
    fac_us                                   0x2000092c   Data           4  delay.o(.data)
    .data                                    0x20000930   Section        4  rand.o(.data)
    _rand_state                              0x20000930   Data           4  rand.o(.data)
    .data                                    0x20000934   Section        4  stdout.o(.data)
    .bss                                     0x20000938   Section      596  freertos.o(.bss)
    xIdleTaskTCBBuffer                       0x20000938   Data          84  freertos.o(.bss)
    xIdleStack                               0x2000098c   Data         512  freertos.o(.bss)
    .bss                                     0x20000b8c   Section       20  rtc.o(.bss)
    .bss                                     0x20000ba0   Section      144  tim.o(.bss)
    .bss                                     0x20000c30   Section      144  usart.o(.bss)
    .bss                                     0x20000cc0   Section       72  stm32f1xx_hal_timebase_tim.o(.bss)
    .bss                                     0x20000d08   Section      240  tasks.o(.bss)
    pxReadyTasksLists                        0x20000d08   Data         140  tasks.o(.bss)
    xDelayedTaskList1                        0x20000d94   Data          20  tasks.o(.bss)
    xDelayedTaskList2                        0x20000da8   Data          20  tasks.o(.bss)
    xPendingReadyList                        0x20000dbc   Data          20  tasks.o(.bss)
    xTasksWaitingTermination                 0x20000dd0   Data          20  tasks.o(.bss)
    xSuspendedTaskList                       0x20000de4   Data          20  tasks.o(.bss)
    .bss                                     0x20000df8   Section     3072  heap_4.o(.bss)
    ucHeap                                   0x20000df8   Data        3072  heap_4.o(.bss)
    .bss                                     0x200019f8   Section      236  modbus.o(.bss)
    STACK                                    0x20001ae8   Section     1024  startup_stm32f103xb.o(STACK)

    Global Symbols

    Symbol Name                              Value     Ov Type        Size  Object(Section)

    BuildAttributes$$THM_ISAv4$P$D$K$B$S$PE$A:L22UL41UL21$X:L11$S22US41US21$IEEE1$IW$USESV6$~STKCKD$USESV7$~SHL$OSPACE$ROPI$EBA8$MICROLIB$REQ8$PRES8$EABIv2 0x00000000   Number         0  anon$$obj.o ABSOLUTE
    __ARM_use_no_argv                        0x00000000   Number         0  main.o ABSOLUTE
    _printf_a                                0x00000000   Number         0  stubs.o ABSOLUTE
    _printf_c                                0x00000000   Number         0  stubs.o ABSOLUTE
    _printf_charcount                        0x00000000   Number         0  stubs.o ABSOLUTE
    _printf_d                                0x00000000   Number         0  stubs.o ABSOLUTE
    _printf_e                                0x00000000   Number         0  stubs.o ABSOLUTE
    _printf_f                                0x00000000   Number         0  stubs.o ABSOLUTE
    _printf_flags                            0x00000000   Number         0  stubs.o ABSOLUTE
    _printf_fp_dec                           0x00000000   Number         0  stubs.o ABSOLUTE
    _printf_fp_hex                           0x00000000   Number         0  stubs.o ABSOLUTE
    _printf_g                                0x00000000   Number         0  stubs.o ABSOLUTE
    _printf_i                                0x00000000   Number         0  stubs.o ABSOLUTE
    _printf_int_dec                          0x00000000   Number         0  stubs.o ABSOLUTE
    _printf_l                                0x00000000   Number         0  stubs.o ABSOLUTE
    _printf_lc                               0x00000000   Number         0  stubs.o ABSOLUTE
    _printf_ll                               0x00000000   Number         0  stubs.o ABSOLUTE
    _printf_lld                              0x00000000   Number         0  stubs.o ABSOLUTE
    _printf_lli                              0x00000000   Number         0  stubs.o ABSOLUTE
    _printf_llo                              0x00000000   Number         0  stubs.o ABSOLUTE
    _printf_llu                              0x00000000   Number         0  stubs.o ABSOLUTE
    _printf_llx                              0x00000000   Number         0  stubs.o ABSOLUTE
    _printf_longlong_dec                     0x00000000   Number         0  stubs.o ABSOLUTE
    _printf_longlong_hex                     0x00000000   Number         0  stubs.o ABSOLUTE
    _printf_longlong_oct                     0x00000000   Number         0  stubs.o ABSOLUTE
    _printf_ls                               0x00000000   Number         0  stubs.o ABSOLUTE
    _printf_mbtowc                           0x00000000   Number         0  stubs.o ABSOLUTE
    _printf_n                                0x00000000   Number         0  stubs.o ABSOLUTE
    _printf_o                                0x00000000   Number         0  stubs.o ABSOLUTE
    _printf_p                                0x00000000   Number         0  stubs.o ABSOLUTE
    _printf_percent                          0x00000000   Number         0  stubs.o ABSOLUTE
    _printf_pre_padding                      0x00000000   Number         0  stubs.o ABSOLUTE
    _printf_return_value                     0x00000000   Number         0  stubs.o ABSOLUTE
    _printf_s                                0x00000000   Number         0  stubs.o ABSOLUTE
    _printf_sizespec                         0x00000000   Number         0  stubs.o ABSOLUTE
    _printf_str                              0x00000000   Number         0  stubs.o ABSOLUTE
    _printf_truncate_signed                  0x00000000   Number         0  stubs.o ABSOLUTE
    _printf_truncate_unsigned                0x00000000   Number         0  stubs.o ABSOLUTE
    _printf_u                                0x00000000   Number         0  stubs.o ABSOLUTE
    _printf_wc                               0x00000000   Number         0  stubs.o ABSOLUTE
    _printf_wctomb                           0x00000000   Number         0  stubs.o ABSOLUTE
    _printf_widthprec                        0x00000000   Number         0  stubs.o ABSOLUTE
    _printf_x                                0x00000000   Number         0  stubs.o ABSOLUTE
    __arm_fini_                               - Undefined Weak Reference
    __cpp_initialize__aeabi_                  - Undefined Weak Reference
    __cxa_finalize                            - Undefined Weak Reference
    _clock_init                               - Undefined Weak Reference
    _microlib_exit                            - Undefined Weak Reference
    __Vectors_Size                           0x000000ec   Number         0  startup_stm32f103xb.o ABSOLUTE
    __Vectors                                0x08000000   Data           4  startup_stm32f103xb.o(RESET)
    __Vectors_End                            0x080000ec   Data           0  startup_stm32f103xb.o(RESET)
    __main                                   0x080000ed   Thumb Code     0  entry.o(.ARM.Collect$$$$00000000)
    _main_stk                                0x080000ed   Thumb Code     0  entry2.o(.ARM.Collect$$$$00000001)
    _main_scatterload                        0x080000f1   Thumb Code     0  entry5.o(.ARM.Collect$$$$00000004)
    __main_after_scatterload                 0x080000f5   Thumb Code     0  entry5.o(.ARM.Collect$$$$00000004)
    _main_clock                              0x080000f5   Thumb Code     0  entry7b.o(.ARM.Collect$$$$00000008)
    _main_cpp_init                           0x080000f5   Thumb Code     0  entry8b.o(.ARM.Collect$$$$0000000A)
    _main_init                               0x080000f5   Thumb Code     0  entry9a.o(.ARM.Collect$$$$0000000B)
    __rt_lib_shutdown_fini                   0x080000fd   Thumb Code     0  entry12b.o(.ARM.Collect$$$$0000000E)
    __rt_final_cpp                           0x08000101   Thumb Code     0  entry10a.o(.ARM.Collect$$$$0000000F)
    __rt_final_exit                          0x08000101   Thumb Code     0  entry11a.o(.ARM.Collect$$$$00000011)
    SVC_Handler                              0x08000105   Thumb Code    32  port.o(.emb_text)
    __asm___6_port_c_39a90d8d__prvStartFirstTask 0x08000129   Thumb Code    28  port.o(.emb_text)
    PendSV_Handler                           0x08000149   Thumb Code    72  port.o(.emb_text)
    vPortGetIPSR                             0x08000195   Thumb Code     6  port.o(.emb_text)
    Reset_Handler                            0x0800019d   Thumb Code     8  startup_stm32f103xb.o(.text)
    ADC1_2_IRQHandler                        0x080001b7   Thumb Code     0  startup_stm32f103xb.o(.text)
    CAN1_RX1_IRQHandler                      0x080001b7   Thumb Code     0  startup_stm32f103xb.o(.text)
    CAN1_SCE_IRQHandler                      0x080001b7   Thumb Code     0  startup_stm32f103xb.o(.text)
    DMA1_Channel1_IRQHandler                 0x080001b7   Thumb Code     0  startup_stm32f103xb.o(.text)
    DMA1_Channel2_IRQHandler                 0x080001b7   Thumb Code     0  startup_stm32f103xb.o(.text)
    DMA1_Channel3_IRQHandler                 0x080001b7   Thumb Code     0  startup_stm32f103xb.o(.text)
    DMA1_Channel4_IRQHandler                 0x080001b7   Thumb Code     0  startup_stm32f103xb.o(.text)
    DMA1_Channel5_IRQHandler                 0x080001b7   Thumb Code     0  startup_stm32f103xb.o(.text)
    DMA1_Channel6_IRQHandler                 0x080001b7   Thumb Code     0  startup_stm32f103xb.o(.text)
    DMA1_Channel7_IRQHandler                 0x080001b7   Thumb Code     0  startup_stm32f103xb.o(.text)
    EXTI0_IRQHandler                         0x080001b7   Thumb Code     0  startup_stm32f103xb.o(.text)
    EXTI15_10_IRQHandler                     0x080001b7   Thumb Code     0  startup_stm32f103xb.o(.text)
    EXTI1_IRQHandler                         0x080001b7   Thumb Code     0  startup_stm32f103xb.o(.text)
    EXTI2_IRQHandler                         0x080001b7   Thumb Code     0  startup_stm32f103xb.o(.text)
    EXTI3_IRQHandler                         0x080001b7   Thumb Code     0  startup_stm32f103xb.o(.text)
    EXTI4_IRQHandler                         0x080001b7   Thumb Code     0  startup_stm32f103xb.o(.text)
    EXTI9_5_IRQHandler                       0x080001b7   Thumb Code     0  startup_stm32f103xb.o(.text)
    FLASH_IRQHandler                         0x080001b7   Thumb Code     0  startup_stm32f103xb.o(.text)
    I2C1_ER_IRQHandler                       0x080001b7   Thumb Code     0  startup_stm32f103xb.o(.text)
    I2C1_EV_IRQHandler                       0x080001b7   Thumb Code     0  startup_stm32f103xb.o(.text)
    I2C2_ER_IRQHandler                       0x080001b7   Thumb Code     0  startup_stm32f103xb.o(.text)
    I2C2_EV_IRQHandler                       0x080001b7   Thumb Code     0  startup_stm32f103xb.o(.text)
    PVD_IRQHandler                           0x080001b7   Thumb Code     0  startup_stm32f103xb.o(.text)
    RCC_IRQHandler                           0x080001b7   Thumb Code     0  startup_stm32f103xb.o(.text)
    RTC_Alarm_IRQHandler                     0x080001b7   Thumb Code     0  startup_stm32f103xb.o(.text)
    RTC_IRQHandler                           0x080001b7   Thumb Code     0  startup_stm32f103xb.o(.text)
    SPI1_IRQHandler                          0x080001b7   Thumb Code     0  startup_stm32f103xb.o(.text)
    SPI2_IRQHandler                          0x080001b7   Thumb Code     0  startup_stm32f103xb.o(.text)
    TAMPER_IRQHandler                        0x080001b7   Thumb Code     0  startup_stm32f103xb.o(.text)
    TIM1_BRK_IRQHandler                      0x080001b7   Thumb Code     0  startup_stm32f103xb.o(.text)
    TIM1_CC_IRQHandler                       0x080001b7   Thumb Code     0  startup_stm32f103xb.o(.text)
    TIM1_TRG_COM_IRQHandler                  0x080001b7   Thumb Code     0  startup_stm32f103xb.o(.text)
    TIM1_UP_IRQHandler                       0x080001b7   Thumb Code     0  startup_stm32f103xb.o(.text)
    TIM3_IRQHandler                          0x080001b7   Thumb Code     0  startup_stm32f103xb.o(.text)
    USART3_IRQHandler                        0x080001b7   Thumb Code     0  startup_stm32f103xb.o(.text)
    USBWakeUp_IRQHandler                     0x080001b7   Thumb Code     0  startup_stm32f103xb.o(.text)
    USB_HP_CAN1_TX_IRQHandler                0x080001b7   Thumb Code     0  startup_stm32f103xb.o(.text)
    USB_LP_CAN1_RX0_IRQHandler               0x080001b7   Thumb Code     0  startup_stm32f103xb.o(.text)
    WWDG_IRQHandler                          0x080001b7   Thumb Code     0  startup_stm32f103xb.o(.text)
    rand                                     0x080001c1   Thumb Code    20  rand.o(.text)
    srand                                    0x080001d5   Thumb Code     6  rand.o(.text)
    __aeabi_memcpy                           0x080001e5   Thumb Code    36  memcpya.o(.text)
    __aeabi_memcpy4                          0x080001e5   Thumb Code     0  memcpya.o(.text)
    __aeabi_memcpy8                          0x080001e5   Thumb Code     0  memcpya.o(.text)
    __aeabi_memset                           0x08000209   Thumb Code    14  memseta.o(.text)
    __aeabi_memset4                          0x08000209   Thumb Code     0  memseta.o(.text)
    __aeabi_memset8                          0x08000209   Thumb Code     0  memseta.o(.text)
    __aeabi_memclr                           0x08000217   Thumb Code     4  memseta.o(.text)
    __aeabi_memclr4                          0x08000217   Thumb Code     0  memseta.o(.text)
    __aeabi_memclr8                          0x08000217   Thumb Code     0  memseta.o(.text)
    memset                                   0x0800021b   Thumb Code    18  memseta.o(.text)
    __aeabi_uidiv                            0x0800022d   Thumb Code     0  uidiv.o(.text)
    __aeabi_uidivmod                         0x0800022d   Thumb Code    44  uidiv.o(.text)
    __scatterload                            0x08000259   Thumb Code    28  init.o(.text)
    __scatterload_rt2                        0x08000259   Thumb Code     0  init.o(.text)
    __decompress                             0x0800027d   Thumb Code     0  __dczerorl2.o(.text)
    __decompress1                            0x0800027d   Thumb Code    86  __dczerorl2.o(.text)
    BusFault_Handler                         0x080002d3   Thumb Code     2  stm32f1xx_it.o(i.BusFault_Handler)
    ConrtolGame                              0x080002d5   Thumb Code     4  menu.o(i.ConrtolGame)
    DHT11                                    0x080002d9   Thumb Code    16  dht11.o(i.DHT11)
    DHT11_Check                              0x080002e9   Thumb Code    26  dht11.o(i.DHT11_Check)
    DHT11_READ_BIT                           0x08000335   Thumb Code    50  dht11.o(i.DHT11_READ_BIT)
    DHT11_READ_BYTE                          0x0800036d   Thumb Code    32  dht11.o(i.DHT11_READ_BYTE)
    DHT11_READ_DATA                          0x0800038d   Thumb Code   190  dht11.o(i.DHT11_READ_DATA)
    DHT11_START                              0x0800046d   Thumb Code    34  dht11.o(i.DHT11_START)
    DebugMon_Handler                         0x08000495   Thumb Code     2  stm32f1xx_it.o(i.DebugMon_Handler)
    Error_Handler                            0x08000497   Thumb Code     4  main.o(i.Error_Handler)
    Game_control                             0x0800049d   Thumb Code   306  control.o(i.Game_control)
    HAL_DMA_Abort                            0x080005d9   Thumb Code    70  stm32f1xx_hal_dma.o(i.HAL_DMA_Abort)
    HAL_DMA_Abort_IT                         0x08000621   Thumb Code   148  stm32f1xx_hal_dma.o(i.HAL_DMA_Abort_IT)
    HAL_Delay                                0x080006b9   Thumb Code    32  stm32f1xx_hal.o(i.HAL_Delay)
    HAL_GPIO_Init                            0x080006dd   Thumb Code   446  stm32f1xx_hal_gpio.o(i.HAL_GPIO_Init)
    HAL_GPIO_ReadPin                         0x080008bd   Thumb Code    10  stm32f1xx_hal_gpio.o(i.HAL_GPIO_ReadPin)
    HAL_GPIO_TogglePin                       0x080008c7   Thumb Code    16  stm32f1xx_hal_gpio.o(i.HAL_GPIO_TogglePin)
    HAL_GPIO_WritePin                        0x080008d7   Thumb Code    10  stm32f1xx_hal_gpio.o(i.HAL_GPIO_WritePin)
    HAL_GetTick                              0x080008e1   Thumb Code     6  stm32f1xx_hal.o(i.HAL_GetTick)
    HAL_IncTick                              0x080008ed   Thumb Code    12  stm32f1xx_hal.o(i.HAL_IncTick)
    HAL_Init                                 0x080008fd   Thumb Code    32  stm32f1xx_hal.o(i.HAL_Init)
    HAL_InitTick                             0x08000921   Thumb Code   132  stm32f1xx_hal_timebase_tim.o(i.HAL_InitTick)
    HAL_MspInit                              0x080009b9   Thumb Code    62  stm32f1xx_hal_msp.o(i.HAL_MspInit)
    HAL_NVIC_EnableIRQ                       0x08000a01   Thumb Code    26  stm32f1xx_hal_cortex.o(i.HAL_NVIC_EnableIRQ)
    HAL_NVIC_SetPriority                     0x08000a1d   Thumb Code    60  stm32f1xx_hal_cortex.o(i.HAL_NVIC_SetPriority)
    HAL_NVIC_SetPriorityGrouping             0x08000a5d   Thumb Code    26  stm32f1xx_hal_cortex.o(i.HAL_NVIC_SetPriorityGrouping)
    HAL_PWR_EnableBkUpAccess                 0x08000a81   Thumb Code     8  stm32f1xx_hal_pwr.o(i.HAL_PWR_EnableBkUpAccess)
    HAL_RCCEx_GetPeriphCLKFreq               0x08000a8d   Thumb Code   148  stm32f1xx_hal_rcc_ex.o(i.HAL_RCCEx_GetPeriphCLKFreq)
    HAL_RCCEx_PeriphCLKConfig                0x08000b31   Thumb Code   224  stm32f1xx_hal_rcc_ex.o(i.HAL_RCCEx_PeriphCLKConfig)
    HAL_RCC_ClockConfig                      0x08000c1d   Thumb Code   280  stm32f1xx_hal_rcc.o(i.HAL_RCC_ClockConfig)
    HAL_RCC_GetClockConfig                   0x08000d49   Thumb Code    54  stm32f1xx_hal_rcc.o(i.HAL_RCC_GetClockConfig)
    HAL_RCC_GetPCLK1Freq                     0x08000d89   Thumb Code    20  stm32f1xx_hal_rcc.o(i.HAL_RCC_GetPCLK1Freq)
    HAL_RCC_GetPCLK2Freq                     0x08000da9   Thumb Code    20  stm32f1xx_hal_rcc.o(i.HAL_RCC_GetPCLK2Freq)
    HAL_RCC_GetSysClockFreq                  0x08000dc9   Thumb Code    58  stm32f1xx_hal_rcc.o(i.HAL_RCC_GetSysClockFreq)
    HAL_RCC_OscConfig                        0x08000e15   Thumb Code   778  stm32f1xx_hal_rcc.o(i.HAL_RCC_OscConfig)
    HAL_RTC_GetDate                          0x08001135   Thumb Code    78  stm32f1xx_hal_rtc.o(i.HAL_RTC_GetDate)
    HAL_RTC_GetTime                          0x08001183   Thumb Code   216  stm32f1xx_hal_rtc.o(i.HAL_RTC_GetTime)
    HAL_RTC_Init                             0x0800125d   Thumb Code   144  stm32f1xx_hal_rtc.o(i.HAL_RTC_Init)
    HAL_RTC_MspInit                          0x080012f1   Thumb Code    40  rtc.o(i.HAL_RTC_MspInit)
    HAL_RTC_SetDate                          0x08001325   Thumb Code   192  stm32f1xx_hal_rtc.o(i.HAL_RTC_SetDate)
    HAL_RTC_SetTime                          0x080013e9   Thumb Code   168  stm32f1xx_hal_rtc.o(i.HAL_RTC_SetTime)
    HAL_RTC_WaitForSynchro                   0x08001495   Thumb Code    58  stm32f1xx_hal_rtc.o(i.HAL_RTC_WaitForSynchro)
    HAL_TIMEx_BreakCallback                  0x080014cf   Thumb Code     2  stm32f1xx_hal_tim_ex.o(i.HAL_TIMEx_BreakCallback)
    HAL_TIMEx_CommutCallback                 0x080014d1   Thumb Code     2  stm32f1xx_hal_tim_ex.o(i.HAL_TIMEx_CommutCallback)
    HAL_TIMEx_MasterConfigSynchronization    0x080014d5   Thumb Code    92  stm32f1xx_hal_tim_ex.o(i.HAL_TIMEx_MasterConfigSynchronization)
    HAL_TIM_Base_Init                        0x0800153d   Thumb Code    90  stm32f1xx_hal_tim.o(i.HAL_TIM_Base_Init)
    HAL_TIM_Base_MspInit                     0x08001599   Thumb Code    72  tim.o(i.HAL_TIM_Base_MspInit)
    HAL_TIM_Base_Start_IT                    0x080015e9   Thumb Code    76  stm32f1xx_hal_tim.o(i.HAL_TIM_Base_Start_IT)
    HAL_TIM_ConfigClockSource                0x08001641   Thumb Code   220  stm32f1xx_hal_tim.o(i.HAL_TIM_ConfigClockSource)
    HAL_TIM_IC_CaptureCallback               0x0800171d   Thumb Code     2  stm32f1xx_hal_tim.o(i.HAL_TIM_IC_CaptureCallback)
    HAL_TIM_IRQHandler                       0x0800171f   Thumb Code   358  stm32f1xx_hal_tim.o(i.HAL_TIM_IRQHandler)
    HAL_TIM_OC_DelayElapsedCallback          0x08001885   Thumb Code     2  stm32f1xx_hal_tim.o(i.HAL_TIM_OC_DelayElapsedCallback)
    HAL_TIM_PWM_PulseFinishedCallback        0x08001887   Thumb Code     2  stm32f1xx_hal_tim.o(i.HAL_TIM_PWM_PulseFinishedCallback)
    HAL_TIM_PeriodElapsedCallback            0x08001889   Thumb Code    84  main.o(i.HAL_TIM_PeriodElapsedCallback)
    HAL_TIM_TriggerCallback                  0x080018e9   Thumb Code     2  stm32f1xx_hal_tim.o(i.HAL_TIM_TriggerCallback)
    HAL_UARTEx_RxEventCallback               0x080018eb   Thumb Code     2  stm32f1xx_hal_uart.o(i.HAL_UARTEx_RxEventCallback)
    HAL_UART_ErrorCallback                   0x080018ed   Thumb Code     2  stm32f1xx_hal_uart.o(i.HAL_UART_ErrorCallback)
    HAL_UART_IRQHandler                      0x080018f1   Thumb Code   616  stm32f1xx_hal_uart.o(i.HAL_UART_IRQHandler)
    HAL_UART_Init                            0x08001b5d   Thumb Code   100  stm32f1xx_hal_uart.o(i.HAL_UART_Init)
    HAL_UART_MspInit                         0x08001bc1   Thumb Code   198  usart.o(i.HAL_UART_MspInit)
    HAL_UART_Receive_IT                      0x08001c99   Thumb Code    28  stm32f1xx_hal_uart.o(i.HAL_UART_Receive_IT)
    HAL_UART_RxCpltCallback                  0x08001cb5   Thumb Code     2  stm32f1xx_hal_uart.o(i.HAL_UART_RxCpltCallback)
    HAL_UART_Transmit                        0x08001cb7   Thumb Code   154  stm32f1xx_hal_uart.o(i.HAL_UART_Transmit)
    HAL_UART_TxCpltCallback                  0x08001d51   Thumb Code     2  stm32f1xx_hal_uart.o(i.HAL_UART_TxCpltCallback)
    HOST_ModbusRX                            0x08001d55   Thumb Code    86  modbus.o(i.HOST_ModbusRX)
    HardFault_Handler                        0x08001db9   Thumb Code     2  stm32f1xx_it.o(i.HardFault_Handler)
    Host_Func3                               0x08001dbd   Thumb Code    52  modbus.o(i.Host_Func3)
    Host_Read03_slave                        0x08001e3d   Thumb Code    78  modbus.o(i.Host_Read03_slave)
    IIC_Start                                0x08001e91   Thumb Code    52  oled.o(i.IIC_Start)
    IIC_Stop                                 0x08001ec9   Thumb Code    40  oled.o(i.IIC_Stop)
    IIC_WaitAck                              0x08001ef5   Thumb Code    30  oled.o(i.IIC_WaitAck)
    IIC_WriteByte                            0x08001f19   Thumb Code    86  oled.o(i.IIC_WriteByte)
    IIC_WriteCommand                         0x08001f75   Thumb Code    46  oled.o(i.IIC_WriteCommand)
    IIC_WriteData                            0x08001fa3   Thumb Code    46  oled.o(i.IIC_WriteData)
    Info                                     0x08001fd1   Thumb Code   146  menu.o(i.Info)
    Information                              0x08002071   Thumb Code    74  menu.o(i.Information)
    Information1                             0x080020f1   Thumb Code    74  menu.o(i.Information1)
    LED                                      0x08002169   Thumb Code    40  menu.o(i.LED)
    MX_FREERTOS_Init                         0x080021b9   Thumb Code    74  freertos.o(i.MX_FREERTOS_Init)
    MX_GPIO_Init                             0x0800220d   Thumb Code   212  gpio.o(i.MX_GPIO_Init)
    MX_RTC_Init                              0x080022f1   Thumb Code   106  rtc.o(i.MX_RTC_Init)
    MX_TIM2_Init                             0x08002365   Thumb Code   102  tim.o(i.MX_TIM2_Init)
    MX_TIM3_Init                             0x080023d1   Thumb Code    96  tim.o(i.MX_TIM3_Init)
    MX_USART1_UART_Init                      0x08002439   Thumb Code    48  usart.o(i.MX_USART1_UART_Init)
    MX_USART2_UART_Init                      0x08002471   Thumb Code    48  usart.o(i.MX_USART2_UART_Init)
    MemManage_Handler                        0x080024a9   Thumb Code     2  stm32f1xx_it.o(i.MemManage_Handler)
    Menu_key_set                             0x080024ad   Thumb Code   148  menu.o(i.Menu_key_set)
    Modbus_CRC16                             0x08002545   Thumb Code    40  modbus_crc.o(i.Modbus_CRC16)
    Modbus_Init                              0x08002571   Thumb Code    18  modbus.o(i.Modbus_Init)
    Modbus_Send_Byte                         0x08002589   Thumb Code    16  usart.o(i.Modbus_Send_Byte)
    NMI_Handler                              0x0800259d   Thumb Code     2  stm32f1xx_it.o(i.NMI_Handler)
    OLED_Clear                               0x0800259f   Thumb Code    58  oled.o(i.OLED_Clear)
    OLED_DrawBMP                             0x080025d9   Thumb Code    64  dinogame.o(i.OLED_DrawBMP)
    OLED_DrawCactusRandom                    0x08002619   Thumb Code   242  dinogame.o(i.OLED_DrawCactusRandom)
    OLED_DrawCloud                           0x08002715   Thumb Code   162  dinogame.o(i.OLED_DrawCloud)
    OLED_DrawDino                            0x080027c1   Thumb Code   100  dinogame.o(i.OLED_DrawDino)
    OLED_DrawDinoJump                        0x0800282d   Thumb Code   286  dinogame.o(i.OLED_DrawDinoJump)
    OLED_DrawGround                          0x08002961   Thumb Code    96  dinogame.o(i.OLED_DrawGround)
    OLED_DrawRestart                         0x080029c9   Thumb Code   104  dinogame.o(i.OLED_DrawRestart)
    OLED_FillPicture                         0x08002a45   Thumb Code    60  oled.o(i.OLED_FillPicture)
    OLED_Init                                0x08002a81   Thumb Code   240  oled.o(i.OLED_Init)
    OLED_SetPos                              0x08002b71   Thumb Code    42  oled.o(i.OLED_SetPos)
    OLED_ShowChar                            0x08002b9d   Thumb Code   128  oled.o(i.OLED_ShowChar)
    OLED_ShowNum                             0x08002c25   Thumb Code   106  oled.o(i.OLED_ShowNum)
    OLED_ShowString                          0x08002c8f   Thumb Code    54  oled.o(i.OLED_ShowString)
    OLED_WR_Byte                             0x08002cc5   Thumb Code    12  oled.o(i.OLED_WR_Byte)
    Palygame                                 0x08002cd1   Thumb Code   146  menu.o(i.Palygame)
    RTC_display                              0x08002f89   Thumb Code    96  menu.o(i.RTC_display)
    Set                                      0x08002ff5   Thumb Code    40  menu.o(i.Set)
    Setting                                  0x08003045   Thumb Code   146  menu.o(i.Setting)
    Start_LED_Task                           0x080030e5   Thumb Code    38  freertos.o(i.Start_LED_Task)
    Start_menu_Task                          0x0800312d   Thumb Code     6  freertos.o(i.Start_menu_Task)
    Start_modbus_Task                        0x08003135   Thumb Code    48  freertos.o(i.Start_modbus_Task)
    SysTick_Handler                          0x08003169   Thumb Code    38  port.o(i.SysTick_Handler)
    SystemClock_Config                       0x08003195   Thumb Code   128  main.o(i.SystemClock_Config)
    SystemInit                               0x08003215   Thumb Code     2  system_stm32f1xx.o(i.SystemInit)
    TIM2_IRQHandler                          0x08003219   Thumb Code     6  stm32f1xx_it.o(i.TIM2_IRQHandler)
    TIM4_IRQHandler                          0x08003225   Thumb Code     6  stm32f1xx_it.o(i.TIM4_IRQHandler)
    TIM_Base_SetConfig                       0x08003231   Thumb Code    94  stm32f1xx_hal_tim.o(i.TIM_Base_SetConfig)
    TIM_ETR_SetConfig                        0x0800329d   Thumb Code    20  stm32f1xx_hal_tim.o(i.TIM_ETR_SetConfig)
    Temperature                              0x08003309   Thumb Code   148  menu.o(i.Temperature)
    TestTemperature                          0x080033a5   Thumb Code    42  menu.o(i.TestTemperature)
    Tims_delay_us                            0x080033d5   Thumb Code    54  dht11.o(i.Tims_delay_us)
    UART_Start_Receive_IT                    0x080035e9   Thumb Code    54  stm32f1xx_hal_uart.o(i.UART_Start_Receive_IT)
    USART1_IRQHandler                        0x08003699   Thumb Code    72  stm32f1xx_it.o(i.USART1_IRQHandler)
    USART2_IRQHandler                        0x080036ed   Thumb Code     6  stm32f1xx_it.o(i.USART2_IRQHandler)
    UsageFault_Handler                       0x080036f9   Thumb Code     2  stm32f1xx_it.o(i.UsageFault_Handler)
    __0printf$1                              0x080036fd   Thumb Code    22  printf1.o(i.__0printf$1)
    __1printf$1                              0x080036fd   Thumb Code     0  printf1.o(i.__0printf$1)
    __2printf                                0x080036fd   Thumb Code     0  printf1.o(i.__0printf$1)
    __scatterload_copy                       0x0800373d   Thumb Code    14  handlers.o(i.__scatterload_copy)
    __scatterload_null                       0x0800374b   Thumb Code     2  handlers.o(i.__scatterload_null)
    __scatterload_zeroinit                   0x0800374d   Thumb Code    14  handlers.o(i.__scatterload_zeroinit)
    delay_ms                                 0x080038b1   Thumb Code    26  delay.o(i.delay_ms)
    delay_us                                 0x080038cd   Thumb Code    48  delay.o(i.delay_us)
    fputc                                    0x08003901   Thumb Code    20  usart.o(i.fputc)
    home                                     0x08003919   Thumb Code   146  menu.o(i.home)
    keyboard_scan                            0x080039b9   Thumb Code   342  matrix_key.o(i.keyboard_scan)
    main                                     0x08003b15   Thumb Code    64  main.o(i.main)
    oled_drawbmp_block_clear                 0x08003b69   Thumb Code    72  dinogame.o(i.oled_drawbmp_block_clear)
    oled_pow                                 0x08003bb1   Thumb Code    16  oled.o(i.oled_pow)
    osDelay                                  0x08003bc1   Thumb Code    14  cmsis_os.o(i.osDelay)
    osKernelStart                            0x08003bcf   Thumb Code    10  cmsis_os.o(i.osKernelStart)
    osThreadCreate                           0x08003bd9   Thumb Code    84  cmsis_os.o(i.osThreadCreate)
    pvPortMalloc                             0x08003f71   Thumb Code   210  heap_4.o(i.pvPortMalloc)
    pxPortInitialiseStack                    0x08004049   Thumb Code    32  port.o(i.pxPortInitialiseStack)
    uxListRemove                             0x0800406d   Thumb Code    38  list.o(i.uxListRemove)
    vApplicationGetIdleTaskMemory            0x08004095   Thumb Code    16  freertos.o(i.vApplicationGetIdleTaskMemory)
    vListInitialise                          0x080040a9   Thumb Code    22  list.o(i.vListInitialise)
    vListInitialiseItem                      0x080040bf   Thumb Code     6  list.o(i.vListInitialiseItem)
    vListInsert                              0x080040c5   Thumb Code    48  list.o(i.vListInsert)
    vListInsertEnd                           0x080040f5   Thumb Code    24  list.o(i.vListInsertEnd)
    vPortEnterCritical                       0x0800410d   Thumb Code    54  port.o(i.vPortEnterCritical)
    vPortExitCritical                        0x0800414d   Thumb Code    34  port.o(i.vPortExitCritical)
    vPortFree                                0x08004175   Thumb Code    88  heap_4.o(i.vPortFree)
    vPortSetupTimerInterrupt                 0x080041d1   Thumb Code    32  port.o(i.vPortSetupTimerInterrupt)
    vTaskDelay                               0x080041f5   Thumb Code    66  tasks.o(i.vTaskDelay)
    vTaskStartScheduler                      0x08004241   Thumb Code    90  tasks.o(i.vTaskStartScheduler)
    vTaskSuspendAll                          0x080042ad   Thumb Code    10  tasks.o(i.vTaskSuspendAll)
    vTaskSwitchContext                       0x080042bd   Thumb Code    82  tasks.o(i.vTaskSwitchContext)
    xPortStartScheduler                      0x08004319   Thumb Code   154  port.o(i.xPortStartScheduler)
    xTaskCreate                              0x080043c1   Thumb Code    90  tasks.o(i.xTaskCreate)
    xTaskCreateStatic                        0x0800441b   Thumb Code    86  tasks.o(i.xTaskCreateStatic)
    xTaskIncrementTick                       0x08004471   Thumb Code   192  tasks.o(i.xTaskIncrementTick)
    xTaskResumeAll                           0x08004539   Thumb Code   182  tasks.o(i.xTaskResumeAll)
    AHBPrescTable                            0x08004674   Data          16  system_stm32f1xx.o(.constdata)
    APBPrescTable                            0x08004684   Data           8  system_stm32f1xx.o(.constdata)
    F6x8                                     0x0800468c   Data         552  oled.o(.constdata)
    F8X16                                    0x080048b4   Data        1520  oled.o(.constdata)
    GROUND                                   0x08004ea4   Data         597  dinogame.o(.constdata)
    CLOUD                                    0x080050f9   Data          24  dinogame.o(.constdata)
    DINO                                     0x08005111   Data          64  dinogame.o(.constdata)
    DINO_JUMP                                0x08005151   Data         384  dinogame.o(.constdata)
    CACTUS_1                                 0x080052d1   Data          16  dinogame.o(.constdata)
    CACTUS_2                                 0x080052e1   Data          32  dinogame.o(.constdata)
    CACTUS_3                                 0x08005301   Data          48  dinogame.o(.constdata)
    CACTUS_4                                 0x08005331   Data          48  dinogame.o(.constdata)
    RESTART                                  0x08005361   Data          72  dinogame.o(.constdata)
    COVER                                    0x080053a9   Data        1024  dinogame.o(.constdata)
    auchCRCHi                                0x080057a9   Data         256  modbus_crc.o(.constdata)
    auchCRCLo                                0x080058a9   Data         256  modbus_crc.o(.constdata)
    Region$$Table$$Base                      0x080059d0   Number         0  anon$$obj.o(Region$$Table)
    Region$$Table$$Limit                     0x080059f0   Number         0  anon$$obj.o(Region$$Table)
    LED_TaskHandle                           0x20000000   Data           4  freertos.o(.data)
    menu_TaskHandle                          0x20000004   Data           4  freertos.o(.data)
    modbus_TaskHandle                        0x20000008   Data           4  freertos.o(.data)
    uwTickFreq                               0x2000000c   Data           1  stm32f1xx_hal.o(.data)
    uwTickPrio                               0x20000010   Data           4  stm32f1xx_hal.o(.data)
    uwTick                                   0x20000014   Data           4  stm32f1xx_hal.o(.data)
    SystemCoreClock                          0x20000018   Data           4  system_stm32f1xx.o(.data)
    pxCurrentTCB                             0x2000001c   Data           4  tasks.o(.data)
    key_num                                  0x2000007c   Data           1  control.o(.data)
    cactus_category                          0x2000007d   Data           1  control.o(.data)
    cactus_length                            0x2000007e   Data           1  control.o(.data)
    cur_speed                                0x2000007f   Data           1  control.o(.data)
    failed                                   0x20000080   Data           1  control.o(.data)
    reset                                    0x20000081   Data           1  control.o(.data)
    score                                    0x20000084   Data           4  control.o(.data)
    highest_score                            0x20000088   Data           4  control.o(.data)
    height                                   0x2000008c   Data           4  control.o(.data)
    cactus_pos                               0x20000090   Data           4  control.o(.data)
    func_index                               0x20000094   Data           1  menu.o(.data)
    GetTime                                  0x20000096   Data           3  menu.o(.data)
    GetData                                  0x20000099   Data           4  menu.o(.data)
    current_operation_index                  0x200000a0   Data           4  menu.o(.data)
    gImage_home                              0x200000a4   Data         294  menu.o(.data)
    gImage_left                              0x200001ca   Data          38  menu.o(.data)
    gImage_right                             0x200001f0   Data          38  menu.o(.data)
    gImage_temp                              0x20000216   Data         288  menu.o(.data)
    gImage_playgame                          0x20000336   Data         288  menu.o(.data)
    gImage_setting                           0x20000456   Data         288  menu.o(.data)
    gImage_info                              0x20000576   Data         288  menu.o(.data)
    signal_BMP                               0x20000696   Data          60  menu.o(.data)
    gImage_yes                               0x200006d2   Data          38  menu.o(.data)
    gImage_back                              0x200006f8   Data          38  menu.o(.data)
    gImage_engery                            0x2000071e   Data          38  menu.o(.data)
    gImage_bulethouch                        0x20000744   Data         100  menu.o(.data)
    table                                    0x200007a8   Data         360  menu.o(.data)
    RES                                      0x20000928   Data           1  modbus.o(.data)
    __stdout                                 0x20000934   Data           4  stdout.o(.data)
    hrtc                                     0x20000b8c   Data          20  rtc.o(.bss)
    htim2                                    0x20000ba0   Data          72  tim.o(.bss)
    htim3                                    0x20000be8   Data          72  tim.o(.bss)
    huart1                                   0x20000c30   Data          72  usart.o(.bss)
    huart2                                   0x20000c78   Data          72  usart.o(.bss)
    htim4                                    0x20000cc0   Data          72  stm32f1xx_hal_timebase_tim.o(.bss)
    modbus                                   0x200019f8   Data         236  modbus.o(.bss)
    __initial_sp                             0x20001ee8   Data           0  startup_stm32f103xb.o(STACK)



==============================================================================

Memory Map of the image

  Image Entry point : 0x080000ed

  Load Region LR_IROM1 (Base: 0x08000000, Size: 0x00006328, Max: 0x00010000, ABSOLUTE, COMPRESSED[0x00005d7c])

    Execution Region ER_IROM1 (Exec base: 0x08000000, Load base: 0x08000000, Size: 0x000059f0, Max: 0x00010000, ABSOLUTE)

    Exec Addr    Load Addr    Size         Type   Attr      Idx    E Section Name        Object

    0x08000000   0x08000000   0x000000ec   Data   RO            3    RESET               startup_stm32f103xb.o
    0x080000ec   0x080000ec   0x00000000   Code   RO         5240  * .ARM.Collect$$$$00000000  mc_w.l(entry.o)
    0x080000ec   0x080000ec   0x00000004   Code   RO         5517    .ARM.Collect$$$$00000001  mc_w.l(entry2.o)
    0x080000f0   0x080000f0   0x00000004   Code   RO         5520    .ARM.Collect$$$$00000004  mc_w.l(entry5.o)
    0x080000f4   0x080000f4   0x00000000   Code   RO         5522    .ARM.Collect$$$$00000008  mc_w.l(entry7b.o)
    0x080000f4   0x080000f4   0x00000000   Code   RO         5524    .ARM.Collect$$$$0000000A  mc_w.l(entry8b.o)
    0x080000f4   0x080000f4   0x00000008   Code   RO         5525    .ARM.Collect$$$$0000000B  mc_w.l(entry9a.o)
    0x080000fc   0x080000fc   0x00000004   Code   RO         5532    .ARM.Collect$$$$0000000E  mc_w.l(entry12b.o)
    0x08000100   0x08000100   0x00000000   Code   RO         5527    .ARM.Collect$$$$0000000F  mc_w.l(entry10a.o)
    0x08000100   0x08000100   0x00000000   Code   RO         5529    .ARM.Collect$$$$00000011  mc_w.l(entry11a.o)
    0x08000100   0x08000100   0x00000004   Code   RO         5518    .ARM.Collect$$$$00002712  mc_w.l(entry2.o)
    0x08000104   0x08000104   0x00000096   Code   RO         4463    .emb_text           port.o
    0x0800019a   0x0800019a   0x00000002   PAD
    0x0800019c   0x0800019c   0x00000024   Code   RO            4    .text               startup_stm32f103xb.o
    0x080001c0   0x080001c0   0x00000024   Code   RO         5245    .text               mc_w.l(rand.o)
    0x080001e4   0x080001e4   0x00000024   Code   RO         5248    .text               mc_w.l(memcpya.o)
    0x08000208   0x08000208   0x00000024   Code   RO         5252    .text               mc_w.l(memseta.o)
    0x0800022c   0x0800022c   0x0000002c   Code   RO         5534    .text               mc_w.l(uidiv.o)
    0x08000258   0x08000258   0x00000024   Code   RO         5549    .text               mc_w.l(init.o)
    0x0800027c   0x0800027c   0x00000056   Code   RO         5565    .text               mc_w.l(__dczerorl2.o)
    0x080002d2   0x080002d2   0x00000002   Code   RO          468    i.BusFault_Handler  stm32f1xx_it.o
    0x080002d4   0x080002d4   0x00000004   Code   RO         4585    i.ConrtolGame       menu.o
    0x080002d8   0x080002d8   0x00000010   Code   RO         4933    i.DHT11             dht11.o
    0x080002e8   0x080002e8   0x00000020   Code   RO         4934    i.DHT11_Check       dht11.o
    0x08000308   0x08000308   0x0000002c   Code   RO         4935    i.DHT11_GPIO_MODE_SET  dht11.o
    0x08000334   0x08000334   0x00000038   Code   RO         4936    i.DHT11_READ_BIT    dht11.o
    0x0800036c   0x0800036c   0x00000020   Code   RO         4937    i.DHT11_READ_BYTE   dht11.o
    0x0800038c   0x0800038c   0x000000e0   Code   RO         4938    i.DHT11_READ_DATA   dht11.o
    0x0800046c   0x0800046c   0x00000028   Code   RO         4939    i.DHT11_START       dht11.o
    0x08000494   0x08000494   0x00000002   Code   RO          469    i.DebugMon_Handler  stm32f1xx_it.o
    0x08000496   0x08000496   0x00000004   Code   RO           13    i.Error_Handler     main.o
    0x0800049a   0x0800049a   0x00000002   PAD
    0x0800049c   0x0800049c   0x0000013c   Code   RO         4543    i.Game_control      control.o
    0x080005d8   0x080005d8   0x00000046   Code   RO         1034    i.HAL_DMA_Abort     stm32f1xx_hal_dma.o
    0x0800061e   0x0800061e   0x00000002   PAD
    0x08000620   0x08000620   0x00000098   Code   RO         1035    i.HAL_DMA_Abort_IT  stm32f1xx_hal_dma.o
    0x080006b8   0x080006b8   0x00000024   Code   RO          660    i.HAL_Delay         stm32f1xx_hal.o
    0x080006dc   0x080006dc   0x000001e0   Code   RO          970    i.HAL_GPIO_Init     stm32f1xx_hal_gpio.o
    0x080008bc   0x080008bc   0x0000000a   Code   RO          972    i.HAL_GPIO_ReadPin  stm32f1xx_hal_gpio.o
    0x080008c6   0x080008c6   0x00000010   Code   RO          973    i.HAL_GPIO_TogglePin  stm32f1xx_hal_gpio.o
    0x080008d6   0x080008d6   0x0000000a   Code   RO          974    i.HAL_GPIO_WritePin  stm32f1xx_hal_gpio.o
    0x080008e0   0x080008e0   0x0000000c   Code   RO          664    i.HAL_GetTick       stm32f1xx_hal.o
    0x080008ec   0x080008ec   0x00000010   Code   RO          670    i.HAL_IncTick       stm32f1xx_hal.o
    0x080008fc   0x080008fc   0x00000024   Code   RO          671    i.HAL_Init          stm32f1xx_hal.o
    0x08000920   0x08000920   0x00000098   Code   RO          578    i.HAL_InitTick      stm32f1xx_hal_timebase_tim.o
    0x080009b8   0x080009b8   0x00000048   Code   RO          554    i.HAL_MspInit       stm32f1xx_hal_msp.o
    0x08000a00   0x08000a00   0x0000001a   Code   RO         1130    i.HAL_NVIC_EnableIRQ  stm32f1xx_hal_cortex.o
    0x08000a1a   0x08000a1a   0x00000002   PAD
    0x08000a1c   0x08000a1c   0x00000040   Code   RO         1136    i.HAL_NVIC_SetPriority  stm32f1xx_hal_cortex.o
    0x08000a5c   0x08000a5c   0x00000024   Code   RO         1137    i.HAL_NVIC_SetPriorityGrouping  stm32f1xx_hal_cortex.o
    0x08000a80   0x08000a80   0x0000000c   Code   RO         1252    i.HAL_PWR_EnableBkUpAccess  stm32f1xx_hal_pwr.o
    0x08000a8c   0x08000a8c   0x000000a4   Code   RO          931    i.HAL_RCCEx_GetPeriphCLKFreq  stm32f1xx_hal_rcc_ex.o
    0x08000b30   0x08000b30   0x000000ec   Code   RO          932    i.HAL_RCCEx_PeriphCLKConfig  stm32f1xx_hal_rcc_ex.o
    0x08000c1c   0x08000c1c   0x0000012c   Code   RO          828    i.HAL_RCC_ClockConfig  stm32f1xx_hal_rcc.o
    0x08000d48   0x08000d48   0x00000040   Code   RO          832    i.HAL_RCC_GetClockConfig  stm32f1xx_hal_rcc.o
    0x08000d88   0x08000d88   0x00000020   Code   RO          835    i.HAL_RCC_GetPCLK1Freq  stm32f1xx_hal_rcc.o
    0x08000da8   0x08000da8   0x00000020   Code   RO          836    i.HAL_RCC_GetPCLK2Freq  stm32f1xx_hal_rcc.o
    0x08000dc8   0x08000dc8   0x0000004c   Code   RO          837    i.HAL_RCC_GetSysClockFreq  stm32f1xx_hal_rcc.o
    0x08000e14   0x08000e14   0x00000320   Code   RO          840    i.HAL_RCC_OscConfig  stm32f1xx_hal_rcc.o
    0x08001134   0x08001134   0x0000004e   Code   RO         1635    i.HAL_RTC_GetDate   stm32f1xx_hal_rtc.o
    0x08001182   0x08001182   0x000000d8   Code   RO         1637    i.HAL_RTC_GetTime   stm32f1xx_hal_rtc.o
    0x0800125a   0x0800125a   0x00000002   PAD
    0x0800125c   0x0800125c   0x00000094   Code   RO         1638    i.HAL_RTC_Init      stm32f1xx_hal_rtc.o
    0x080012f0   0x080012f0   0x00000034   Code   RO          319    i.HAL_RTC_MspInit   rtc.o
    0x08001324   0x08001324   0x000000c4   Code   RO         1644    i.HAL_RTC_SetDate   stm32f1xx_hal_rtc.o
    0x080013e8   0x080013e8   0x000000ac   Code   RO         1645    i.HAL_RTC_SetTime   stm32f1xx_hal_rtc.o
    0x08001494   0x08001494   0x0000003a   Code   RO         1646    i.HAL_RTC_WaitForSynchro  stm32f1xx_hal_rtc.o
    0x080014ce   0x080014ce   0x00000002   Code   RO         2608    i.HAL_TIMEx_BreakCallback  stm32f1xx_hal_tim_ex.o
    0x080014d0   0x080014d0   0x00000002   Code   RO         2609    i.HAL_TIMEx_CommutCallback  stm32f1xx_hal_tim_ex.o
    0x080014d2   0x080014d2   0x00000002   PAD
    0x080014d4   0x080014d4   0x00000068   Code   RO         2627    i.HAL_TIMEx_MasterConfigSynchronization  stm32f1xx_hal_tim_ex.o
    0x0800153c   0x0800153c   0x0000005a   Code   RO         1904    i.HAL_TIM_Base_Init  stm32f1xx_hal_tim.o
    0x08001596   0x08001596   0x00000002   PAD
    0x08001598   0x08001598   0x00000050   Code   RO          361    i.HAL_TIM_Base_MspInit  tim.o
    0x080015e8   0x080015e8   0x00000058   Code   RO         1909    i.HAL_TIM_Base_Start_IT  stm32f1xx_hal_tim.o
    0x08001640   0x08001640   0x000000dc   Code   RO         1913    i.HAL_TIM_ConfigClockSource  stm32f1xx_hal_tim.o
    0x0800171c   0x0800171c   0x00000002   Code   RO         1938    i.HAL_TIM_IC_CaptureCallback  stm32f1xx_hal_tim.o
    0x0800171e   0x0800171e   0x00000166   Code   RO         1952    i.HAL_TIM_IRQHandler  stm32f1xx_hal_tim.o
    0x08001884   0x08001884   0x00000002   Code   RO         1955    i.HAL_TIM_OC_DelayElapsedCallback  stm32f1xx_hal_tim.o
    0x08001886   0x08001886   0x00000002   Code   RO         1982    i.HAL_TIM_PWM_PulseFinishedCallback  stm32f1xx_hal_tim.o
    0x08001888   0x08001888   0x00000060   Code   RO           14    i.HAL_TIM_PeriodElapsedCallback  main.o
    0x080018e8   0x080018e8   0x00000002   Code   RO         1995    i.HAL_TIM_TriggerCallback  stm32f1xx_hal_tim.o
    0x080018ea   0x080018ea   0x00000002   Code   RO         2887    i.HAL_UARTEx_RxEventCallback  stm32f1xx_hal_uart.o
    0x080018ec   0x080018ec   0x00000002   Code   RO         2901    i.HAL_UART_ErrorCallback  stm32f1xx_hal_uart.o
    0x080018ee   0x080018ee   0x00000002   PAD
    0x080018f0   0x080018f0   0x0000026c   Code   RO         2904    i.HAL_UART_IRQHandler  stm32f1xx_hal_uart.o
    0x08001b5c   0x08001b5c   0x00000064   Code   RO         2905    i.HAL_UART_Init     stm32f1xx_hal_uart.o
    0x08001bc0   0x08001bc0   0x000000d8   Code   RO          409    i.HAL_UART_MspInit  usart.o
    0x08001c98   0x08001c98   0x0000001c   Code   RO         2910    i.HAL_UART_Receive_IT  stm32f1xx_hal_uart.o
    0x08001cb4   0x08001cb4   0x00000002   Code   RO         2911    i.HAL_UART_RxCpltCallback  stm32f1xx_hal_uart.o
    0x08001cb6   0x08001cb6   0x0000009a   Code   RO         2913    i.HAL_UART_Transmit  stm32f1xx_hal_uart.o
    0x08001d50   0x08001d50   0x00000002   Code   RO         2916    i.HAL_UART_TxCpltCallback  stm32f1xx_hal_uart.o
    0x08001d52   0x08001d52   0x00000002   PAD
    0x08001d54   0x08001d54   0x00000064   Code   RO         5031    i.HOST_ModbusRX     modbus.o
    0x08001db8   0x08001db8   0x00000002   Code   RO          470    i.HardFault_Handler  stm32f1xx_it.o
    0x08001dba   0x08001dba   0x00000002   PAD
    0x08001dbc   0x08001dbc   0x00000080   Code   RO         5033    i.Host_Func3        modbus.o
    0x08001e3c   0x08001e3c   0x00000054   Code   RO         5035    i.Host_Read03_slave  modbus.o
    0x08001e90   0x08001e90   0x00000038   Code   RO         4700    i.IIC_Start         oled.o
    0x08001ec8   0x08001ec8   0x0000002c   Code   RO         4701    i.IIC_Stop          oled.o
    0x08001ef4   0x08001ef4   0x00000024   Code   RO         4702    i.IIC_WaitAck       oled.o
    0x08001f18   0x08001f18   0x0000005c   Code   RO         4703    i.IIC_WriteByte     oled.o
    0x08001f74   0x08001f74   0x0000002e   Code   RO         4704    i.IIC_WriteCommand  oled.o
    0x08001fa2   0x08001fa2   0x0000002e   Code   RO         4705    i.IIC_WriteData     oled.o
    0x08001fd0   0x08001fd0   0x000000a0   Code   RO         4586    i.Info              menu.o
    0x08002070   0x08002070   0x00000080   Code   RO         4587    i.Information       menu.o
    0x080020f0   0x080020f0   0x00000078   Code   RO         4588    i.Information1      menu.o
    0x08002168   0x08002168   0x00000050   Code   RO         4590    i.LED               menu.o
    0x080021b8   0x080021b8   0x00000054   Code   RO          250    i.MX_FREERTOS_Init  freertos.o
    0x0800220c   0x0800220c   0x000000e4   Code   RO          226    i.MX_GPIO_Init      gpio.o
    0x080022f0   0x080022f0   0x00000074   Code   RO          320    i.MX_RTC_Init       rtc.o
    0x08002364   0x08002364   0x0000006c   Code   RO          362    i.MX_TIM2_Init      tim.o
    0x080023d0   0x080023d0   0x00000068   Code   RO          363    i.MX_TIM3_Init      tim.o
    0x08002438   0x08002438   0x00000038   Code   RO          410    i.MX_USART1_UART_Init  usart.o
    0x08002470   0x08002470   0x00000038   Code   RO          411    i.MX_USART2_UART_Init  usart.o
    0x080024a8   0x080024a8   0x00000002   Code   RO          471    i.MemManage_Handler  stm32f1xx_it.o
    0x080024aa   0x080024aa   0x00000002   PAD
    0x080024ac   0x080024ac   0x00000098   Code   RO         4591    i.Menu_key_set      menu.o
    0x08002544   0x08002544   0x0000002c   Code   RO         5132    i.Modbus_CRC16      modbus_crc.o
    0x08002570   0x08002570   0x00000018   Code   RO         5042    i.Modbus_Init       modbus.o
    0x08002588   0x08002588   0x00000014   Code   RO          412    i.Modbus_Send_Byte  usart.o
    0x0800259c   0x0800259c   0x00000002   Code   RO          472    i.NMI_Handler       stm32f1xx_it.o
    0x0800259e   0x0800259e   0x0000003a   Code   RO         4706    i.OLED_Clear        oled.o
    0x080025d8   0x080025d8   0x00000040   Code   RO         4838    i.OLED_DrawBMP      dinogame.o
    0x08002618   0x08002618   0x000000fc   Code   RO         4841    i.OLED_DrawCactusRandom  dinogame.o
    0x08002714   0x08002714   0x000000ac   Code   RO         4842    i.OLED_DrawCloud    dinogame.o
    0x080027c0   0x080027c0   0x0000006c   Code   RO         4844    i.OLED_DrawDino     dinogame.o
    0x0800282c   0x0800282c   0x00000134   Code   RO         4845    i.OLED_DrawDinoJump  dinogame.o
    0x08002960   0x08002960   0x00000068   Code   RO         4846    i.OLED_DrawGround   dinogame.o
    0x080029c8   0x080029c8   0x0000007c   Code   RO         4847    i.OLED_DrawRestart  dinogame.o
    0x08002a44   0x08002a44   0x0000003c   Code   RO         4710    i.OLED_FillPicture  oled.o
    0x08002a80   0x08002a80   0x000000f0   Code   RO         4711    i.OLED_Init         oled.o
    0x08002b70   0x08002b70   0x0000002a   Code   RO         4713    i.OLED_SetPos       oled.o
    0x08002b9a   0x08002b9a   0x00000002   PAD
    0x08002b9c   0x08002b9c   0x00000088   Code   RO         4714    i.OLED_ShowChar     oled.o
    0x08002c24   0x08002c24   0x0000006a   Code   RO         4715    i.OLED_ShowNum      oled.o
    0x08002c8e   0x08002c8e   0x00000036   Code   RO         4716    i.OLED_ShowString   oled.o
    0x08002cc4   0x08002cc4   0x0000000c   Code   RO         4717    i.OLED_WR_Byte      oled.o
    0x08002cd0   0x08002cd0   0x000000a0   Code   RO         4592    i.Palygame          menu.o
    0x08002d70   0x08002d70   0x00000012   Code   RO         1647    i.RTC_Bcd2ToByte    stm32f1xx_hal_rtc.o
    0x08002d82   0x08002d82   0x00000016   Code   RO         1648    i.RTC_ByteToBcd2    stm32f1xx_hal_rtc.o
    0x08002d98   0x08002d98   0x000000ae   Code   RO         1649    i.RTC_DateUpdate    stm32f1xx_hal_rtc.o
    0x08002e46   0x08002e46   0x00000034   Code   RO         1650    i.RTC_EnterInitMode  stm32f1xx_hal_rtc.o
    0x08002e7a   0x08002e7a   0x00000002   PAD
    0x08002e7c   0x08002e7c   0x00000036   Code   RO         1651    i.RTC_ExitInitMode  stm32f1xx_hal_rtc.o
    0x08002eb2   0x08002eb2   0x0000000e   Code   RO         1652    i.RTC_ReadAlarmCounter  stm32f1xx_hal_rtc.o
    0x08002ec0   0x08002ec0   0x00000020   Code   RO         1653    i.RTC_ReadTimeCounter  stm32f1xx_hal_rtc.o
    0x08002ee0   0x08002ee0   0x00000056   Code   RO         1654    i.RTC_WeekDayNum    stm32f1xx_hal_rtc.o
    0x08002f36   0x08002f36   0x00000028   Code   RO         1655    i.RTC_WriteAlarmCounter  stm32f1xx_hal_rtc.o
    0x08002f5e   0x08002f5e   0x00000028   Code   RO         1656    i.RTC_WriteTimeCounter  stm32f1xx_hal_rtc.o
    0x08002f86   0x08002f86   0x00000002   PAD
    0x08002f88   0x08002f88   0x0000006c   Code   RO         4593    i.RTC_display       menu.o
    0x08002ff4   0x08002ff4   0x00000050   Code   RO         4594    i.Set               menu.o
    0x08003044   0x08003044   0x000000a0   Code   RO         4595    i.Setting           menu.o
    0x080030e4   0x080030e4   0x00000048   Code   RO          251    i.Start_LED_Task    freertos.o
    0x0800312c   0x0800312c   0x00000006   Code   RO          252    i.Start_menu_Task   freertos.o
    0x08003132   0x08003132   0x00000002   PAD
    0x08003134   0x08003134   0x00000034   Code   RO          253    i.Start_modbus_Task  freertos.o
    0x08003168   0x08003168   0x0000002c   Code   RO         4464    i.SysTick_Handler   port.o
    0x08003194   0x08003194   0x00000080   Code   RO           15    i.SystemClock_Config  main.o
    0x08003214   0x08003214   0x00000002   Code   RO         3239    i.SystemInit        system_stm32f1xx.o
    0x08003216   0x08003216   0x00000002   PAD
    0x08003218   0x08003218   0x0000000c   Code   RO          473    i.TIM2_IRQHandler   stm32f1xx_it.o
    0x08003224   0x08003224   0x0000000c   Code   RO          474    i.TIM4_IRQHandler   stm32f1xx_it.o
    0x08003230   0x08003230   0x0000006c   Code   RO         1997    i.TIM_Base_SetConfig  stm32f1xx_hal_tim.o
    0x0800329c   0x0800329c   0x00000014   Code   RO         2008    i.TIM_ETR_SetConfig  stm32f1xx_hal_tim.o
    0x080032b0   0x080032b0   0x00000010   Code   RO         2009    i.TIM_ITRx_SetConfig  stm32f1xx_hal_tim.o
    0x080032c0   0x080032c0   0x00000022   Code   RO         2015    i.TIM_TI1_ConfigInputStage  stm32f1xx_hal_tim.o
    0x080032e2   0x080032e2   0x00000024   Code   RO         2017    i.TIM_TI2_ConfigInputStage  stm32f1xx_hal_tim.o
    0x08003306   0x08003306   0x00000002   PAD
    0x08003308   0x08003308   0x0000009c   Code   RO         4596    i.Temperature       menu.o
    0x080033a4   0x080033a4   0x00000030   Code   RO         4597    i.TestTemperature   menu.o
    0x080033d4   0x080033d4   0x0000003c   Code   RO         4940    i.Tims_delay_us     dht11.o
    0x08003410   0x08003410   0x00000010   Code   RO         2918    i.UART_DMAAbortOnError  stm32f1xx_hal_uart.o
    0x08003420   0x08003420   0x0000004e   Code   RO         2928    i.UART_EndRxTransfer  stm32f1xx_hal_uart.o
    0x0800346e   0x0800346e   0x000000c2   Code   RO         2930    i.UART_Receive_IT   stm32f1xx_hal_uart.o
    0x08003530   0x08003530   0x000000b8   Code   RO         2931    i.UART_SetConfig    stm32f1xx_hal_uart.o
    0x080035e8   0x080035e8   0x00000036   Code   RO         2933    i.UART_Start_Receive_IT  stm32f1xx_hal_uart.o
    0x0800361e   0x0800361e   0x00000078   Code   RO         2934    i.UART_WaitOnFlagUntilTimeout  stm32f1xx_hal_uart.o
    0x08003696   0x08003696   0x00000002   PAD
    0x08003698   0x08003698   0x00000054   Code   RO          475    i.USART1_IRQHandler  stm32f1xx_it.o
    0x080036ec   0x080036ec   0x0000000c   Code   RO          476    i.USART2_IRQHandler  stm32f1xx_it.o
    0x080036f8   0x080036f8   0x00000002   Code   RO          477    i.UsageFault_Handler  stm32f1xx_it.o
    0x080036fa   0x080036fa   0x00000002   PAD
    0x080036fc   0x080036fc   0x00000020   Code   RO         5301    i.__0printf$1       mc_w.l(printf1.o)
    0x0800371c   0x0800371c   0x00000020   Code   RO         1143    i.__NVIC_SetPriority  stm32f1xx_hal_cortex.o
    0x0800373c   0x0800373c   0x0000000e   Code   RO         5559    i.__scatterload_copy  mc_w.l(handlers.o)
    0x0800374a   0x0800374a   0x00000002   Code   RO         5560    i.__scatterload_null  mc_w.l(handlers.o)
    0x0800374c   0x0800374c   0x0000000e   Code   RO         5561    i.__scatterload_zeroinit  mc_w.l(handlers.o)
    0x0800375a   0x0800375a   0x00000002   PAD
    0x0800375c   0x0800375c   0x00000154   Code   RO         5308    i._printf_core      mc_w.l(printf1.o)
    0x080038b0   0x080038b0   0x0000001a   Code   RO         5159    i.delay_ms          delay.o
    0x080038ca   0x080038ca   0x00000002   PAD
    0x080038cc   0x080038cc   0x00000034   Code   RO         5160    i.delay_us          delay.o
    0x08003900   0x08003900   0x00000018   Code   RO          413    i.fputc             usart.o
    0x08003918   0x08003918   0x000000a0   Code   RO         4598    i.home              menu.o
    0x080039b8   0x080039b8   0x0000015c   Code   RO         5004    i.keyboard_scan     matrix_key.o
    0x08003b14   0x08003b14   0x00000048   Code   RO           16    i.main              main.o
    0x08003b5c   0x08003b5c   0x0000000c   Code   RO         4035    i.makeFreeRtosPriority  cmsis_os.o
    0x08003b68   0x08003b68   0x00000048   Code   RO         4848    i.oled_drawbmp_block_clear  dinogame.o
    0x08003bb0   0x08003bb0   0x00000010   Code   RO         4718    i.oled_pow          oled.o
    0x08003bc0   0x08003bc0   0x0000000e   Code   RO         4037    i.osDelay           cmsis_os.o
    0x08003bce   0x08003bce   0x0000000a   Code   RO         4040    i.osKernelStart     cmsis_os.o
    0x08003bd8   0x08003bd8   0x00000054   Code   RO         4074    i.osThreadCreate    cmsis_os.o
    0x08003c2c   0x08003c2c   0x00000070   Code   RO         3732    i.prvAddCurrentTaskToDelayedList  tasks.o
    0x08003c9c   0x08003c9c   0x000000d0   Code   RO         3733    i.prvAddNewTaskToReadyList  tasks.o
    0x08003d6c   0x08003d6c   0x00000034   Code   RO         3734    i.prvDeleteTCB      tasks.o
    0x08003da0   0x08003da0   0x0000004c   Code   RO         4402    i.prvHeapInit       heap_4.o
    0x08003dec   0x08003dec   0x00000060   Code   RO         3735    i.prvIdleTask       tasks.o
    0x08003e4c   0x08003e4c   0x0000008e   Code   RO         3736    i.prvInitialiseNewTask  tasks.o
    0x08003eda   0x08003eda   0x00000002   PAD
    0x08003edc   0x08003edc   0x0000004c   Code   RO         4403    i.prvInsertBlockIntoFreeList  heap_4.o
    0x08003f28   0x08003f28   0x00000020   Code   RO         3737    i.prvResetNextTaskUnblockTime  tasks.o
    0x08003f48   0x08003f48   0x00000028   Code   RO         4465    i.prvTaskExitError  port.o
    0x08003f70   0x08003f70   0x000000d8   Code   RO         4404    i.pvPortMalloc      heap_4.o
    0x08004048   0x08004048   0x00000024   Code   RO         4466    i.pxPortInitialiseStack  port.o
    0x0800406c   0x0800406c   0x00000026   Code   RO         3377    i.uxListRemove      list.o
    0x08004092   0x08004092   0x00000002   PAD
    0x08004094   0x08004094   0x00000014   Code   RO          254    i.vApplicationGetIdleTaskMemory  freertos.o
    0x080040a8   0x080040a8   0x00000016   Code   RO         3378    i.vListInitialise   list.o
    0x080040be   0x080040be   0x00000006   Code   RO         3379    i.vListInitialiseItem  list.o
    0x080040c4   0x080040c4   0x00000030   Code   RO         3380    i.vListInsert       list.o
    0x080040f4   0x080040f4   0x00000018   Code   RO         3381    i.vListInsertEnd    list.o
    0x0800410c   0x0800410c   0x00000040   Code   RO         4468    i.vPortEnterCritical  port.o
    0x0800414c   0x0800414c   0x00000028   Code   RO         4469    i.vPortExitCritical  port.o
    0x08004174   0x08004174   0x0000005c   Code   RO         4405    i.vPortFree         heap_4.o
    0x080041d0   0x080041d0   0x00000024   Code   RO         4470    i.vPortSetupTimerInterrupt  port.o
    0x080041f4   0x080041f4   0x0000004c   Code   RO         3745    i.vTaskDelay        tasks.o
    0x08004240   0x08004240   0x0000006c   Code   RO         3758    i.vTaskStartScheduler  tasks.o
    0x080042ac   0x080042ac   0x00000010   Code   RO         3760    i.vTaskSuspendAll   tasks.o
    0x080042bc   0x080042bc   0x0000005c   Code   RO         3761    i.vTaskSwitchContext  tasks.o
    0x08004318   0x08004318   0x000000a8   Code   RO         4472    i.xPortStartScheduler  port.o
    0x080043c0   0x080043c0   0x0000005a   Code   RO         3763    i.xTaskCreate       tasks.o
    0x0800441a   0x0800441a   0x00000056   Code   RO         3764    i.xTaskCreateStatic  tasks.o
    0x08004470   0x08004470   0x000000c8   Code   RO         3771    i.xTaskIncrementTick  tasks.o
    0x08004538   0x08004538   0x000000c4   Code   RO         3777    i.xTaskResumeAll    tasks.o
    0x080045fc   0x080045fc   0x00000054   Data   RO          256    .constdata          freertos.o
    0x08004650   0x08004650   0x00000012   Data   RO          841    .constdata          stm32f1xx_hal_rcc.o
    0x08004662   0x08004662   0x00000012   Data   RO          933    .constdata          stm32f1xx_hal_rcc_ex.o
    0x08004674   0x08004674   0x00000010   Data   RO         3240    .constdata          system_stm32f1xx.o
    0x08004684   0x08004684   0x00000008   Data   RO         3241    .constdata          system_stm32f1xx.o
    0x0800468c   0x0800468c   0x00000818   Data   RO         4719    .constdata          oled.o
    0x08004ea4   0x08004ea4   0x00000905   Data   RO         4849    .constdata          dinogame.o
    0x080057a9   0x080057a9   0x00000200   Data   RO         5133    .constdata          modbus_crc.o
    0x080059a9   0x080059a9   0x00000003   PAD
    0x080059ac   0x080059ac   0x00000022   Data   RO          257    .conststring        freertos.o
    0x080059ce   0x080059ce   0x00000002   PAD
    0x080059d0   0x080059d0   0x00000020   Data   RO         5557    Region$$Table       anon$$obj.o


    Execution Region RW_IRAM1 (Exec base: 0x20000000, Load base: 0x080059f0, Size: 0x00001ee8, Max: 0x00005000, ABSOLUTE, COMPRESSED[0x0000038c])

    Exec Addr    Load Addr    Size         Type   Attr      Idx    E Section Name        Object

    0x20000000   COMPRESSED   0x0000000c   Data   RW          258    .data               freertos.o
    0x2000000c   COMPRESSED   0x0000000c   Data   RW          678    .data               stm32f1xx_hal.o
    0x20000018   COMPRESSED   0x00000004   Data   RW         3242    .data               system_stm32f1xx.o
    0x2000001c   COMPRESSED   0x0000003c   Data   RW         3780    .data               tasks.o
    0x20000058   COMPRESSED   0x00000018   Data   RW         4410    .data               heap_4.o
    0x20000070   COMPRESSED   0x0000000c   Data   RW         4473    .data               port.o
    0x2000007c   COMPRESSED   0x00000018   Data   RW         4545    .data               control.o
    0x20000094   COMPRESSED   0x0000087c   Data   RW         4599    .data               menu.o
    0x20000910   COMPRESSED   0x00000018   Data   RW         4850    .data               dinogame.o
    0x20000928   COMPRESSED   0x00000001   Data   RW         5045    .data               modbus.o
    0x20000929   COMPRESSED   0x00000003   PAD
    0x2000092c   COMPRESSED   0x00000004   Data   RW         5161    .data               delay.o
    0x20000930   COMPRESSED   0x00000004   Data   RW         5246    .data               mc_w.l(rand.o)
    0x20000934   COMPRESSED   0x00000004   Data   RW         5533    .data               mc_w.l(stdout.o)
    0x20000938        -       0x00000254   Zero   RW          255    .bss                freertos.o
    0x20000b8c        -       0x00000014   Zero   RW          321    .bss                rtc.o
    0x20000ba0        -       0x00000090   Zero   RW          364    .bss                tim.o
    0x20000c30        -       0x00000090   Zero   RW          414    .bss                usart.o
    0x20000cc0        -       0x00000048   Zero   RW          581    .bss                stm32f1xx_hal_timebase_tim.o
    0x20000d08        -       0x000000f0   Zero   RW         3779    .bss                tasks.o
    0x20000df8        -       0x00000c00   Zero   RW         4409    .bss                heap_4.o
    0x200019f8        -       0x000000ec   Zero   RW         5043    .bss                modbus.o
    0x20001ae4   COMPRESSED   0x00000004   PAD
    0x20001ae8        -       0x00000400   Zero   RW            1    STACK               startup_stm32f103xb.o


==============================================================================

Image component sizes


      Code (inc. data)   RO Data    RW Data    ZI Data      Debug   Object Name

       120          0          0          0          0      23277   cmsis_os.o
       316         10          0         24          0       1496   control.o
        78          4          0          4          0       1646   delay.o
       504         62          0          0          0       5521   dht11.o
      1204         78       2309         24          0       9358   dinogame.o
         0          0          0          0          0      18592   event_groups.o
       234         52        118         12        596       4397   freertos.o
       228         16          0          0          0       1191   gpio.o
       460         24          0         24       3072       7935   heap_4.o
       138          0          0          0          0       3998   list.o
       300         20          0          0          0     470860   main.o
       348          6          0          0          0        960   matrix_key.o
      1516        266          0       2172          0      10801   menu.o
       336        102          0          1        236       4308   modbus.o
        44          4        512          0          0       1633   modbus_crc.o
      1044         28       2072          0          0      11597   oled.o
       578         60          0         12          0      11440   port.o
       168         22          0          0         20       1983   rtc.o
        36          8        236          0       1024        904   startup_stm32f103xb.o
       100         18          0         12          0       5950   stm32f1xx_hal.o
       158         14          0          0          0      28690   stm32f1xx_hal_cortex.o
       222          4          0          0          0       2071   stm32f1xx_hal_dma.o
       516         34          0          0          0       4632   stm32f1xx_hal_gpio.o
        72         10          0          0          0       1074   stm32f1xx_hal_msp.o
        12          4          0          0          0        615   stm32f1xx_hal_pwr.o
      1304         94         18          0          0       6441   stm32f1xx_hal_rcc.o
       400         28         18          0          0       2773   stm32f1xx_hal_rcc_ex.o
      1400         12          0          0          0      14432   stm32f1xx_hal_rtc.o
       978         26          0          0          0      11157   stm32f1xx_hal_tim.o
       108         12          0          0          0       2805   stm32f1xx_hal_tim_ex.o
       152         20          0          0         72       1779   stm32f1xx_hal_timebase_tim.o
      1556         10          0          0          0      12922   stm32f1xx_hal_uart.o
       132         30          0          0          0       5425   stm32f1xx_it.o
         0          0          0          0          0        384   stream_buffer.o
         2          0         24          4          0       1419   system_stm32f1xx.o
      1506        110          0         60        240      17726   tasks.o
       292         22          0          0        144       2839   tim.o
       372         42          0          0        144       3998   usart.o

    ----------------------------------------------------------------------
     16978       1252       5344       2352       5552     719029   Object Totals
         0          0         32          0          0          0   (incl. Generated)
        44          0          5          3          4          0   (incl. Padding)

    ----------------------------------------------------------------------

      Code (inc. data)   RO Data    RW Data    ZI Data      Debug   Library Member Name

        86          0          0          0          0          0   __dczerorl2.o
         0          0          0          0          0          0   entry.o
         0          0          0          0          0          0   entry10a.o
         0          0          0          0          0          0   entry11a.o
         4          0          0          0          0          0   entry12b.o
         8          4          0          0          0          0   entry2.o
         4          0          0          0          0          0   entry5.o
         0          0          0          0          0          0   entry7b.o
         0          0          0          0          0          0   entry8b.o
         8          4          0          0          0          0   entry9a.o
        30          0          0          0          0          0   handlers.o
        36          8          0          0          0         68   init.o
        36          0          0          0          0         68   memcpya.o
        36          0          0          0          0        108   memseta.o
       372         14          0          0          0        184   printf1.o
        36         10          0          4          0        136   rand.o
         0          0          0          4          0          0   stdout.o
        44          0          0          0          0         80   uidiv.o

    ----------------------------------------------------------------------
       702         40          0          8          0        644   Library Totals
         2          0          0          0          0          0   (incl. Padding)

    ----------------------------------------------------------------------

      Code (inc. data)   RO Data    RW Data    ZI Data      Debug   Library Name

       700         40          0          8          0        644   mc_w.l

    ----------------------------------------------------------------------
       702         40          0          8          0        644   Library Totals

    ----------------------------------------------------------------------

==============================================================================


      Code (inc. data)   RO Data    RW Data    ZI Data      Debug   

     17680       1292       5344       2360       5552     709921   Grand Totals
     17680       1292       5344        908       5552     709921   ELF Image Totals (compressed)
     17680       1292       5344        908          0          0   ROM Totals

==============================================================================

    Total RO  Size (Code + RO Data)                23024 (  22.48kB)
    Total RW  Size (RW Data + ZI Data)              7912 (   7.73kB)
    Total ROM Size (Code + RO Data + RW Data)      23932 (  23.37kB)

==============================================================================

